Archive member included to satisfy reference by file (symbol)

/opt/devkitpro/libgba/lib/libmm.a(mm_mas.o)
                              input_sample.o (mmStart)
/opt/devkitpro/libgba/lib/libmm.a(mm_main.o)
                              /opt/devkitpro/libgba/lib/libmm.a(mm_mas.o) (mmCallback)
/opt/devkitpro/libgba/lib/libmm.a(mm_mas_arm.o)
                              /opt/devkitpro/libgba/lib/libmm.a(mm_mas.o) (mmAllocChannel)
/opt/devkitpro/libgba/lib/libmm.a(mm_mixer_gba.o)
                              input_sample.o (mmVBlank)
/opt/devkitpro/libgba/lib/libmm.a(mm_init_default.o)
                              input_sample.o (mmInitDefault)
/opt/devkitpro/libgba/lib/libmm.a(mm_main_gba.o)
                              /opt/devkitpro/libgba/lib/libmm.a(mm_mixer_gba.o) (mm_vblank_function)
/opt/devkitpro/libgba/lib/libmm.a(mm_effect.o)
                              /opt/devkitpro/libgba/lib/libmm.a(mm_main_gba.o) (mmResetEffects)
/opt/devkitpro/libgba/lib/libgba.a(console.o)
                              input_sample.o (consoleDemoInit)
/opt/devkitpro/libgba/lib/libgba.a(CpuSet.o)
                              /opt/devkitpro/libgba/lib/libgba.a(console.o) (CpuFastSet)
/opt/devkitpro/libgba/lib/libgba.a(input.o)
                              input_sample.o (scanKeys)
/opt/devkitpro/libgba/lib/libgba.a(interrupt.o)
                              input_sample.o (irqInit)
/opt/devkitpro/libgba/lib/libgba.a(InterruptDispatcher.o)
                              /opt/devkitpro/libgba/lib/libgba.a(interrupt.o) (IntrMain)
/opt/devkitpro/libgba/lib/libgba.a(amiga.fnt.o)
                              /opt/devkitpro/libgba/lib/libgba.a(console.o) (amiga_fnt)
/opt/devkitpro/devkitARM/lib/gcc/arm-none-eabi/16.1.0/thumb/libgcc.a(_call_via_rX.o)
                              /opt/devkitpro/libgba/lib/libmm.a(mm_main_gba.o) (_call_via_r1)
/opt/devkitpro/devkitARM/lib/gcc/arm-none-eabi/16.1.0/thumb/libgcc.a(_sync_none.o)
                              (__sync_synchronize_none)
/opt/devkitpro/devkitARM/lib/gcc/arm-none-eabi/16.1.0/../../../../arm-none-eabi/lib/thumb/libg.a(libc_a-setvbuf.o)
                              /opt/devkitpro/libgba/lib/libgba.a(console.o) (setvbuf)
/opt/devkitpro/devkitARM/lib/gcc/arm-none-eabi/16.1.0/../../../../arm-none-eabi/lib/thumb/libg.a(libc_a-findfp.o)
                              /opt/devkitpro/devkitARM/lib/gcc/arm-none-eabi/16.1.0/../../../../arm-none-eabi/lib/thumb/libg.a(libc_a-setvbuf.o) (__sinit)
/opt/devkitpro/devkitARM/lib/gcc/arm-none-eabi/16.1.0/../../../../arm-none-eabi/lib/thumb/libg.a(libc_a-init.o)
                              /opt/devkitpro/devkitARM/lib/gcc/arm-none-eabi/16.1.0/../../../../arm-none-eabi/lib/thumb/gba_crt0.o (__libc_init_array)
/opt/devkitpro/devkitARM/lib/gcc/arm-none-eabi/16.1.0/../../../../arm-none-eabi/lib/thumb/libg.a(libc_a-malloc.o)
                              /opt/devkitpro/libgba/lib/libmm.a(mm_init_default.o) (malloc)
/opt/devkitpro/devkitARM/lib/gcc/arm-none-eabi/16.1.0/../../../../arm-none-eabi/lib/thumb/libg.a(libc_a-siscanf.o)
                              /opt/devkitpro/libgba/lib/libgba.a(console.o) (siscanf)
/opt/devkitpro/devkitARM/lib/gcc/arm-none-eabi/16.1.0/../../../../arm-none-eabi/lib/thumb/libg.a(libc_a-stdio.o)
                              /opt/devkitpro/devkitARM/lib/gcc/arm-none-eabi/16.1.0/../../../../arm-none-eabi/lib/thumb/libg.a(libc_a-findfp.o) (__sread)
/opt/devkitpro/devkitARM/lib/gcc/arm-none-eabi/16.1.0/../../../../arm-none-eabi/lib/thumb/libg.a(libc_a-iprintf.o)
                              input_sample.o (iprintf)
/opt/devkitpro/devkitARM/lib/gcc/arm-none-eabi/16.1.0/../../../../arm-none-eabi/lib/thumb/libg.a(libc_a-fclose.o)
                              /opt/devkitpro/devkitARM/lib/gcc/arm-none-eabi/16.1.0/../../../../arm-none-eabi/lib/thumb/libg.a(libc_a-findfp.o) (_fclose_r)
/opt/devkitpro/devkitARM/lib/gcc/arm-none-eabi/16.1.0/../../../../arm-none-eabi/lib/thumb/libg.a(libc_a-vfiprintf.o)
                              /opt/devkitpro/devkitARM/lib/gcc/arm-none-eabi/16.1.0/../../../../arm-none-eabi/lib/thumb/libg.a(libc_a-iprintf.o) (_vfiprintf_r)
/opt/devkitpro/devkitARM/lib/gcc/arm-none-eabi/16.1.0/../../../../arm-none-eabi/lib/thumb/libg.a(libc_a-strlen.o)
                              /opt/devkitpro/devkitARM/lib/gcc/arm-none-eabi/16.1.0/../../../../arm-none-eabi/lib/thumb/libg.a(libc_a-siscanf.o) (strlen)
/opt/devkitpro/devkitARM/lib/gcc/arm-none-eabi/16.1.0/../../../../arm-none-eabi/lib/thumb/libg.a(libc_a-impure.o)
                              /opt/devkitpro/devkitARM/lib/gcc/arm-none-eabi/16.1.0/../../../../arm-none-eabi/lib/thumb/libg.a(libc_a-findfp.o) (_impure_data)
/opt/devkitpro/devkitARM/lib/gcc/arm-none-eabi/16.1.0/../../../../arm-none-eabi/lib/thumb/libg.a(libc_a-fwalk.o)
                              /opt/devkitpro/devkitARM/lib/gcc/arm-none-eabi/16.1.0/../../../../arm-none-eabi/lib/thumb/libg.a(libc_a-findfp.o) (_fwalk_sglue)
[...]
Memory Configuration

Name             Origin             Length             Attributes
rom              0x08000000         0x02000000
iwram            0x03000000         0x00008000
ewram            0x02000000         0x00040000
*default*        0x00000000         0xffffffff

Linker script and memory map

                0x00000000                        __sync_synchronize = __sync_synchronize_none
                0x08000000                        __text_start = ORIGIN (rom)
                0x02040000                        __eheap_end = (ORIGIN (ewram) + LENGTH (ewram))
                0x03000000                        __iwram_start = ORIGIN (iwram)
                0x03008000                        __iwram_top = (ORIGIN (iwram) + LENGTH (iwram))
                0x03007fa0                        __sp_irq = (__iwram_top - 0x60)
                0x03007f00                        __sp_usr = (__sp_irq - 0xa0)
                0x03007ff8                        __irq_flags = 0x3007ff8
                0x08000000                        . = __text_start

.crt0           0x08000000      0x210
 *(.crt0)
 .crt0          0x08000000      0x210 /opt/devkitpro/devkitARM/lib/gcc/arm-none-eabi/16.1.0/../../../../arm-none-eabi/lib/thumb/gba_crt0.o
                0x08000000                _start
                0x080000c4                __boot_method
                0x080000c5                __slave_number
                0x080000e0                start_vector
                0x08000210                        . = ALIGN (0x4)

.init           0x08000210        0xc
 *(SORT_NONE(.init))
 .init          0x08000210        0x4 /opt/devkitpro/devkitARM/lib/gcc/arm-none-eabi/16.1.0/thumb/crti.o
                0x08000210                _init
 .init          0x08000214        0x8 /opt/devkitpro/devkitARM/lib/gcc/arm-none-eabi/16.1.0/thumb/crtn.o

.plt            0x0800021c        0x0
 *(.plt)
                0x0800021c                        . = ALIGN (0x4)

.text           0x08000220     0x9540
 *(EXCLUDE_FILE(*.iwram*) .text*)
 .text.__do_global_dtors_aux
                0x08000220       0x2c /opt/devkitpro/devkitARM/lib/gcc/arm-none-eabi/16.1.0/thumb/crtbegin.o
 .text.frame_dummy
                0x0800024c       0x24 /opt/devkitpro/devkitARM/lib/gcc/arm-none-eabi/16.1.0/thumb/crtbegin.o
 .text.startup  0x08000270      0x19c input_sample.o
                0x08000270                main
 .text          0x0800040c     0x1570 /opt/devkitpro/libgba/lib/libmm.a(mm_mas.o)
                0x08000480                mmStart
                0x080004a0                mmJingle
                0x080004a6                mmPlayModule
                0x08000570                mmPause
                0x0800058c                mmResume
                0x0800059c                mmActive
                0x080005a2                mmActiveSub
                0x080005a8                mmSetModuleVolume
                0x080005b8                mmSetJingleVolume
                0x080005f4                mmGetPositionTick
                0x080005fa                mmGetPositionRow
                0x08000600                mmGetPosition
                0x08000606                mmPosition
                0x08000620                mmSetModuleTempo
                0x08000652                mmSetModulePitch
                0x08000694                mmStop
                0x0800075a                mppUpdateSub
                0x080008b6                mpp_Process_VolumeCommand
                0x08000aee                mpp_Process_Effect
                0x0800123c                ST3_FREQTABLE
                0x0800165c                IT_PitchTable
 .text          0x0800197c       0x14 /opt/devkitpro/libgba/lib/libmm.a(mm_main.o)
                0x0800197c                mpp_call_r7
                0x0800197e                mpp_call_r1
                0x08001980                mpp_call_r2
                0x08001982                mpp_call_r3
                0x08001984                mmSetEventHandler
 .text          0x08001990      0x1e0 /opt/devkitpro/libgba/lib/libmm.a(mm_mixer_gba.o)
                0x08001990                mmMixerSetSource
                0x080019a4                mmMixerSetRead
                0x080019b2                mmMixerSetFreq
                0x080019c2                mmMixerMulFreq
                0x080019d6                mmMixerStopChannel
                0x080019e8                mmMixerChannelActive
                0x080019fa                mmMixerSetVolume
                0x08001a08                mmMixerSetPan
                0x08001a16                mmMixerInit
 .text          0x08001b70       0x44 /opt/devkitpro/libgba/lib/libmm.a(mm_init_default.o)
                0x08001b70                mmInitDefault
 .text          0x08001bb4      0x12c /opt/devkitpro/libgba/lib/libmm.a(mm_main_gba.o)
                0x08001bb4                mmInit
                0x08001c08                mmSetVBlankHandler
                0x08001c0e                mmFrame
 .text          0x08001ce0      0x314 /opt/devkitpro/libgba/lib/libmm.a(mm_effect.o)
                0x08001ce0                mmResetEffects
                0x08001d0c                mmEffect
                0x08001d22                mmEffectEx
                0x08001e22                mmEffectActive
                0x08001e56                mmEffectVolume
                0x08001e72                mmEffectPanning
                0x08001e86                mmEffectRate
                0x08001e9a                mmEffectCancel
                0x08001ed4                mmEffectRelease
                0x08001efa                mmEffectScaleRate
                0x08001f0e                mmSetEffectsVolume
                0x08001f1c                mmEffectCancelAll
                0x08001f5c                mmUpdateEffects
 .text          0x08001ff4      0x4b8 /opt/devkitpro/libgba/lib/libgba.a(console.o)
                0x08001ff4                con_read
                0x08001ffc                con_close
                0x08002004                con_open
                0x08002010                con_write
                0x08002234                consoleCls
                0x08002264                upcvt_4bit
                0x080022bc                consoleInit
                0x080023b0                consoleDemoInit
                0x080023f0                consolePrintChar
 .text          0x080024ac        0x8 /opt/devkitpro/libgba/lib/libgba.a(CpuSet.o)
                0x080024ac                CpuSet
                0x080024b0                CpuFastSet
 .text          0x080024b4       0xc0 /opt/devkitpro/libgba/lib/libgba.a(input.o)
                0x080024b4                setRepeat
                0x080024c0                scanKeys
                0x08002538                keysDownRepeat
                0x08002548                keysDown
                0x08002558                keysUp
                0x08002568                keysHeld
 .text          0x08002574      0x3c4 /opt/devkitpro/libgba/lib/libgba.a(interrupt.o)
                0x08002574                dummy
                0x08002578                InitInterrupt
                0x080025d4                irqInit
                0x08002630                SetInterrupt
                0x08002718                irqSet
                0x08002800                EnableInterrupt
                0x0800284c                irqEnable
                0x080028a0                DisableInterrupt
                0x080028ec                irqDisable
 .text          0x08002938       0x3c /opt/devkitpro/devkitARM/lib/gcc/arm-none-eabi/16.1.0/thumb/libgcc.a(_call_via_rX.o)
                0x08002938                _call_via_r0
                0x0800293c                _call_via_r1
                0x08002940                _call_via_r2
                0x08002944                _call_via_r3
                0x08002948                _call_via_r4
                0x0800294c                _call_via_r5
                0x08002950                _call_via_r6
                0x08002954                _call_via_r7
                0x08002958                _call_via_r8
                0x0800295c                _call_via_r9
                0x08002960                _call_via_sl
                0x08002964                _call_via_fp
                0x08002968                _call_via_ip
                0x0800296c                _call_via_sp
                0x08002970                _call_via_lr
 .text.setvbuf  0x08002974      0x1ac /opt/devkitpro/devkitARM/lib/gcc/arm-none-eabi/16.1.0/../../../../arm-none-eabi/lib/thumb/libg.a(libc_a-setvbuf.o)
                0x08002974                setvbuf
 .text.stdio_exit_handler
                0x08002b20       0x20 /opt/devkitpro/devkitARM/lib/gcc/arm-none-eabi/16.1.0/../../../../arm-none-eabi/lib/thumb/libg.a(libc_a-findfp.o)
 .text.cleanup_stdio
                0x08002b40       0x40 /opt/devkitpro/devkitARM/lib/gcc/arm-none-eabi/16.1.0/../../../../arm-none-eabi/lib/thumb/libg.a(libc_a-findfp.o)
 .text.global_stdio_init.part.0
                0x08002b80      0x120 /opt/devkitpro/devkitARM/lib/gcc/arm-none-eabi/16.1.0/../../../../arm-none-eabi/lib/thumb/libg.a(libc_a-findfp.o)
 .text.__sinit  0x08002ca0       0x3c /opt/devkitpro/devkitARM/lib/gcc/arm-none-eabi/16.1.0/../../../../arm-none-eabi/lib/thumb/libg.a(libc_a-findfp.o)
                0x08002ca0                __sinit
 .text.__sfp_lock_acquire
                0x08002cdc       0x14 /opt/devkitpro/devkitARM/lib/gcc/arm-none-eabi/16.1.0/../../../../arm-none-eabi/lib/thumb/libg.a(libc_a-findfp.o)
                0x08002cdc                __sfp_lock_acquire
 .text.__sfp_lock_release
                0x08002cf0       0x14 /opt/devkitpro/devkitARM/lib/gcc/arm-none-eabi/16.1.0/../../../../arm-none-eabi/lib/thumb/libg.a(libc_a-findfp.o)
                0x08002cf0                __sfp_lock_release
 .text.__libc_init_array
                0x08002d04       0x54 /opt/devkitpro/devkitARM/lib/gcc/arm-none-eabi/16.1.0/../../../../arm-none-eabi/lib/thumb/libg.a(libc_a-init.o)
                0x08002d04                __libc_init_array
 .text.malloc   0x08002d58       0x28 /opt/devkitpro/devkitARM/lib/gcc/arm-none-eabi/16.1.0/../../../../arm-none-eabi/lib/thumb/libg.a(libc_a-malloc.o)
                0x08002d58                malloc
 .text.free     0x08002d80       0x14 /opt/devkitpro/devkitARM/lib/gcc/arm-none-eabi/16.1.0/../../../../arm-none-eabi/lib/thumb/libg.a(libc_a-malloc.o)
                0x08002d80                free
 .text.siscanf  0x08002d94       0x50 /opt/devkitpro/devkitARM/lib/gcc/arm-none-eabi/16.1.0/../../../../arm-none-eabi/lib/thumb/libg.a(libc_a-siscanf.o)
                0x08002d94                siscanf
 .text.__sread  0x08002de4       0x34 /opt/devkitpro/devkitARM/lib/gcc/arm-none-eabi/16.1.0/../../../../arm-none-eabi/lib/thumb/libg.a(libc_a-stdio.o)
                0x08002de4                __sread
 .text.__seofread
                0x08002e18        0x4 /opt/devkitpro/devkitARM/lib/gcc/arm-none-eabi/16.1.0/../../../../arm-none-eabi/lib/thumb/libg.a(libc_a-stdio.o)
                0x08002e18                __seofread
 .text.__swrite
                0x08002e1c       0x4c /opt/devkitpro/devkitARM/lib/gcc/arm-none-eabi/16.1.0/../../../../arm-none-eabi/lib/thumb/libg.a(libc_a-stdio.o)
                0x08002e1c                __swrite
 .text.__sseek  0x08002e68       0x3c /opt/devkitpro/devkitARM/lib/gcc/arm-none-eabi/16.1.0/../../../../arm-none-eabi/lib/thumb/libg.a(libc_a-stdio.o)
                0x08002e68                __sseek
 .text.__sclose
                0x08002ea4       0x10 /opt/devkitpro/devkitARM/lib/gcc/arm-none-eabi/16.1.0/../../../../arm-none-eabi/lib/thumb/libg.a(libc_a-stdio.o)
                0x08002ea4                __sclose
 .text.iprintf  0x08002eb4       0x28 /opt/devkitpro/devkitARM/lib/gcc/arm-none-eabi/16.1.0/../../../../arm-none-eabi/lib/thumb/libg.a(libc_a-iprintf.o)
                0x08002eb4                iprintf
 .text._fclose_r
                0x08002edc       0xe0 /opt/devkitpro/devkitARM/lib/gcc/arm-none-eabi/16.1.0/../../../../arm-none-eabi/lib/thumb/libg.a(libc_a-fclose.o)
                0x08002edc                _fclose_r
 .text.get_arg  0x08002fbc      0x404 /opt/devkitpro/devkitARM/lib/gcc/arm-none-eabi/16.1.0/../../../../arm-none-eabi/lib/thumb/libg.a(libc_a-vfiprintf.o)
 .text._vfiprintf_r
                0x080033c0     0x16d8 /opt/devkitpro/devkitARM/lib/gcc/arm-none-eabi/16.1.0/../../../../arm-none-eabi/lib/thumb/libg.a(libc_a-vfiprintf.o)
                0x080033c0                _vfiprintf_r
 .text.__sbprintf
                0x08004a98       0x7c /opt/devkitpro/devkitARM/lib/gcc/arm-none-eabi/16.1.0/../../../../arm-none-eabi/lib/thumb/libg.a(libc_a-vfiprintf.o)
 .text.strlen   0x08004b14       0x60 /opt/devkitpro/devkitARM/lib/gcc/arm-none-eabi/16.1.0/../../../../arm-none-eabi/lib/thumb/libg.a(libc_a-strlen.o)
                0x08004b14                strlen
 .text._fwalk_sglue
                0x08004b74       0x4c /opt/devkitpro/devkitARM/lib/gcc/arm-none-eabi/16.1.0/../../../../arm-none-eabi/lib/thumb/libg.a(libc_a-fwalk.o)
                0x08004b74                _fwalk_sglue
 .text._wcrtomb_r
                0x08004bc0       0x88 /opt/devkitpro/devkitARM/lib/gcc/arm-none-eabi/16.1.0/../../../../arm-none-eabi/lib/thumb/libg.a(libc_a-wcrtomb.o)
                0x08004bc0                _wcrtomb_r
 .text._memalign_r
                0x08004c48      0x118 /opt/devkitpro/devkitARM/lib/gcc/arm-none-eabi/16.1.0/../../../../arm-none-eabi/lib/thumb/libg.a(libc_a-malignr.o)
                0x08004c48                _memalign_r
 .text.__smakebuf_r
                0x08004d60       0xe0 /opt/devkitpro/devkitARM/lib/gcc/arm-none-eabi/16.1.0/../../../../arm-none-eabi/lib/thumb/libg.a(libc_a-makebuf.o)
                0x08004d60                __smakebuf_r
 .text.__swhatbuf_r
                0x08004e40       0x5c /opt/devkitpro/devkitARM/lib/gcc/arm-none-eabi/16.1.0/../../../../arm-none-eabi/lib/thumb/libg.a(libc_a-makebuf.o)
                0x08004e40                __swhatbuf_r
 .text.__locale_mb_cur_max
                0x08004e9c       0x20 /opt/devkitpro/devkitARM/lib/gcc/arm-none-eabi/16.1.0/../../../../arm-none-eabi/lib/thumb/libg.a(libc_a-locale.o)
                0x08004e9c                __locale_mb_cur_max
 .text.memset   0x08004ebc       0x8c /opt/devkitpro/devkitARM/lib/gcc/arm-none-eabi/16.1.0/../../../../arm-none-eabi/lib/thumb/libg.a(libc_a-memset.o)
                0x08004ebc                memset
 .text.__sflush_r
                0x08004f48      0x180 /opt/devkitpro/devkitARM/lib/gcc/arm-none-eabi/16.1.0/../../../../arm-none-eabi/lib/thumb/libg.a(libc_a-fflush.o)
                0x08004f48                __sflush_r
 .text._fflush_r
                0x080050c8       0x70 /opt/devkitpro/devkitARM/lib/gcc/arm-none-eabi/16.1.0/../../../../arm-none-eabi/lib/thumb/libg.a(libc_a-fflush.o)
                0x080050c8                _fflush_r
 .text.__sprint_r
                0x08005138       0x24 /opt/devkitpro/devkitARM/lib/gcc/arm-none-eabi/16.1.0/../../../../arm-none-eabi/lib/thumb/libg.a(libc_a-sprint_r.o)
                0x08005138                __sprint_r
 .text._malloc_r
                0x0800515c      0x550 /opt/devkitpro/devkitARM/lib/gcc/arm-none-eabi/16.1.0/../../../../arm-none-eabi/lib/thumb/libg.a(libc_a-mallocr.o)
                0x0800515c                _malloc_r
 .text._malloc_trim_r
                0x080056ac       0xac /opt/devkitpro/devkitARM/lib/gcc/arm-none-eabi/16.1.0/../../../../arm-none-eabi/lib/thumb/libg.a(libc_a-freer.o)
                0x080056ac                _malloc_trim_r
 .text._free_r  0x08005758      0x1d8 /opt/devkitpro/devkitARM/lib/gcc/arm-none-eabi/16.1.0/../../../../arm-none-eabi/lib/thumb/libg.a(libc_a-freer.o)
                0x08005758                _free_r
 .text.get_arg  0x08005930       0x3e /opt/devkitpro/devkitARM/lib/gcc/arm-none-eabi/16.1.0/../../../../arm-none-eabi/lib/thumb/libg.a(libc_a-svfiscanf.o)
 .text._sungetc_r
                0x0800596e       0x7e /opt/devkitpro/devkitARM/lib/gcc/arm-none-eabi/16.1.0/../../../../arm-none-eabi/lib/thumb/libg.a(libc_a-svfiscanf.o)
                0x0800596e                _sungetc_r
 .text.__ssrefill_r
                0x080059ec       0x42 /opt/devkitpro/devkitARM/lib/gcc/arm-none-eabi/16.1.0/../../../../arm-none-eabi/lib/thumb/libg.a(libc_a-svfiscanf.o)
                0x080059ec                __ssrefill_r
 .text._sfread_r
                0x08005a2e       0x88 /opt/devkitpro/devkitARM/lib/gcc/arm-none-eabi/16.1.0/../../../../arm-none-eabi/lib/thumb/libg.a(libc_a-svfiscanf.o)
                0x08005a2e                _sfread_r
 *fill*         0x08005ab6        0x2 ff
 .text.__ssvfiscanf_r
                0x08005ab8     0x19d8 /opt/devkitpro/devkitARM/lib/gcc/arm-none-eabi/16.1.0/../../../../arm-none-eabi/lib/thumb/libg.a(libc_a-svfiscanf.o)
                0x08005ab8                __ssvfiscanf_r
 .text._strtol_l.part.0
                0x08007490      0x25c /opt/devkitpro/devkitARM/lib/gcc/arm-none-eabi/16.1.0/../../../../arm-none-eabi/lib/thumb/libg.a(libc_a-strtol.o)
 .text._strtol_r
                0x080076ec       0x34 /opt/devkitpro/devkitARM/lib/gcc/arm-none-eabi/16.1.0/../../../../arm-none-eabi/lib/thumb/libg.a(libc_a-strtol.o)
                0x080076ec                _strtol_r
 .text.strncpy  0x08007720       0x68 /opt/devkitpro/devkitARM/lib/gcc/arm-none-eabi/16.1.0/../../../../arm-none-eabi/lib/thumb/libg.a(libc_a-strncpy.o)
                0x08007720                strncpy
 .text.memchr   0x08007788       0x74 /opt/devkitpro/devkitARM/lib/gcc/arm-none-eabi/16.1.0/../../../../arm-none-eabi/lib/thumb/libg.a(libc_a-memchr-stub.o)
                0x08007788                memchr
 .text._wcsrtombs_r
                0x080077fc       0x20 /opt/devkitpro/devkitARM/lib/gcc/arm-none-eabi/16.1.0/../../../../arm-none-eabi/lib/thumb/libg.a(libc_a-wcsrtombs.o)
                0x080077fc                _wcsrtombs_r
 .text.__swsetup_r
                0x0800781c       0xd4 /opt/devkitpro/devkitARM/lib/gcc/arm-none-eabi/16.1.0/../../../../arm-none-eabi/lib/thumb/libg.a(libc_a-wsetup.o)
                0x0800781c                __swsetup_r
 .text._localeconv_r
                0x080078f0       0x20 /opt/devkitpro/devkitARM/lib/gcc/arm-none-eabi/16.1.0/../../../../arm-none-eabi/lib/thumb/libg.a(libc_a-localeconv.o)
                0x080078f0                _localeconv_r
 .text.__malloc_lock
                0x08007910       0x14 /opt/devkitpro/devkitARM/lib/gcc/arm-none-eabi/16.1.0/../../../../arm-none-eabi/lib/thumb/libg.a(libc_a-mlock.o)
                0x08007910                __malloc_lock
 .text.__malloc_unlock
                0x08007924       0x14 /opt/devkitpro/devkitARM/lib/gcc/arm-none-eabi/16.1.0/../../../../arm-none-eabi/lib/thumb/libg.a(libc_a-mlock.o)
                0x08007924                __malloc_unlock
 .text.__utf8_wctomb
                0x08007938       0xbc /opt/devkitpro/devkitARM/lib/gcc/arm-none-eabi/16.1.0/../../../../arm-none-eabi/lib/thumb/libg.a(libc_a-wctomb_r.o)
                0x08007938                __utf8_wctomb
 .text._wcsnrtombs_l
                0x080079f4      0x120 /opt/devkitpro/devkitARM/lib/gcc/arm-none-eabi/16.1.0/../../../../arm-none-eabi/lib/thumb/libg.a(libc_a-wcsnrtombs.o)
                0x080079f4                _wcsnrtombs_l
 .text._wcsnrtombs_r
                0x08007b14       0x40 /opt/devkitpro/devkitARM/lib/gcc/arm-none-eabi/16.1.0/../../../../arm-none-eabi/lib/thumb/libg.a(libc_a-wcsnrtombs.o)
                0x08007b14                _wcsnrtombs_r
 .text.memcpy   0x08007b54       0xac /opt/devkitpro/devkitARM/lib/gcc/arm-none-eabi/16.1.0/../../../../arm-none-eabi/lib/thumb/libg.a(libc_a-memcpy-stub.o)
                0x08007b54                memcpy
 .text.iswspace
                0x08007c00       0x10 /opt/devkitpro/devkitARM/lib/gcc/arm-none-eabi/16.1.0/../../../../arm-none-eabi/lib/thumb/libg.a(libc_a-iswspace.o)
                0x08007c00                iswspace
 .text._strtoull_l.isra.0
                0x08007c10      0x1c0 /opt/devkitpro/devkitARM/lib/gcc/arm-none-eabi/16.1.0/../../../../arm-none-eabi/lib/thumb/libg.a(libc_a-strtoull.o)
 .text._strtoull_r
                0x08007dd0       0x20 /opt/devkitpro/devkitARM/lib/gcc/arm-none-eabi/16.1.0/../../../../arm-none-eabi/lib/thumb/libg.a(libc_a-strtoull.o)
                0x08007dd0                _strtoull_r
 .text._strtoul_l.isra.0
                0x08007df0      0x150 /opt/devkitpro/devkitARM/lib/gcc/arm-none-eabi/16.1.0/../../../../arm-none-eabi/lib/thumb/libg.a(libc_a-strtoul.o)
 .text._strtoul_r
                0x08007f40       0x20 /opt/devkitpro/devkitARM/lib/gcc/arm-none-eabi/16.1.0/../../../../arm-none-eabi/lib/thumb/libg.a(libc_a-strtoul.o)
                0x08007f40                _strtoul_r
 .text.__submore
                0x08007f60       0x7c /opt/devkitpro/devkitARM/lib/gcc/arm-none-eabi/16.1.0/../../../../arm-none-eabi/lib/thumb/libg.a(libc_a-ungetc.o)
                0x08007f60                __submore
 .text.__utf8_mbtowc
                0x08007fdc      0x24c /opt/devkitpro/devkitARM/lib/gcc/arm-none-eabi/16.1.0/../../../../arm-none-eabi/lib/thumb/libg.a(libc_a-mbtowc_r.o)
                0x08007fdc                __utf8_mbtowc
 .text._mbrtowc_r
                0x08008228       0x9c /opt/devkitpro/devkitARM/lib/gcc/arm-none-eabi/16.1.0/../../../../arm-none-eabi/lib/thumb/libg.a(libc_a-mbrtowc.o)
                0x08008228                _mbrtowc_r
 .text.__sfvwrite_r
                0x080082c4      0x31c /opt/devkitpro/devkitARM/lib/gcc/arm-none-eabi/16.1.0/../../../../arm-none-eabi/lib/thumb/libg.a(libc_a-fvwrite.o)
                0x080082c4                __sfvwrite_r
 .text.__sccl   0x080085e0       0xb0 /opt/devkitpro/devkitARM/lib/gcc/arm-none-eabi/16.1.0/../../../../arm-none-eabi/lib/thumb/libg.a(libc_a-sccl.o)
                0x080085e0                __sccl
 .text.__errno  0x08008690        0xc /opt/devkitpro/devkitARM/lib/gcc/arm-none-eabi/16.1.0/../../../../arm-none-eabi/lib/thumb/libg.a(libc_a-errno.o)
                0x08008690                __errno
 .text._strtoll_l.isra.0
                0x0800869c      0x300 /opt/devkitpro/devkitARM/lib/gcc/arm-none-eabi/16.1.0/../../../../arm-none-eabi/lib/thumb/libg.a(libc_a-strtoll.o)
 .text._strtoll_r
                0x0800899c       0x20 /opt/devkitpro/devkitARM/lib/gcc/arm-none-eabi/16.1.0/../../../../arm-none-eabi/lib/thumb/libg.a(libc_a-strtoll.o)
                0x0800899c                _strtoll_r
 .text.realloc  0x080089bc       0x18 /opt/devkitpro/devkitARM/lib/gcc/arm-none-eabi/16.1.0/../../../../arm-none-eabi/lib/thumb/libg.a(libc_a-realloc.o)
                0x080089bc                realloc
 .text.memmove  0x080089d4      0x108 /opt/devkitpro/devkitARM/lib/gcc/arm-none-eabi/16.1.0/../../../../arm-none-eabi/lib/thumb/libg.a(libc_a-memmove.o)
                0x080089d4                memmove
 .text._realloc_r
                0x08008adc      0x344 /opt/devkitpro/devkitARM/lib/gcc/arm-none-eabi/16.1.0/../../../../arm-none-eabi/lib/thumb/libg.a(libc_a-reallocr.o)
                0x08008adc                _realloc_r
 .text.iswspace_l
                0x08008e20       0x28 /opt/devkitpro/devkitARM/lib/gcc/arm-none-eabi/16.1.0/../../../../arm-none-eabi/lib/thumb/libg.a(libc_a-iswspace_l.o)
                0x08008e20                iswspace_l
 .text.category
                0x08008e48       0x5c /opt/devkitpro/devkitARM/lib/gcc/arm-none-eabi/16.1.0/../../../../arm-none-eabi/lib/thumb/libg.a(libc_a-categories.o)
                0x08008e48                category
 .text._fstat_r
                0x08008ea4       0x5c /opt/devkitpro/devkitARM/lib/gcc/arm-none-eabi/16.1.0/../../../../arm-none-eabi/lib/thumb/libsysbase.a(libsysbase_libsysbase_a-fstat.o)
                0x08008ea4                _fstat_r
 .text.__getreent
                0x08008f00       0x20 /opt/devkitpro/devkitARM/lib/gcc/arm-none-eabi/16.1.0/../../../../arm-none-eabi/lib/thumb/libsysbase.a(libsysbase_libsysbase_a-getreent.o)
                0x08008f00                __getreent
 .text.__get_handle
                0x08008f20       0x34 /opt/devkitpro/devkitARM/lib/gcc/arm-none-eabi/16.1.0/../../../../arm-none-eabi/lib/thumb/libsysbase.a(libsysbase_libsysbase_a-handle_manager.o)
                0x08008f20                __get_handle
 .text._close_r
                0x08008f54       0xb0 /opt/devkitpro/devkitARM/lib/gcc/arm-none-eabi/16.1.0/../../../../arm-none-eabi/lib/thumb/libsysbase.a(libsysbase_libsysbase_a-handle_manager.o)
                0x08008f54                _close_r
 .text.null_write
                0x08009004        0x4 /opt/devkitpro/devkitARM/lib/gcc/arm-none-eabi/16.1.0/../../../../arm-none-eabi/lib/thumb/libsysbase.a(libsysbase_libsysbase_a-iosupport.o)
 .text._isatty_r
                0x08009008        0x4 /opt/devkitpro/devkitARM/lib/gcc/arm-none-eabi/16.1.0/../../../../arm-none-eabi/lib/thumb/libsysbase.a(libsysbase_libsysbase_a-isatty.o)
                0x08009008                _isatty_r
 .text._lseek_r
                0x0800900c       0x64 /opt/devkitpro/devkitARM/lib/gcc/arm-none-eabi/16.1.0/../../../../arm-none-eabi/lib/thumb/libsysbase.a(libsysbase_libsysbase_a-lseek.o)
                0x0800900c                _lseek_r
 .text._read_r  0x08009070       0x5c /opt/devkitpro/devkitARM/lib/gcc/arm-none-eabi/16.1.0/../../../../arm-none-eabi/lib/thumb/libsysbase.a(libsysbase_libsysbase_a-read.o)
                0x08009070                _read_r
 .text._sbrk_r  0x080090cc       0x50 /opt/devkitpro/devkitARM/lib/gcc/arm-none-eabi/16.1.0/../../../../arm-none-eabi/lib/thumb/libsysbase.a(libsysbase_libsysbase_a-sbrk.o)
                0x080090cc                _sbrk_r
 .text.__libc_lock_acquire
                0x0800911c       0x18 /opt/devkitpro/devkitARM/lib/gcc/arm-none-eabi/16.1.0/../../../../arm-none-eabi/lib/thumb/libsysbase.a(libsysbase_libsysbase_a-syscall_support.o)
                0x0800911c                __libc_lock_acquire
 .text.__libc_lock_release
                0x08009134       0x18 /opt/devkitpro/devkitARM/lib/gcc/arm-none-eabi/16.1.0/../../../../arm-none-eabi/lib/thumb/libsysbase.a(libsysbase_libsysbase_a-syscall_support.o)
                0x08009134                __libc_lock_release
 .text.__libc_lock_acquire_recursive
                0x0800914c       0x18 /opt/devkitpro/devkitARM/lib/gcc/arm-none-eabi/16.1.0/../../../../arm-none-eabi/lib/thumb/libsysbase.a(libsysbase_libsysbase_a-syscall_support.o)
                0x0800914c                __libc_lock_acquire_recursive
 .text.__libc_lock_release_recursive
                0x08009164       0x18 /opt/devkitpro/devkitARM/lib/gcc/arm-none-eabi/16.1.0/../../../../arm-none-eabi/lib/thumb/libsysbase.a(libsysbase_libsysbase_a-syscall_support.o)
                0x08009164                __libc_lock_release_recursive
 .text._write_r
                0x0800917c       0x5c /opt/devkitpro/devkitARM/lib/gcc/arm-none-eabi/16.1.0/../../../../arm-none-eabi/lib/thumb/libsysbase.a(libsysbase_libsysbase_a-write.o)
                0x0800917c                _write_r
 .text          0x080091d8       0x14 /opt/devkitpro/devkitARM/lib/gcc/arm-none-eabi/16.1.0/thumb/libgcc.a(_thumb1_case_uqi.o)
                0x080091d8                __gnu_thumb1_case_uqi
 .text          0x080091ec       0x14 /opt/devkitpro/devkitARM/lib/gcc/arm-none-eabi/16.1.0/thumb/libgcc.a(_thumb1_case_uhi.o)
                0x080091ec                __gnu_thumb1_case_uhi
 .text          0x08009200      0x11c /opt/devkitpro/devkitARM/lib/gcc/arm-none-eabi/16.1.0/thumb/libgcc.a(_udivsi3.o)
                0x08009200                __udivsi3
                0x08009200                __aeabi_uidiv
                0x080092fc                __aeabi_uidivmod
 .text          0x0800931c      0x150 /opt/devkitpro/devkitARM/lib/gcc/arm-none-eabi/16.1.0/thumb/libgcc.a(_divsi3.o)
                0x0800931c                __aeabi_idiv
                0x0800931c                __divsi3
                0x0800944c                __aeabi_idivmod
 .text          0x0800946c        0x4 /opt/devkitpro/devkitARM/lib/gcc/arm-none-eabi/16.1.0/thumb/libgcc.a(_dvmd_tls.o)
                0x0800946c                __aeabi_ldiv0
                0x0800946c                __aeabi_idiv0
 .text          0x08009470       0x3c /opt/devkitpro/devkitARM/lib/gcc/arm-none-eabi/16.1.0/thumb/libgcc.a(_aeabi_uldivmod.o)
                0x08009470                __aeabi_uldivmod
 .text.__muldi3
                0x080094ac       0x58 /opt/devkitpro/devkitARM/lib/gcc/arm-none-eabi/16.1.0/thumb/libgcc.a(_muldi3.o)
                0x080094ac                __aeabi_lmul
                0x080094ac                __muldi3
 .text.__udivmoddi4
                0x08009504      0x194 /opt/devkitpro/devkitARM/lib/gcc/arm-none-eabi/16.1.0/thumb/libgcc.a(_udivmoddi4.o)
                0x08009504                __udivmoddi4
 .text          0x08009698       0x28 /opt/devkitpro/devkitARM/lib/gcc/arm-none-eabi/16.1.0/thumb/libgcc.a(_clzdi2.o)
                0x08009698                __clzdi2
 .text          0x080096c0       0x48 /opt/devkitpro/devkitARM/lib/gcc/arm-none-eabi/16.1.0/thumb/libgcc.a(_clzsi2.o)
                0x080096c0                __clzsi2
 .text.__stub   0x08009708       0x4c linker stubs
 *(.gnu.linkonce.t.*)
 *(.text.*personality*)
 *(.gnu.warning)
 *(.glue_7t)
 .glue_7t       0x08009754        0x0 linker stubs
 *(.glue_7)
 .glue_7        0x08009754        0x0 linker stubs
 *(.vfp11_veneer)
 .vfp11_veneer  0x08009754        0x0 linker stubs
                0x08009754                        . = ALIGN (0x4)
                0x08009760                        __text_end = .

.v4_bx          0x08009760        0x0
 .v4_bx         0x08009760        0x0 linker stubs

.iplt           0x08009760        0x0
 .iplt          0x08009760        0x0 /opt/devkitpro/devkitARM/lib/gcc/arm-none-eabi/16.1.0/../../../../arm-none-eabi/lib/thumb/gba_crt0.o

.fini           0x08009760        0xc
 *(.fini)
 .fini          0x08009760        0x4 /opt/devkitpro/devkitARM/lib/gcc/arm-none-eabi/16.1.0/thumb/crti.o
                0x08009760                _fini
 .fini          0x08009764        0x8 /opt/devkitpro/devkitARM/lib/gcc/arm-none-eabi/16.1.0/thumb/crtn.o
                0x0800976c                        . = ALIGN (0x4)

.rodata         0x0800976c     0xdc90
 *(.rodata)
 .rodata        0x0800976c       0x84 input_sample.o
 .rodata        0x080097f0      0x1d4 /opt/devkitpro/libgba/lib/libgba.a(console.o)
                0x080098c4                dotab_stderr
                0x08009944                dotab_stdout
 *all.rodata*(*)
 *(.roda)
 *(.rodata.*)
 .rodata.soundbank_bin
                0x080099c4     0x955c soundbank.bin.o
                0x080099c4                soundbank_bin
                0x08012f20                soundbank_bin_end
 .rodata.str1.4
                0x08012f20      0x118 input_sample.o
                                 0x9a (size before relaxing)
 .rodata.str1.4
                0x08013038        0x0 /opt/devkitpro/libgba/lib/libgba.a(console.o)
                                 0x2c (size before relaxing)
 .rodata.amiga_fnt
                0x08013038      0x800 /opt/devkitpro/libgba/lib/libgba.a(amiga.fnt.o)
                0x08013038                amiga_fnt
                0x08013838                amiga_fnt_end
 .rodata._vfiprintf_r.str1.1
                0x08013838       0x29 /opt/devkitpro/devkitARM/lib/gcc/arm-none-eabi/16.1.0/../../../../arm-none-eabi/lib/thumb/libg.a(libc_a-vfiprintf.o)
 *fill*         0x08013861        0x3 ff
 .rodata.zeroes.0
                0x08013864       0x10 /opt/devkitpro/devkitARM/lib/gcc/arm-none-eabi/16.1.0/../../../../arm-none-eabi/lib/thumb/libg.a(libc_a-vfiprintf.o)
 .rodata.blanks.1
                0x08013874       0x10 /opt/devkitpro/devkitARM/lib/gcc/arm-none-eabi/16.1.0/../../../../arm-none-eabi/lib/thumb/libg.a(libc_a-vfiprintf.o)
 .rodata.__action_table
                0x08013884       0x6c /opt/devkitpro/devkitARM/lib/gcc/arm-none-eabi/16.1.0/../../../../arm-none-eabi/lib/thumb/libg.a(libc_a-svfiprintf.o)
                0x08013884                __action_table
 .rodata.__state_table
                0x080138f0       0x6c /opt/devkitpro/devkitARM/lib/gcc/arm-none-eabi/16.1.0/../../../../arm-none-eabi/lib/thumb/libg.a(libc_a-svfiprintf.o)
                0x080138f0                __state_table
 .rodata.__chclass
                0x0801395c      0x100 /opt/devkitpro/devkitARM/lib/gcc/arm-none-eabi/16.1.0/../../../../arm-none-eabi/lib/thumb/libg.a(libc_a-svfiprintf.o)
                0x0801395c                __chclass
 .rodata.str1.4
                0x08013a5c        0x0 /opt/devkitpro/devkitARM/lib/gcc/arm-none-eabi/16.1.0/../../../../arm-none-eabi/lib/thumb/libg.a(libc_a-locale.o)
                                 0x4c (size before relaxing)
 .rodata.basefix.0
                0x08013a5c       0x22 /opt/devkitpro/devkitARM/lib/gcc/arm-none-eabi/16.1.0/../../../../arm-none-eabi/lib/thumb/libg.a(libc_a-svfiscanf.o)
 *fill*         0x08013a7e        0x2 ff
 .rodata._ctype_
                0x08013a80      0x101 /opt/devkitpro/devkitARM/lib/gcc/arm-none-eabi/16.1.0/../../../../arm-none-eabi/lib/thumb/libg.a(libc_a-ctype_.o)
                0x08013a80                _ctype_
 .rodata._mbrtowc_r.str1.4
                0x08013b81        0x0 /opt/devkitpro/devkitARM/lib/gcc/arm-none-eabi/16.1.0/../../../../arm-none-eabi/lib/thumb/libg.a(libc_a-mbrtowc.o)
                                  0x1 (size before relaxing)
 *fill*         0x08013b81        0x3 ff
 .rodata.categories
                0x08013b84     0x37f8 /opt/devkitpro/devkitARM/lib/gcc/arm-none-eabi/16.1.0/../../../../arm-none-eabi/lib/thumb/libg.a(libc_a-categories.o)
 .rodata.str1.4
                0x0801737c        0x0 /opt/devkitpro/devkitARM/lib/gcc/arm-none-eabi/16.1.0/../../../../arm-none-eabi/lib/thumb/libsysbase.a(libsysbase_libsysbase_a-iosupport.o)
                                  0x8 (size before relaxing)
 .rodata.dotab_stdnull
                0x0801737c       0x80 /opt/devkitpro/devkitARM/lib/gcc/arm-none-eabi/16.1.0/../../../../arm-none-eabi/lib/thumb/libsysbase.a(libsysbase_libsysbase_a-iosupport.o)
                0x0801737c                dotab_stdnull
 *(.gnu.linkonce.r*)
                0x080173fc                        . = ALIGN (0x4)

.ARM.extab
 *(.ARM.extab* .gnu.linkonce.armextab.*)
                0x080173fc                        __exidx_start = .

.ARM.exidx
 *(.ARM.exidx* .gnu.linkonce.armexidx.*)
                0x080173fc                        __exidx_end = .

.ctors          0x080173fc        0x0
 *crtbegin.o(.ctors)
 *(EXCLUDE_FILE(*crtend.o) .ctors)
 *(SORT_BY_NAME(.ctors.*))
 *(.ctors)
                0x080173fc                        . = ALIGN (0x4)

.dtors          0x080173fc        0x0
 *crtbegin.o(.dtors)
 *(EXCLUDE_FILE(*crtend.o) .dtors)
 *(SORT_BY_NAME(.dtors.*))
 *(.dtors)
                0x080173fc                        . = ALIGN (0x4)

.eh_frame       0x080173fc        0x4
 *(.eh_frame)
 .eh_frame      0x080173fc        0x0 /opt/devkitpro/devkitARM/lib/gcc/arm-none-eabi/16.1.0/thumb/crtbegin.o
 .eh_frame      0x080173fc        0x4 /opt/devkitpro/devkitARM/lib/gcc/arm-none-eabi/16.1.0/thumb/crtend.o
                0x08017400                        . = ALIGN (0x4)

.gcc_except_table
                0x08017400        0x0
 *(.gcc_except_table)
                0x08017400                        . = ALIGN (0x4)
                0x08017400                        __iwram_lma = .

.iwram          0x03000000     0x1494 load address 0x08017400
                0x03000000                        __iwram_start__ = ABSOLUTE (.)
 *(.iwram .iwram*)
 .iwram         0x03000000      0x554 /opt/devkitpro/libgba/lib/libmm.a(mm_mas.o)
                0x03000000                mppProcessTick
                0x030000e4                mpp_Channel_NewNote
                0x030001c4                mpp_Update_ACHN_notest
 .iwram         0x03000554      0x648 /opt/devkitpro/libgba/lib/libmm.a(mm_mas_arm.o)
                0x03000554                mmAllocChannel
                0x030005c8                mmReadPattern
                0x030006b4                mmUpdateChannel_T0
                0x030008f4                mmUpdateChannel_TN
                0x03000a94                mmGetPeriod
                0x03000ad8                note_table_oct
                0x03000af6                note_table_mod
 .iwram         0x03000b9c      0x838 /opt/devkitpro/libgba/lib/libmm.a(mm_mixer_gba.o)
                0x03000ba0                mmVBlank
                0x03000c24                mmMixerMix
 .iwram         0x030013d4        0x8 /opt/devkitpro/libgba/lib/libmm.a(mm_main_gba.o)
                0x030013d4                mpp_call_r7i
                0x030013d6                mpp_call_r2i
                0x030013d8                mpp_call_r1i
 .iwram         0x030013dc       0xb8 /opt/devkitpro/libgba/lib/libgba.a(InterruptDispatcher.o)
                0x030013dc                IntrMain
 *iwram.*(.text* .data*)
                0x03001494                        . = ALIGN (0x4)
                0x03001494                        __iwram_end__ = ABSOLUTE (.)
                0x08018894                        __data_lma = (__iwram_lma + SIZEOF (.iwram))

.bss            0x03001494      0x9e8
                0x03001494                        __bss_start = ABSOLUTE (.)
                0x03001494                        __bss_start__ = ABSOLUTE (.)
 *(.dynbss)
 *(.gnu.linkonce.b*)
 *(.bss*)
 .bss.completed.1
                0x03001494        0x1 /opt/devkitpro/devkitARM/lib/gcc/arm-none-eabi/16.1.0/thumb/crtbegin.o
 *fill*         0x03001495        0x3 
 .bss.object.0  0x03001498       0x18 /opt/devkitpro/devkitARM/lib/gcc/arm-none-eabi/16.1.0/thumb/crtbegin.o
 .bss           0x030014b0      0x148 /opt/devkitpro/libgba/lib/libmm.a(mm_mas.o)
                0x030014b0                mmLayerMain
                0x030014e8                mmLayerSub
                0x03001520                mpp_vars
                0x03001530                mpp_layerp
                0x03001534                mpp_channels
                0x03001544                mpp_nchannels
                0x03001545                mpp_clayer
                0x03001548                mm_achannels
                0x0300154c                mm_pchannels
                0x03001550                mm_num_mch
                0x03001554                mm_num_ach
                0x03001558                mm_schannels
 .bss           0x030015f8        0x8 /opt/devkitpro/libgba/lib/libmm.a(mm_main.o)
                0x030015f8                mmCallback
                0x030015fc                mm_ch_mask
 .bss           0x03001600      0x1bc /opt/devkitpro/libgba/lib/libmm.a(mm_mixer_gba.o)
                0x03001600                mp_writepos
                0x03001608                mm_mixchannels
                0x03001610                mm_mixlen
                0x03001624                mm_bpmdv
                0x03001628                mp_mix_seg
 .bss           0x030017bc      0x420 /opt/devkitpro/libgba/lib/libmm.a(mm_init_default.o)
 .bss           0x03001bdc        0x8 /opt/devkitpro/libgba/lib/libmm.a(mm_main_gba.o)
                0x03001bdc                mm_vblank_function
                0x03001be0                mp_solution
 .bss           0x03001be4       0x2d /opt/devkitpro/libgba/lib/libmm.a(mm_effect.o)
                0x03001c08                mm_sfx_bitmask
                0x03001c0c                mm_sfx_clearmask
 *fill*         0x03001c11        0x3 
 .bss           0x03001c14       0x1c /opt/devkitpro/libgba/lib/libgba.a(console.o)
 .bss           0x03001c30        0xa /opt/devkitpro/libgba/lib/libgba.a(input.o)
 *fill*         0x03001c3a        0x2 
 .bss           0x03001c3c       0x78 /opt/devkitpro/libgba/lib/libgba.a(interrupt.o)
                0x03001c3c                IntrTable
 .bss.__sfp_recursive_mutex
                0x03001cb4        0xc /opt/devkitpro/devkitARM/lib/gcc/arm-none-eabi/16.1.0/../../../../arm-none-eabi/lib/thumb/libg.a(libc_a-findfp.o)
 .bss.__sf      0x03001cc0      0x168 /opt/devkitpro/devkitARM/lib/gcc/arm-none-eabi/16.1.0/../../../../arm-none-eabi/lib/thumb/libg.a(libc_a-findfp.o)
                0x03001cc0                __sf
 .bss.__stdio_exit_handler
                0x03001e28        0x4 /opt/devkitpro/devkitARM/lib/gcc/arm-none-eabi/16.1.0/../../../../arm-none-eabi/lib/thumb/libg.a(libc_a-findfp.o)
                0x03001e28                __stdio_exit_handler
 .bss.__malloc_current_mallinfo
                0x03001e2c       0x28 /opt/devkitpro/devkitARM/lib/gcc/arm-none-eabi/16.1.0/../../../../arm-none-eabi/lib/thumb/libg.a(libc_a-mallocr.o)
                0x03001e2c                __malloc_current_mallinfo
 .bss.__malloc_max_total_mem
                0x03001e54        0x4 /opt/devkitpro/devkitARM/lib/gcc/arm-none-eabi/16.1.0/../../../../arm-none-eabi/lib/thumb/libg.a(libc_a-mallocr.o)
                0x03001e54                __malloc_max_total_mem
 .bss.__malloc_max_sbrked_mem
                0x03001e58        0x4 /opt/devkitpro/devkitARM/lib/gcc/arm-none-eabi/16.1.0/../../../../arm-none-eabi/lib/thumb/libg.a(libc_a-mallocr.o)
                0x03001e58                __malloc_max_sbrked_mem
 .bss.__malloc_top_pad
                0x03001e5c        0x4 /opt/devkitpro/devkitARM/lib/gcc/arm-none-eabi/16.1.0/../../../../arm-none-eabi/lib/thumb/libg.a(libc_a-mallocr.o)
                0x03001e5c                __malloc_top_pad
 .bss.__malloc_recursive_mutex
                0x03001e60        0xc /opt/devkitpro/devkitARM/lib/gcc/arm-none-eabi/16.1.0/../../../../arm-none-eabi/lib/thumb/libg.a(libc_a-mlock.o)
 .bss.__hndl_lock
                0x03001e6c        0x4 /opt/devkitpro/devkitARM/lib/gcc/arm-none-eabi/16.1.0/../../../../arm-none-eabi/lib/thumb/libsysbase.a(libsysbase_libsysbase_a-handle_manager.o)
 .bss.fake_heap_start
                0x03001e70        0x4 /opt/devkitpro/devkitARM/lib/gcc/arm-none-eabi/16.1.0/../../../../arm-none-eabi/lib/thumb/libsysbase.a(libsysbase_libsysbase_a-malloc_vars.o)
                0x03001e70                fake_heap_start
 .bss.fake_heap_end
                0x03001e74        0x4 /opt/devkitpro/devkitARM/lib/gcc/arm-none-eabi/16.1.0/../../../../arm-none-eabi/lib/thumb/libsysbase.a(libsysbase_libsysbase_a-malloc_vars.o)
                0x03001e74                fake_heap_end
 .bss.heap_start.0
                0x03001e78        0x4 /opt/devkitpro/devkitARM/lib/gcc/arm-none-eabi/16.1.0/../../../../arm-none-eabi/lib/thumb/libsysbase.a(libsysbase_libsysbase_a-sbrk.o)
 *(COMMON)
                0x03001e7c                        . = ALIGN (0x4)
                0x03001e7c                        __bss_end__ = ABSOLUTE (.)

.data           0x03001e7c     0x192c load address 0x08018894
                0x03001e7c                        __data_start__ = ABSOLUTE (.)
 *(.data*)
 .data          0x03001e7c        0x3 /opt/devkitpro/libgba/lib/libgba.a(input.o)
 *fill*         0x03001e7f        0x1 ff
 .data.__sglue  0x03001e80        0xc /opt/devkitpro/devkitARM/lib/gcc/arm-none-eabi/16.1.0/../../../../arm-none-eabi/lib/thumb/libg.a(libc_a-findfp.o)
                0x03001e80                __sglue
 .data._impure_ptr
                0x03001e8c        0x4 /opt/devkitpro/devkitARM/lib/gcc/arm-none-eabi/16.1.0/../../../../arm-none-eabi/lib/thumb/libg.a(libc_a-impure.o)
                0x03001e8c                _impure_ptr
 .data._impure_data
                0x03001e90      0x200 /opt/devkitpro/devkitARM/lib/gcc/arm-none-eabi/16.1.0/../../../../arm-none-eabi/lib/thumb/libg.a(libc_a-impure.o)
                0x03001e90                _impure_data
 .data.__global_locale
                0x03002090      0x254 /opt/devkitpro/devkitARM/lib/gcc/arm-none-eabi/16.1.0/../../../../arm-none-eabi/lib/thumb/libg.a(libc_a-locale.o)
                0x03002090                __global_locale
 .data.__malloc_sbrk_base
                0x030022e4        0x4 /opt/devkitpro/devkitARM/lib/gcc/arm-none-eabi/16.1.0/../../../../arm-none-eabi/lib/thumb/libg.a(libc_a-mallocr.o)
                0x030022e4                __malloc_sbrk_base
 .data.__malloc_trim_threshold
                0x030022e8        0x4 /opt/devkitpro/devkitARM/lib/gcc/arm-none-eabi/16.1.0/../../../../arm-none-eabi/lib/thumb/libg.a(libc_a-mallocr.o)
                0x030022e8                __malloc_trim_threshold
 *fill*         0x030022ec        0x4 ff
 .data.__malloc_av_
                0x030022f0      0x408 /opt/devkitpro/devkitARM/lib/gcc/arm-none-eabi/16.1.0/../../../../arm-none-eabi/lib/thumb/libg.a(libc_a-mallocr.o)
                0x030022f0                __malloc_av_
 .data.handles  0x030026f8     0x1000 /opt/devkitpro/devkitARM/lib/gcc/arm-none-eabi/16.1.0/../../../../arm-none-eabi/lib/thumb/libsysbase.a(libsysbase_libsysbase_a-handle_manager.o)
 .data.__stderr_handle
                0x030036f8        0xc /opt/devkitpro/devkitARM/lib/gcc/arm-none-eabi/16.1.0/../../../../arm-none-eabi/lib/thumb/libsysbase.a(libsysbase_libsysbase_a-handle_manager.o)
 .data.__stdout_handle
                0x03003704        0xc /opt/devkitpro/devkitARM/lib/gcc/arm-none-eabi/16.1.0/../../../../arm-none-eabi/lib/thumb/libsysbase.a(libsysbase_libsysbase_a-handle_manager.o)
 .data.__stdin_handle
                0x03003710        0xc /opt/devkitpro/devkitARM/lib/gcc/arm-none-eabi/16.1.0/../../../../arm-none-eabi/lib/thumb/libsysbase.a(libsysbase_libsysbase_a-handle_manager.o)
 .data.devoptab_list
                0x0300371c       0x8c /opt/devkitpro/devkitARM/lib/gcc/arm-none-eabi/16.1.0/../../../../arm-none-eabi/lib/thumb/libsysbase.a(libsysbase_libsysbase_a-iosupport.o)
                0x0300371c                devoptab_list
 *(.gnu.linkonce.d*)
                0x030037a8                        . = ALIGN (0x4)
                0x0801a1c0                        __preinit_lma = (__data_lma + SIZEOF (.data))

.igot.plt       0x030037a8        0x0 load address 0x0801a1c0
 .igot.plt      0x030037a8        0x0 /opt/devkitpro/devkitARM/lib/gcc/arm-none-eabi/16.1.0/../../../../arm-none-eabi/lib/thumb/gba_crt0.o

.preinit_array  0x030037a8        0x0 load address 0x0801a1c0
                0x030037a8                        __preinit_array_start = ABSOLUTE (.)
 *(.preinit_array)
                0x030037a8                        __preinit_array_end = ABSOLUTE (.)
                0x0801a1c0                        __init_lma = (__preinit_lma + SIZEOF (.preinit_array))

.init_array     0x030037a8        0x4 load address 0x0801a1c0
                0x030037a8                        __init_array_start = ABSOLUTE (.)
 *(SORT_BY_NAME(.init_array.*))
 *(.init_array)
 .init_array    0x030037a8        0x4 /opt/devkitpro/devkitARM/lib/gcc/arm-none-eabi/16.1.0/thumb/crtbegin.o
                0x030037ac                        __init_array_end = ABSOLUTE (.)
                0x0801a1c4                        __fini_lma = (__init_lma + SIZEOF (.init_array))

.fini_array     0x030037ac        0x4 load address 0x0801a1c4
                0x030037ac                        __fini_array_start = ABSOLUTE (.)
 *(SORT_BY_NAME(.fini_array.*))
 *(.fini_array)
 .fini_array    0x030037ac        0x4 /opt/devkitpro/devkitARM/lib/gcc/arm-none-eabi/16.1.0/thumb/crtbegin.o
                0x030037b0                        __fini_array_end = ABSOLUTE (.)
                0x0801a1c8                        __jcr_lma = (__fini_lma + SIZEOF (.fini_array))

.jcr
 *(.jcr)
                0x030037b0                        __data_end__ = ABSOLUTE (.)
                0x0801a1c8                        __iwram_overlay_lma = (__jcr_lma + SIZEOF (.jcr))
                0x030037b0                        __iwram_overlay_start = .

.iwram0         0x030037b0        0x0 load address 0x0801a1c8
 *(.iwram0)
                0x030037b0                        . = ALIGN (0x4)
                0x0801a1c8                        PROVIDE (__load_start_iwram0 = LOADADDR (.iwram0))
                0x0801a1c8                        PROVIDE (__load_stop_iwram0 = (LOADADDR (.iwram0) + SIZEOF (.iwram0)))

.iwram1         0x030037b0        0x0
 *(.iwram1)
                0x030037b0                        . = ALIGN (0x4)
                [!provide]                        PROVIDE (__load_start_iwram1 = LOADADDR (.iwram1))
                [!provide]                        PROVIDE (__load_stop_iwram1 = (LOADADDR (.iwram1) + SIZEOF (.iwram1)))

.iwram2         0x030037b0        0x0
 *(.iwram2)
                0x030037b0                        . = ALIGN (0x4)
                [!provide]                        PROVIDE (__load_start_iwram2 = LOADADDR (.iwram2))
                [!provide]                        PROVIDE (__load_stop_iwram2 = (LOADADDR (.iwram2) + SIZEOF (.iwram2)))

.iwram3         0x030037b0        0x0
 *(.iwram3)
                0x030037b0                        . = ALIGN (0x4)
                [!provide]                        PROVIDE (__load_start_iwram3 = LOADADDR (.iwram3))
                [!provide]                        PROVIDE (__load_stop_iwram3 = (LOADADDR (.iwram3) + SIZEOF (.iwram3)))

.iwram4         0x030037b0        0x0
 *(.iwram4)
                0x030037b0                        . = ALIGN (0x4)
                [!provide]                        PROVIDE (__load_start_iwram4 = LOADADDR (.iwram4))
                [!provide]                        PROVIDE (__load_stop_iwram4 = (LOADADDR (.iwram4) + SIZEOF (.iwram4)))

.iwram5         0x030037b0        0x0
 *(.iwram5)
                0x030037b0                        . = ALIGN (0x4)
                [!provide]                        PROVIDE (__load_start_iwram5 = LOADADDR (.iwram5))
                [!provide]                        PROVIDE (__load_stop_iwram5 = (LOADADDR (.iwram5) + SIZEOF (.iwram5)))

.iwram6         0x030037b0        0x0
 *(.iwram6)
                0x030037b0                        . = ALIGN (0x4)
                [!provide]                        PROVIDE (__load_start_iwram6 = LOADADDR (.iwram6))
                [!provide]                        PROVIDE (__load_stop_iwram6 = (LOADADDR (.iwram6) + SIZEOF (.iwram6)))

.iwram7         0x030037b0        0x0
 *(.iwram7)
                0x030037b0                        . = ALIGN (0x4)
                [!provide]                        PROVIDE (__load_start_iwram7 = LOADADDR (.iwram7))
                [!provide]                        PROVIDE (__load_stop_iwram7 = (LOADADDR (.iwram7) + SIZEOF (.iwram7)))

.iwram8         0x030037b0        0x0
 *(.iwram8)
                0x030037b0                        . = ALIGN (0x4)
                [!provide]                        PROVIDE (__load_start_iwram8 = LOADADDR (.iwram8))
                [!provide]                        PROVIDE (__load_stop_iwram8 = (LOADADDR (.iwram8) + SIZEOF (.iwram8)))

.iwram9         0x030037b0        0x0
 *(.iwram9)
                0x030037b0                        . = ALIGN (0x4)
                [!provide]                        PROVIDE (__load_start_iwram9 = LOADADDR (.iwram9))
                [!provide]                        PROVIDE (__load_stop_iwram9 = (LOADADDR (.iwram9) + SIZEOF (.iwram9)))
                0x030037b0                        __iwram_overlay_end = .
                0x0801a1c8                        __ewram_lma = (__iwram_overlay_lma + (__iwram_overlay_end - __iwram_overlay_start))
                0x030037b0                        __iheap_start = .
                0x02000000                        __ewram_start = ORIGIN (ewram)

.ewram          0x02000000        0x0 load address 0x0801a1c8
 *(.ewram*)
                0x02000000                        . = ALIGN (0x4)
                0x02000000                        __ewram_end = ABSOLUTE (.)
                0x0801a1c8                        __pad_lma = (__ewram_lma + SIZEOF (.ewram))

.sbss           0x02000000        0x0
                0x02000000                        __sbss_start__ = ABSOLUTE (.)
 *(.sbss*)
                0x02000000                        . = ALIGN (0x4)
                0x02000000                        __sbss_end__ = ABSOLUTE (.)
                0x02000000                        __end__ = ABSOLUTE (.)
                0x02000000                        __eheap_start = ABSOLUTE (.)

.pad            0x02000000        0x8 load address 0x0801a1c8
                0x02000000        0x4 LONG 0x52416b64
                0x02000004        0x4 LONG 0x4d
                0x02000008                        . = ALIGN (0x4)
                0x0801a1d0                        __rom_end__ = (__pad_lma + SIZEOF (.pad))

.rel.dyn        0x02000008        0x0 load address 0x0801a1d0
 .rel.iplt      0x02000008        0x0 /opt/devkitpro/devkitARM/lib/gcc/arm-none-eabi/16.1.0/../../../../arm-none-eabi/lib/thumb/gba_crt0.o

.stab
 *(.stab)

.stabstr
 *(.stabstr)

.stab.excl
 *(.stab.excl)

.stab.exclstr
 *(.stab.exclstr)

.stab.index
 *(.stab.index)

.stab.indexstr
 *(.stab.indexstr)

.comment        0x00000000       0x3b
 *(.comment)
 .comment       0x00000000       0x3b /opt/devkitpro/devkitARM/lib/gcc/arm-none-eabi/16.1.0/thumb/crtbegin.o
                                 0x19 (size before relaxing)
 .comment       0x0000003b        0x0 input_sample.o
                                 0x19 (size before relaxing)
 .comment       0x0000003b        0x0 /opt/devkitpro/libgba/lib/libgba.a(console.o)
                                 0x24 (size before relaxing)
 .comment       0x0000003b        0x0 /opt/devkitpro/libgba/lib/libgba.a(CpuSet.o)
                                 0x24 (size before relaxing)
 .comment       0x0000003b        0x0 /opt/devkitpro/libgba/lib/libgba.a(input.o)
                                 0x24 (size before relaxing)
 .comment       0x0000003b        0x0 /opt/devkitpro/libgba/lib/libgba.a(interrupt.o)
                                 0x24 (size before relaxing)
 .comment       0x0000003b        0x0 /opt/devkitpro/devkitARM/lib/gcc/arm-none-eabi/16.1.0/thumb/libgcc.a(_muldi3.o)
                                 0x19 (size before relaxing)
 .comment       0x0000003b        0x0 /opt/devkitpro/devkitARM/lib/gcc/arm-none-eabi/16.1.0/thumb/libgcc.a(_udivmoddi4.o)
                                 0x19 (size before relaxing)
 .comment       0x0000003b        0x0 /opt/devkitpro/devkitARM/lib/gcc/arm-none-eabi/16.1.0/thumb/crtend.o
                                 0x19 (size before relaxing)

.debug
 *(.debug)

.line
 *(.line)

.debug_srcinfo
 *(.debug_srcinfo)

.debug_sfnames
 *(.debug_sfnames)

.debug_aranges  0x00000000      0x228
 *(.debug_aranges)
 .debug_aranges
                0x00000000       0x28 input_sample.o
 .debug_aranges
                0x00000028       0x20 /opt/devkitpro/libgba/lib/libgba.a(console.o)
 .debug_aranges
                0x00000048       0x20 /opt/devkitpro/libgba/lib/libgba.a(CpuSet.o)
 .debug_aranges
                0x00000068       0x20 /opt/devkitpro/libgba/lib/libgba.a(input.o)
 .debug_aranges
                0x00000088       0x20 /opt/devkitpro/libgba/lib/libgba.a(interrupt.o)
 .debug_aranges
                0x000000a8       0x20 /opt/devkitpro/libgba/lib/libgba.a(InterruptDispatcher.o)
 .debug_aranges
                0x000000c8       0x20 /opt/devkitpro/devkitARM/lib/gcc/arm-none-eabi/16.1.0/thumb/libgcc.a(_call_via_rX.o)
 .debug_aranges
                0x000000e8       0x20 /opt/devkitpro/devkitARM/lib/gcc/arm-none-eabi/16.1.0/thumb/libgcc.a(_thumb1_case_uqi.o)
 .debug_aranges
                0x00000108       0x20 /opt/devkitpro/devkitARM/lib/gcc/arm-none-eabi/16.1.0/thumb/libgcc.a(_thumb1_case_uhi.o)
 .debug_aranges
                0x00000128       0x20 /opt/devkitpro/devkitARM/lib/gcc/arm-none-eabi/16.1.0/thumb/libgcc.a(_udivsi3.o)
 .debug_aranges
                0x00000148       0x20 /opt/devkitpro/devkitARM/lib/gcc/arm-none-eabi/16.1.0/thumb/libgcc.a(_divsi3.o)
 .debug_aranges
                0x00000168       0x20 /opt/devkitpro/devkitARM/lib/gcc/arm-none-eabi/16.1.0/thumb/libgcc.a(_dvmd_tls.o)
 .debug_aranges
                0x00000188       0x20 /opt/devkitpro/devkitARM/lib/gcc/arm-none-eabi/16.1.0/thumb/libgcc.a(_aeabi_uldivmod.o)
 .debug_aranges
                0x000001a8       0x20 /opt/devkitpro/devkitARM/lib/gcc/arm-none-eabi/16.1.0/thumb/libgcc.a(_muldi3.o)
 .debug_aranges
                0x000001c8       0x20 /opt/devkitpro/devkitARM/lib/gcc/arm-none-eabi/16.1.0/thumb/libgcc.a(_udivmoddi4.o)
 .debug_aranges
                0x000001e8       0x20 /opt/devkitpro/devkitARM/lib/gcc/arm-none-eabi/16.1.0/thumb/libgcc.a(_clzdi2.o)
 .debug_aranges
                0x00000208       0x20 /opt/devkitpro/devkitARM/lib/gcc/arm-none-eabi/16.1.0/thumb/libgcc.a(_clzsi2.o)

.debug_pubnames
 *(.debug_pubnames)

.debug_info     0x00000000     0x34ad
 *(.debug_info)
 .debug_info    0x00000000      0x729 input_sample.o
 .debug_info    0x00000729     0x1b80 /opt/devkitpro/libgba/lib/libgba.a(console.o)
 .debug_info    0x000022a9      0x136 /opt/devkitpro/libgba/lib/libgba.a(CpuSet.o)
 .debug_info    0x000023df      0x246 /opt/devkitpro/libgba/lib/libgba.a(input.o)
 .debug_info    0x00002625      0x418 /opt/devkitpro/libgba/lib/libgba.a(interrupt.o)
 .debug_info    0x00002a3d       0x25 /opt/devkitpro/libgba/lib/libgba.a(InterruptDispatcher.o)
 .debug_info    0x00002a62       0xda /opt/devkitpro/devkitARM/lib/gcc/arm-none-eabi/16.1.0/thumb/libgcc.a(_call_via_rX.o)
 .debug_info    0x00002b3c       0x31 /opt/devkitpro/devkitARM/lib/gcc/arm-none-eabi/16.1.0/thumb/libgcc.a(_thumb1_case_uqi.o)
 .debug_info    0x00002b6d       0x31 /opt/devkitpro/devkitARM/lib/gcc/arm-none-eabi/16.1.0/thumb/libgcc.a(_thumb1_case_uhi.o)
 .debug_info    0x00002b9e       0x3e /opt/devkitpro/devkitARM/lib/gcc/arm-none-eabi/16.1.0/thumb/libgcc.a(_udivsi3.o)
 .debug_info    0x00002bdc       0x3e /opt/devkitpro/devkitARM/lib/gcc/arm-none-eabi/16.1.0/thumb/libgcc.a(_divsi3.o)
 .debug_info    0x00002c1a       0x3c /opt/devkitpro/devkitARM/lib/gcc/arm-none-eabi/16.1.0/thumb/libgcc.a(_dvmd_tls.o)
 .debug_info    0x00002c56       0x24 /opt/devkitpro/devkitARM/lib/gcc/arm-none-eabi/16.1.0/thumb/libgcc.a(_aeabi_uldivmod.o)
 .debug_info    0x00002c7a      0x427 /opt/devkitpro/devkitARM/lib/gcc/arm-none-eabi/16.1.0/thumb/libgcc.a(_muldi3.o)
 .debug_info    0x000030a1      0x3aa /opt/devkitpro/devkitARM/lib/gcc/arm-none-eabi/16.1.0/thumb/libgcc.a(_udivmoddi4.o)
 .debug_info    0x0000344b       0x31 /opt/devkitpro/devkitARM/lib/gcc/arm-none-eabi/16.1.0/thumb/libgcc.a(_clzdi2.o)
 .debug_info    0x0000347c       0x31 /opt/devkitpro/devkitARM/lib/gcc/arm-none-eabi/16.1.0/thumb/libgcc.a(_clzsi2.o)

.debug_abbrev   0x00000000      0xf41
 *(.debug_abbrev)
 .debug_abbrev  0x00000000      0x224 input_sample.o
 .debug_abbrev  0x00000224      0x547 /opt/devkitpro/libgba/lib/libgba.a(console.o)
 .debug_abbrev  0x0000076b       0xa6 /opt/devkitpro/libgba/lib/libgba.a(CpuSet.o)
 .debug_abbrev  0x00000811      0x12d /opt/devkitpro/libgba/lib/libgba.a(input.o)
 .debug_abbrev  0x0000093e      0x21f /opt/devkitpro/libgba/lib/libgba.a(interrupt.o)
 .debug_abbrev  0x00000b5d       0x14 /opt/devkitpro/libgba/lib/libgba.a(InterruptDispatcher.o)
 .debug_abbrev  0x00000b71       0x28 /opt/devkitpro/devkitARM/lib/gcc/arm-none-eabi/16.1.0/thumb/libgcc.a(_call_via_rX.o)
 .debug_abbrev  0x00000b99       0x28 /opt/devkitpro/devkitARM/lib/gcc/arm-none-eabi/16.1.0/thumb/libgcc.a(_thumb1_case_uqi.o)
 .debug_abbrev  0x00000bc1       0x28 /opt/devkitpro/devkitARM/lib/gcc/arm-none-eabi/16.1.0/thumb/libgcc.a(_thumb1_case_uhi.o)
 .debug_abbrev  0x00000be9       0x28 /opt/devkitpro/devkitARM/lib/gcc/arm-none-eabi/16.1.0/thumb/libgcc.a(_udivsi3.o)
 .debug_abbrev  0x00000c11       0x28 /opt/devkitpro/devkitARM/lib/gcc/arm-none-eabi/16.1.0/thumb/libgcc.a(_divsi3.o)
 .debug_abbrev  0x00000c39       0x26 /opt/devkitpro/devkitARM/lib/gcc/arm-none-eabi/16.1.0/thumb/libgcc.a(_dvmd_tls.o)
 .debug_abbrev  0x00000c5f       0x14 /opt/devkitpro/devkitARM/lib/gcc/arm-none-eabi/16.1.0/thumb/libgcc.a(_aeabi_uldivmod.o)
 .debug_abbrev  0x00000c73      0x158 /opt/devkitpro/devkitARM/lib/gcc/arm-none-eabi/16.1.0/thumb/libgcc.a(_muldi3.o)
 .debug_abbrev  0x00000dcb      0x126 /opt/devkitpro/devkitARM/lib/gcc/arm-none-eabi/16.1.0/thumb/libgcc.a(_udivmoddi4.o)
 .debug_abbrev  0x00000ef1       0x28 /opt/devkitpro/devkitARM/lib/gcc/arm-none-eabi/16.1.0/thumb/libgcc.a(_clzdi2.o)
 .debug_abbrev  0x00000f19       0x28 /opt/devkitpro/devkitARM/lib/gcc/arm-none-eabi/16.1.0/thumb/libgcc.a(_clzsi2.o)

.debug_line     0x00000000     0x2333
 *(.debug_line)
 .debug_line    0x00000000      0x321 input_sample.o
 .debug_line    0x00000321      0xbc3 /opt/devkitpro/libgba/lib/libgba.a(console.o)
 .debug_line    0x00000ee4      0x17e /opt/devkitpro/libgba/lib/libgba.a(CpuSet.o)
 .debug_line    0x00001062      0x2bf /opt/devkitpro/libgba/lib/libgba.a(input.o)
 .debug_line    0x00001321      0x950 /opt/devkitpro/libgba/lib/libgba.a(interrupt.o)
 .debug_line    0x00001c71       0x78 /opt/devkitpro/libgba/lib/libgba.a(InterruptDispatcher.o)
 .debug_line    0x00001ce9       0x58 /opt/devkitpro/devkitARM/lib/gcc/arm-none-eabi/16.1.0/thumb/libgcc.a(_call_via_rX.o)
 .debug_line    0x00001d41       0x52 /opt/devkitpro/devkitARM/lib/gcc/arm-none-eabi/16.1.0/thumb/libgcc.a(_thumb1_case_uqi.o)
 .debug_line    0x00001d93       0x53 /opt/devkitpro/devkitARM/lib/gcc/arm-none-eabi/16.1.0/thumb/libgcc.a(_thumb1_case_uhi.o)
 .debug_line    0x00001de6       0x67 /opt/devkitpro/devkitARM/lib/gcc/arm-none-eabi/16.1.0/thumb/libgcc.a(_udivsi3.o)
 .debug_line    0x00001e4d       0x73 /opt/devkitpro/devkitARM/lib/gcc/arm-none-eabi/16.1.0/thumb/libgcc.a(_divsi3.o)
 .debug_line    0x00001ec0       0x4a /opt/devkitpro/devkitARM/lib/gcc/arm-none-eabi/16.1.0/thumb/libgcc.a(_dvmd_tls.o)
 .debug_line    0x00001f0a       0x4e /opt/devkitpro/devkitARM/lib/gcc/arm-none-eabi/16.1.0/thumb/libgcc.a(_aeabi_uldivmod.o)
 .debug_line    0x00001f58      0x149 /opt/devkitpro/devkitARM/lib/gcc/arm-none-eabi/16.1.0/thumb/libgcc.a(_muldi3.o)
 .debug_line    0x000020a1      0x1e7 /opt/devkitpro/devkitARM/lib/gcc/arm-none-eabi/16.1.0/thumb/libgcc.a(_udivmoddi4.o)
 .debug_line    0x00002288       0x54 /opt/devkitpro/devkitARM/lib/gcc/arm-none-eabi/16.1.0/thumb/libgcc.a(_clzdi2.o)
 .debug_line    0x000022dc       0x57 /opt/devkitpro/devkitARM/lib/gcc/arm-none-eabi/16.1.0/thumb/libgcc.a(_clzsi2.o)

.debug_frame    0x00000000      0x388
 *(.debug_frame)
 .debug_frame   0x00000000       0x54 input_sample.o
 .debug_frame   0x00000054       0xf8 /opt/devkitpro/libgba/lib/libgba.a(console.o)
 .debug_frame   0x0000014c       0x30 /opt/devkitpro/libgba/lib/libgba.a(CpuSet.o)
 .debug_frame   0x0000017c       0x80 /opt/devkitpro/libgba/lib/libgba.a(input.o)
 .debug_frame   0x000001fc       0xb0 /opt/devkitpro/libgba/lib/libgba.a(interrupt.o)
 .debug_frame   0x000002ac       0x20 /opt/devkitpro/devkitARM/lib/gcc/arm-none-eabi/16.1.0/thumb/libgcc.a(_udivsi3.o)
 .debug_frame   0x000002cc       0x20 /opt/devkitpro/devkitARM/lib/gcc/arm-none-eabi/16.1.0/thumb/libgcc.a(_divsi3.o)
 .debug_frame   0x000002ec       0x2c /opt/devkitpro/devkitARM/lib/gcc/arm-none-eabi/16.1.0/thumb/libgcc.a(_aeabi_uldivmod.o)
 .debug_frame   0x00000318       0x34 /opt/devkitpro/devkitARM/lib/gcc/arm-none-eabi/16.1.0/thumb/libgcc.a(_muldi3.o)
 .debug_frame   0x0000034c       0x3c /opt/devkitpro/devkitARM/lib/gcc/arm-none-eabi/16.1.0/thumb/libgcc.a(_udivmoddi4.o)

.debug_str      0x00000000     0x1925
 *(.debug_str)
 .debug_str     0x00000000     0x1925 input_sample.o
                                0x3b2 (size before relaxing)
 .debug_str     0x00001925        0x0 /opt/devkitpro/libgba/lib/libgba.a(console.o)
                                0xbe5 (size before relaxing)
 .debug_str     0x00001925        0x0 /opt/devkitpro/libgba/lib/libgba.a(CpuSet.o)
                                0x1a9 (size before relaxing)
 .debug_str     0x00001925        0x0 /opt/devkitpro/libgba/lib/libgba.a(input.o)
                                0x236 (size before relaxing)
 .debug_str     0x00001925        0x0 /opt/devkitpro/libgba/lib/libgba.a(interrupt.o)
                                0x334 (size before relaxing)
 .debug_str     0x00001925        0x0 /opt/devkitpro/libgba/lib/libgba.a(InterruptDispatcher.o)
                                 0xba (size before relaxing)
 .debug_str     0x00001925        0x0 /opt/devkitpro/devkitARM/lib/gcc/arm-none-eabi/16.1.0/thumb/libgcc.a(_call_via_rX.o)
                                0x19e (size before relaxing)
 .debug_str     0x00001925        0x0 /opt/devkitpro/devkitARM/lib/gcc/arm-none-eabi/16.1.0/thumb/libgcc.a(_thumb1_case_uqi.o)
                                 0xf1 (size before relaxing)
 .debug_str     0x00001925        0x0 /opt/devkitpro/devkitARM/lib/gcc/arm-none-eabi/16.1.0/thumb/libgcc.a(_thumb1_case_uhi.o)
                                 0xf1 (size before relaxing)
 .debug_str     0x00001925        0x0 /opt/devkitpro/devkitARM/lib/gcc/arm-none-eabi/16.1.0/thumb/libgcc.a(_udivsi3.o)
                                 0xf6 (size before relaxing)
 .debug_str     0x00001925        0x0 /opt/devkitpro/devkitARM/lib/gcc/arm-none-eabi/16.1.0/thumb/libgcc.a(_divsi3.o)
                                 0xf4 (size before relaxing)
 .debug_str     0x00001925        0x0 /opt/devkitpro/devkitARM/lib/gcc/arm-none-eabi/16.1.0/thumb/libgcc.a(_dvmd_tls.o)
                                 0xf7 (size before relaxing)
 .debug_str     0x00001925        0x0 /opt/devkitpro/devkitARM/lib/gcc/arm-none-eabi/16.1.0/thumb/libgcc.a(_aeabi_uldivmod.o)
                                 0xd7 (size before relaxing)
 .debug_str     0x00001925        0x0 /opt/devkitpro/devkitARM/lib/gcc/arm-none-eabi/16.1.0/thumb/libgcc.a(_muldi3.o)
                                0x6ad (size before relaxing)
 .debug_str     0x00001925        0x0 /opt/devkitpro/devkitARM/lib/gcc/arm-none-eabi/16.1.0/thumb/libgcc.a(_udivmoddi4.o)
                                0x686 (size before relaxing)
 .debug_str     0x00001925        0x0 /opt/devkitpro/devkitARM/lib/gcc/arm-none-eabi/16.1.0/thumb/libgcc.a(_clzdi2.o)
                                 0xe4 (size before relaxing)
 .debug_str     0x00001925        0x0 /opt/devkitpro/devkitARM/lib/gcc/arm-none-eabi/16.1.0/thumb/libgcc.a(_clzsi2.o)
                                 0xe4 (size before relaxing)

.debug_loc
 *(.debug_loc)

.debug_macinfo
 *(.debug_macinfo)

.debug_weaknames
 *(.debug_weaknames)

.debug_funcnames
 *(.debug_funcnames)

.debug_typenames
 *(.debug_typenames)

.debug_varnames
 *(.debug_varnames)

.stack          0x00080000        0x0
                0x00080000                        _stack = .
 *(.stack)

.note.gnu.arm.ident
 *(.note.gnu.arm.ident)

.ARM.attributes
                0x00000000       0x2c
 *(.ARM.attributes)
 .ARM.attributes
                0x00000000       0x20 /opt/devkitpro/devkitARM/lib/gcc/arm-none-eabi/16.1.0/../../../../arm-none-eabi/lib/thumb/gba_crt0.o
 .ARM.attributes
                0x00000020       0x1c /opt/devkitpro/devkitARM/lib/gcc/arm-none-eabi/16.1.0/thumb/crti.o
 .ARM.attributes
                0x0000003c       0x2a /opt/devkitpro/devkitARM/lib/gcc/arm-none-eabi/16.1.0/thumb/crtbegin.o
 .ARM.attributes
                0x00000066       0x1a soundbank.bin.o
 .ARM.attributes
                0x00000080       0x2a input_sample.o
 .ARM.attributes
                0x000000aa       0x1a /opt/devkitpro/libgba/lib/libmm.a(mm_mas.o)
 .ARM.attributes
                0x000000c4       0x1a /opt/devkitpro/libgba/lib/libmm.a(mm_main.o)
 .ARM.attributes
                0x000000de       0x1a /opt/devkitpro/libgba/lib/libmm.a(mm_mas_arm.o)
 .ARM.attributes
                0x000000f8       0x1a /opt/devkitpro/libgba/lib/libmm.a(mm_mixer_gba.o)
 .ARM.attributes
                0x00000112       0x1a /opt/devkitpro/libgba/lib/libmm.a(mm_init_default.o)
 .ARM.attributes
                0x0000012c       0x1a /opt/devkitpro/libgba/lib/libmm.a(mm_main_gba.o)
 .ARM.attributes
                0x00000146       0x1a /opt/devkitpro/libgba/lib/libmm.a(mm_effect.o)
 .ARM.attributes
                0x00000160       0x2a /opt/devkitpro/libgba/lib/libgba.a(console.o)
 .ARM.attributes
                0x0000018a       0x2a /opt/devkitpro/libgba/lib/libgba.a(CpuSet.o)
 .ARM.attributes
                0x000001b4       0x2a /opt/devkitpro/libgba/lib/libgba.a(input.o)
 .ARM.attributes
                0x000001de       0x2a /opt/devkitpro/libgba/lib/libgba.a(interrupt.o)
 .ARM.attributes
                0x00000208       0x1a /opt/devkitpro/libgba/lib/libgba.a(InterruptDispatcher.o)
 .ARM.attributes
                0x00000222       0x1a /opt/devkitpro/libgba/lib/libgba.a(amiga.fnt.o)
 .ARM.attributes
                0x0000023c       0x1c /opt/devkitpro/devkitARM/lib/gcc/arm-none-eabi/16.1.0/thumb/libgcc.a(_call_via_rX.o)
 .ARM.attributes
                0x00000258       0x1c /opt/devkitpro/devkitARM/lib/gcc/arm-none-eabi/16.1.0/thumb/libgcc.a(_sync_none.o)
 .ARM.attributes
                0x00000274       0x2a /opt/devkitpro/devkitARM/lib/gcc/arm-none-eabi/16.1.0/../../../../arm-none-eabi/lib/thumb/libg.a(libc_a-setvbuf.o)
 .ARM.attributes
                0x0000029e       0x2a /opt/devkitpro/devkitARM/lib/gcc/arm-none-eabi/16.1.0/../../../../arm-none-eabi/lib/thumb/libg.a(libc_a-findfp.o)
 .ARM.attributes
                0x000002c8       0x2a /opt/devkitpro/devkitARM/lib/gcc/arm-none-eabi/16.1.0/../../../../arm-none-eabi/lib/thumb/libg.a(libc_a-init.o)
 .ARM.attributes
                0x000002f2       0x2a /opt/devkitpro/devkitARM/lib/gcc/arm-none-eabi/16.1.0/../../../../arm-none-eabi/lib/thumb/libg.a(libc_a-malloc.o)
 .ARM.attributes
                0x0000031c       0x2a /opt/devkitpro/devkitARM/lib/gcc/arm-none-eabi/16.1.0/../../../../arm-none-eabi/lib/thumb/libg.a(libc_a-siscanf.o)
 .ARM.attributes
                0x00000346       0x2a /opt/devkitpro/devkitARM/lib/gcc/arm-none-eabi/16.1.0/../../../../arm-none-eabi/lib/thumb/libg.a(libc_a-stdio.o)
 .ARM.attributes
                0x00000370       0x2a /opt/devkitpro/devkitARM/lib/gcc/arm-none-eabi/16.1.0/../../../../arm-none-eabi/lib/thumb/libg.a(libc_a-iprintf.o)
 .ARM.attributes
                0x0000039a       0x2a /opt/devkitpro/devkitARM/lib/gcc/arm-none-eabi/16.1.0/../../../../arm-none-eabi/lib/thumb/libg.a(libc_a-fclose.o)
 .ARM.attributes
                0x000003c4       0x2a /opt/devkitpro/devkitARM/lib/gcc/arm-none-eabi/16.1.0/../../../../arm-none-eabi/lib/thumb/libg.a(libc_a-vfiprintf.o)
 .ARM.attributes
                0x000003ee       0x2a /opt/devkitpro/devkitARM/lib/gcc/arm-none-eabi/16.1.0/../../../../arm-none-eabi/lib/thumb/libg.a(libc_a-strlen.o)
 .ARM.attributes
                0x00000418       0x2a /opt/devkitpro/devkitARM/lib/gcc/arm-none-eabi/16.1.0/../../../../arm-none-eabi/lib/thumb/libg.a(libc_a-impure.o)
 .ARM.attributes
                0x00000442       0x2a /opt/devkitpro/devkitARM/lib/gcc/arm-none-eabi/16.1.0/../../../../arm-none-eabi/lib/thumb/libg.a(libc_a-fwalk.o)
 .ARM.attributes
                0x0000046c       0x2a /opt/devkitpro/devkitARM/lib/gcc/arm-none-eabi/16.1.0/../../../../arm-none-eabi/lib/thumb/libg.a(libc_a-wcrtomb.o)
 .ARM.attributes
                0x00000496       0x2a /opt/devkitpro/devkitARM/lib/gcc/arm-none-eabi/16.1.0/../../../../arm-none-eabi/lib/thumb/libg.a(libc_a-svfiprintf.o)
 .ARM.attributes
                0x000004c0       0x2a /opt/devkitpro/devkitARM/lib/gcc/arm-none-eabi/16.1.0/../../../../arm-none-eabi/lib/thumb/libg.a(libc_a-ssprint_r.o)
 .ARM.attributes
                0x000004ea       0x2a /opt/devkitpro/devkitARM/lib/gcc/arm-none-eabi/16.1.0/../../../../arm-none-eabi/lib/thumb/libg.a(libc_a-malignr.o)
 .ARM.attributes
                0x00000514       0x2a /opt/devkitpro/devkitARM/lib/gcc/arm-none-eabi/16.1.0/../../../../arm-none-eabi/lib/thumb/libg.a(libc_a-makebuf.o)
 .ARM.attributes
                0x0000053e       0x2a /opt/devkitpro/devkitARM/lib/gcc/arm-none-eabi/16.1.0/../../../../arm-none-eabi/lib/thumb/libg.a(libc_a-locale.o)
 .ARM.attributes
                0x00000568       0x2a /opt/devkitpro/devkitARM/lib/gcc/arm-none-eabi/16.1.0/../../../../arm-none-eabi/lib/thumb/libg.a(libc_a-memset.o)
 .ARM.attributes
                0x00000592       0x2a /opt/devkitpro/devkitARM/lib/gcc/arm-none-eabi/16.1.0/../../../../arm-none-eabi/lib/thumb/libg.a(libc_a-fflush.o)
 .ARM.attributes
                0x000005bc       0x2a /opt/devkitpro/devkitARM/lib/gcc/arm-none-eabi/16.1.0/../../../../arm-none-eabi/lib/thumb/libg.a(libc_a-sprint_r.o)
 .ARM.attributes
                0x000005e6       0x2a /opt/devkitpro/devkitARM/lib/gcc/arm-none-eabi/16.1.0/../../../../arm-none-eabi/lib/thumb/libg.a(libc_a-mallocr.o)
 .ARM.attributes
                0x00000610       0x1a /opt/devkitpro/devkitARM/lib/gcc/arm-none-eabi/16.1.0/../../../../arm-none-eabi/lib/thumb/libg.a(libc_a-strcmp.o)
 .ARM.attributes
                0x0000062a       0x2a /opt/devkitpro/devkitARM/lib/gcc/arm-none-eabi/16.1.0/../../../../arm-none-eabi/lib/thumb/libg.a(libc_a-freer.o)
 .ARM.attributes
                0x00000654       0x2a /opt/devkitpro/devkitARM/lib/gcc/arm-none-eabi/16.1.0/../../../../arm-none-eabi/lib/thumb/libg.a(libc_a-svfiscanf.o)
 .ARM.attributes
                0x0000067e       0x2a /opt/devkitpro/devkitARM/lib/gcc/arm-none-eabi/16.1.0/../../../../arm-none-eabi/lib/thumb/libg.a(libc_a-strtol.o)
 .ARM.attributes
                0x000006a8       0x2a /opt/devkitpro/devkitARM/lib/gcc/arm-none-eabi/16.1.0/../../../../arm-none-eabi/lib/thumb/libg.a(libc_a-strncpy.o)
 .ARM.attributes
                0x000006d2       0x2a /opt/devkitpro/devkitARM/lib/gcc/arm-none-eabi/16.1.0/../../../../arm-none-eabi/lib/thumb/libg.a(libc_a-memchr-stub.o)
 .ARM.attributes
                0x000006fc       0x2a /opt/devkitpro/devkitARM/lib/gcc/arm-none-eabi/16.1.0/../../../../arm-none-eabi/lib/thumb/libg.a(libc_a-wcsrtombs.o)
 .ARM.attributes
                0x00000726       0x2a /opt/devkitpro/devkitARM/lib/gcc/arm-none-eabi/16.1.0/../../../../arm-none-eabi/lib/thumb/libg.a(libc_a-wsetup.o)
 .ARM.attributes
                0x00000750       0x2a /opt/devkitpro/devkitARM/lib/gcc/arm-none-eabi/16.1.0/../../../../arm-none-eabi/lib/thumb/libg.a(libc_a-getenv_r.o)
 .ARM.attributes
                0x0000077a       0x2a /opt/devkitpro/devkitARM/lib/gcc/arm-none-eabi/16.1.0/../../../../arm-none-eabi/lib/thumb/libg.a(libc_a-localeconv.o)
 .ARM.attributes
                0x000007a4       0x2a /opt/devkitpro/devkitARM/lib/gcc/arm-none-eabi/16.1.0/../../../../arm-none-eabi/lib/thumb/libg.a(libc_a-mlock.o)
 .ARM.attributes
                0x000007ce       0x2a /opt/devkitpro/devkitARM/lib/gcc/arm-none-eabi/16.1.0/../../../../arm-none-eabi/lib/thumb/libg.a(libc_a-ssputs_r.o)
 .ARM.attributes
                0x000007f8       0x2a /opt/devkitpro/devkitARM/lib/gcc/arm-none-eabi/16.1.0/../../../../arm-none-eabi/lib/thumb/libg.a(libc_a-wctomb_r.o)
 .ARM.attributes
                0x00000822       0x2a /opt/devkitpro/devkitARM/lib/gcc/arm-none-eabi/16.1.0/../../../../arm-none-eabi/lib/thumb/libg.a(libc_a-strncmp.o)
 .ARM.attributes
                0x0000084c       0x2a /opt/devkitpro/devkitARM/lib/gcc/arm-none-eabi/16.1.0/../../../../arm-none-eabi/lib/thumb/libg.a(libc_a-wcsnrtombs.o)
 .ARM.attributes
                0x00000876       0x2a /opt/devkitpro/devkitARM/lib/gcc/arm-none-eabi/16.1.0/../../../../arm-none-eabi/lib/thumb/libg.a(libc_a-ctype_.o)
 .ARM.attributes
                0x000008a0       0x2a /opt/devkitpro/devkitARM/lib/gcc/arm-none-eabi/16.1.0/../../../../arm-none-eabi/lib/thumb/libg.a(libc_a-strcat.o)
 .ARM.attributes
                0x000008ca       0x2a /opt/devkitpro/devkitARM/lib/gcc/arm-none-eabi/16.1.0/../../../../arm-none-eabi/lib/thumb/libg.a(libc_a-memcpy-stub.o)
 .ARM.attributes
                0x000008f4       0x2a /opt/devkitpro/devkitARM/lib/gcc/arm-none-eabi/16.1.0/../../../../arm-none-eabi/lib/thumb/libg.a(libc_a-envlock.o)
 .ARM.attributes
                0x0000091e       0x2a /opt/devkitpro/devkitARM/lib/gcc/arm-none-eabi/16.1.0/../../../../arm-none-eabi/lib/thumb/libg.a(libc_a-iswspace.o)
 .ARM.attributes
                0x00000948       0x2a /opt/devkitpro/devkitARM/lib/gcc/arm-none-eabi/16.1.0/../../../../arm-none-eabi/lib/thumb/libg.a(libc_a-strlcpy.o)
 .ARM.attributes
                0x00000972       0x2a /opt/devkitpro/devkitARM/lib/gcc/arm-none-eabi/16.1.0/../../../../arm-none-eabi/lib/thumb/libg.a(libc_a-strtoull.o)
 .ARM.attributes
                0x0000099c       0x2a /opt/devkitpro/devkitARM/lib/gcc/arm-none-eabi/16.1.0/../../../../arm-none-eabi/lib/thumb/libg.a(libc_a-strcasecmp.o)
 .ARM.attributes
                0x000009c6       0x2a /opt/devkitpro/devkitARM/lib/gcc/arm-none-eabi/16.1.0/../../../../arm-none-eabi/lib/thumb/libg.a(libc_a-strtoul.o)
 .ARM.attributes
                0x000009f0       0x2a /opt/devkitpro/devkitARM/lib/gcc/arm-none-eabi/16.1.0/../../../../arm-none-eabi/lib/thumb/libg.a(libc_a-ungetc.o)
 .ARM.attributes
                0x00000a1a       0x2a /opt/devkitpro/devkitARM/lib/gcc/arm-none-eabi/16.1.0/../../../../arm-none-eabi/lib/thumb/libg.a(libc_a-mbtowc_r.o)
 .ARM.attributes
                0x00000a44       0x2a /opt/devkitpro/devkitARM/lib/gcc/arm-none-eabi/16.1.0/../../../../arm-none-eabi/lib/thumb/libg.a(libc_a-mbrtowc.o)
 .ARM.attributes
                0x00000a6e       0x2a /opt/devkitpro/devkitARM/lib/gcc/arm-none-eabi/16.1.0/../../../../arm-none-eabi/lib/thumb/libg.a(libc_a-strncasecmp.o)
 .ARM.attributes
                0x00000a98       0x2a /opt/devkitpro/devkitARM/lib/gcc/arm-none-eabi/16.1.0/../../../../arm-none-eabi/lib/thumb/libg.a(libc_a-fvwrite.o)
 .ARM.attributes
                0x00000ac2       0x2a /opt/devkitpro/devkitARM/lib/gcc/arm-none-eabi/16.1.0/../../../../arm-none-eabi/lib/thumb/libg.a(libc_a-strchr.o)
 .ARM.attributes
                0x00000aec       0x2a /opt/devkitpro/devkitARM/lib/gcc/arm-none-eabi/16.1.0/../../../../arm-none-eabi/lib/thumb/libg.a(libc_a-environ.o)
 .ARM.attributes
                0x00000b16       0x2a /opt/devkitpro/devkitARM/lib/gcc/arm-none-eabi/16.1.0/../../../../arm-none-eabi/lib/thumb/libg.a(libc_a-sccl.o)
 .ARM.attributes
                0x00000b40       0x2a /opt/devkitpro/devkitARM/lib/gcc/arm-none-eabi/16.1.0/../../../../arm-none-eabi/lib/thumb/libg.a(libc_a-errno.o)
 .ARM.attributes
                0x00000b6a       0x2a /opt/devkitpro/devkitARM/lib/gcc/arm-none-eabi/16.1.0/../../../../arm-none-eabi/lib/thumb/libg.a(libc_a-strtoll.o)
 .ARM.attributes
                0x00000b94       0x2a /opt/devkitpro/devkitARM/lib/gcc/arm-none-eabi/16.1.0/../../../../arm-none-eabi/lib/thumb/libg.a(libc_a-strcpy.o)
 .ARM.attributes
                0x00000bbe       0x2a /opt/devkitpro/devkitARM/lib/gcc/arm-none-eabi/16.1.0/../../../../arm-none-eabi/lib/thumb/libg.a(libc_a-realloc.o)
 .ARM.attributes
                0x00000be8       0x2a /opt/devkitpro/devkitARM/lib/gcc/arm-none-eabi/16.1.0/../../../../arm-none-eabi/lib/thumb/libg.a(libc_a-memmove.o)
 .ARM.attributes
                0x00000c12       0x2a /opt/devkitpro/devkitARM/lib/gcc/arm-none-eabi/16.1.0/../../../../arm-none-eabi/lib/thumb/libg.a(libc_a-reallocr.o)
 .ARM.attributes
                0x00000c3c       0x2a /opt/devkitpro/devkitARM/lib/gcc/arm-none-eabi/16.1.0/../../../../arm-none-eabi/lib/thumb/libg.a(libc_a-iswspace_l.o)
 .ARM.attributes
                0x00000c66       0x2a /opt/devkitpro/devkitARM/lib/gcc/arm-none-eabi/16.1.0/../../../../arm-none-eabi/lib/thumb/libg.a(libc_a-categories.o)
 .ARM.attributes
                0x00000c90       0x2a /opt/devkitpro/devkitARM/lib/gcc/arm-none-eabi/16.1.0/../../../../arm-none-eabi/lib/thumb/libsysbase.a(libsysbase_libsysbase_a-fstat.o)
 .ARM.attributes
                0x00000cba       0x2a /opt/devkitpro/devkitARM/lib/gcc/arm-none-eabi/16.1.0/../../../../arm-none-eabi/lib/thumb/libsysbase.a(libsysbase_libsysbase_a-getreent.o)
 .ARM.attributes
                0x00000ce4       0x2a /opt/devkitpro/devkitARM/lib/gcc/arm-none-eabi/16.1.0/../../../../arm-none-eabi/lib/thumb/libsysbase.a(libsysbase_libsysbase_a-handle_manager.o)
 .ARM.attributes
                0x00000d0e       0x2a /opt/devkitpro/devkitARM/lib/gcc/arm-none-eabi/16.1.0/../../../../arm-none-eabi/lib/thumb/libsysbase.a(libsysbase_libsysbase_a-iosupport.o)
 .ARM.attributes
                0x00000d38       0x2a /opt/devkitpro/devkitARM/lib/gcc/arm-none-eabi/16.1.0/../../../../arm-none-eabi/lib/thumb/libsysbase.a(libsysbase_libsysbase_a-isatty.o)
 .ARM.attributes
                0x00000d62       0x2a /opt/devkitpro/devkitARM/lib/gcc/arm-none-eabi/16.1.0/../../../../arm-none-eabi/lib/thumb/libsysbase.a(libsysbase_libsysbase_a-lseek.o)
 .ARM.attributes
                0x00000d8c       0x2a /opt/devkitpro/devkitARM/lib/gcc/arm-none-eabi/16.1.0/../../../../arm-none-eabi/lib/thumb/libsysbase.a(libsysbase_libsysbase_a-malloc_vars.o)
 .ARM.attributes
                0x00000db6       0x2a /opt/devkitpro/devkitARM/lib/gcc/arm-none-eabi/16.1.0/../../../../arm-none-eabi/lib/thumb/libsysbase.a(libsysbase_libsysbase_a-read.o)
 .ARM.attributes
                0x00000de0       0x2a /opt/devkitpro/devkitARM/lib/gcc/arm-none-eabi/16.1.0/../../../../arm-none-eabi/lib/thumb/libsysbase.a(libsysbase_libsysbase_a-sbrk.o)
 .ARM.attributes
                0x00000e0a       0x2a /opt/devkitpro/devkitARM/lib/gcc/arm-none-eabi/16.1.0/../../../../arm-none-eabi/lib/thumb/libsysbase.a(libsysbase_libsysbase_a-syscall_support.o)
 .ARM.attributes
                0x00000e34       0x2a /opt/devkitpro/devkitARM/lib/gcc/arm-none-eabi/16.1.0/../../../../arm-none-eabi/lib/thumb/libsysbase.a(libsysbase_libsysbase_a-write.o)
 .ARM.attributes
                0x00000e5e       0x2a /opt/devkitpro/devkitARM/lib/gcc/arm-none-eabi/16.1.0/../../../../arm-none-eabi/lib/thumb/libsysbase.a(libsysbase_libsysbase_a-clocks.o)
 .ARM.attributes
                0x00000e88       0x1c /opt/devkitpro/devkitARM/lib/gcc/arm-none-eabi/16.1.0/thumb/libgcc.a(_thumb1_case_uqi.o)
 .ARM.attributes
                0x00000ea4       0x1c /opt/devkitpro/devkitARM/lib/gcc/arm-none-eabi/16.1.0/thumb/libgcc.a(_thumb1_case_uhi.o)
 .ARM.attributes
                0x00000ec0       0x1c /opt/devkitpro/devkitARM/lib/gcc/arm-none-eabi/16.1.0/thumb/libgcc.a(_udivsi3.o)
 .ARM.attributes
                0x00000edc       0x1c /opt/devkitpro/devkitARM/lib/gcc/arm-none-eabi/16.1.0/thumb/libgcc.a(_divsi3.o)
 .ARM.attributes
                0x00000ef8       0x1c /opt/devkitpro/devkitARM/lib/gcc/arm-none-eabi/16.1.0/thumb/libgcc.a(_dvmd_tls.o)
 .ARM.attributes
                0x00000f14       0x1c /opt/devkitpro/devkitARM/lib/gcc/arm-none-eabi/16.1.0/thumb/libgcc.a(_aeabi_uldivmod.o)
 .ARM.attributes
                0x00000f30       0x2a /opt/devkitpro/devkitARM/lib/gcc/arm-none-eabi/16.1.0/thumb/libgcc.a(_muldi3.o)
 .ARM.attributes
                0x00000f5a       0x2a /opt/devkitpro/devkitARM/lib/gcc/arm-none-eabi/16.1.0/thumb/libgcc.a(_udivmoddi4.o)
 .ARM.attributes
                0x00000f84       0x1c /opt/devkitpro/devkitARM/lib/gcc/arm-none-eabi/16.1.0/thumb/libgcc.a(_clzdi2.o)
 .ARM.attributes
                0x00000fa0       0x1c /opt/devkitpro/devkitARM/lib/gcc/arm-none-eabi/16.1.0/thumb/libgcc.a(_clzsi2.o)
 .ARM.attributes
                0x00000fbc       0x2a /opt/devkitpro/devkitARM/lib/gcc/arm-none-eabi/16.1.0/thumb/crtend.o
 .ARM.attributes
                0x00000fe6       0x1c /opt/devkitpro/devkitARM/lib/gcc/arm-none-eabi/16.1.0/thumb/crtn.o

/DISCARD/
 *(.note.GNU-stack)
LOAD /opt/devkitpro/devkitARM/lib/gcc/arm-none-eabi/16.1.0/../../../../arm-none-eabi/lib/thumb/gba_crt0.o
LOAD /opt/devkitpro/devkitARM/lib/gcc/arm-none-eabi/16.1.0/thumb/crti.o
LOAD /opt/devkitpro/devkitARM/lib/gcc/arm-none-eabi/16.1.0/thumb/crtbegin.o
LOAD soundbank.bin.o
LOAD input_sample.o
LOAD /opt/devkitpro/libgba/lib/libmm.a
LOAD /opt/devkitpro/libgba/lib/libgba.a
START GROUP
LOAD /opt/devkitpro/devkitARM/lib/gcc/arm-none-eabi/16.1.0/thumb/libgcc.a
LOAD /opt/devkitpro/devkitARM/lib/gcc/arm-none-eabi/16.1.0/../../../../arm-none-eabi/lib/thumb/libg.a
LOAD /opt/devkitpro/devkitARM/lib/gcc/arm-none-eabi/16.1.0/../../../../arm-none-eabi/lib/thumb/libc.a
LOAD /opt/devkitpro/devkitARM/lib/gcc/arm-none-eabi/16.1.0/../../../../arm-none-eabi/lib/thumb/libsysbase.a
END GROUP
LOAD /opt/devkitpro/devkitARM/lib/gcc/arm-none-eabi/16.1.0/thumb/crtend.o
LOAD /opt/devkitpro/devkitARM/lib/gcc/arm-none-eabi/16.1.0/thumb/crtn.o
OUTPUT(/Users/christian/Projects/gba-development/Projects/input-sample/input-sample.elf elf32-littlearm)
LOAD linker stubs

.debug_loclists
                0x00000000     0x15a9
 .debug_loclists
                0x00000000      0x100 input_sample.o
 .debug_loclists
                0x00000100      0xc74 /opt/devkitpro/libgba/lib/libgba.a(console.o)
 .debug_loclists
                0x00000d74       0xba /opt/devkitpro/libgba/lib/libgba.a(CpuSet.o)
 .debug_loclists
                0x00000e2e       0x4b /opt/devkitpro/libgba/lib/libgba.a(input.o)
 .debug_loclists
                0x00000e79      0x2f4 /opt/devkitpro/libgba/lib/libgba.a(interrupt.o)
 .debug_loclists
                0x0000116d      0x193 /opt/devkitpro/devkitARM/lib/gcc/arm-none-eabi/16.1.0/thumb/libgcc.a(_muldi3.o)
 .debug_loclists
                0x00001300      0x2a9 /opt/devkitpro/devkitARM/lib/gcc/arm-none-eabi/16.1.0/thumb/libgcc.a(_udivmoddi4.o)

.debug_rnglists
                0x00000000      0x1ac
 .debug_rnglists
                0x00000000       0x27 input_sample.o
 .debug_rnglists
                0x00000027       0xed /opt/devkitpro/libgba/lib/libgba.a(console.o)
 .debug_rnglists
                0x00000114       0x13 /opt/devkitpro/libgba/lib/libgba.a(CpuSet.o)
 .debug_rnglists
                0x00000127       0x43 /opt/devkitpro/libgba/lib/libgba.a(interrupt.o)
 .debug_rnglists
                0x0000016a       0x2e /opt/devkitpro/devkitARM/lib/gcc/arm-none-eabi/16.1.0/thumb/libgcc.a(_muldi3.o)
 .debug_rnglists
                0x00000198       0x14 /opt/devkitpro/devkitARM/lib/gcc/arm-none-eabi/16.1.0/thumb/libgcc.a(_udivmoddi4.o)

.debug_line_str
                0x00000000      0x183
 .debug_line_str
                0x00000000      0x183 /opt/devkitpro/libgba/lib/libgba.a(InterruptDispatcher.o)
                                 0xae (size before relaxing)
 .debug_line_str
                0x00000183        0x0 /opt/devkitpro/devkitARM/lib/gcc/arm-none-eabi/16.1.0/thumb/libgcc.a(_call_via_rX.o)
                                 0xcd (size before relaxing)
 .debug_line_str
                0x00000183        0x0 /opt/devkitpro/devkitARM/lib/gcc/arm-none-eabi/16.1.0/thumb/libgcc.a(_thumb1_case_uqi.o)
                                 0xcd (size before relaxing)
 .debug_line_str
                0x00000183        0x0 /opt/devkitpro/devkitARM/lib/gcc/arm-none-eabi/16.1.0/thumb/libgcc.a(_thumb1_case_uhi.o)
                                 0xcd (size before relaxing)
 .debug_line_str
                0x00000183        0x0 /opt/devkitpro/devkitARM/lib/gcc/arm-none-eabi/16.1.0/thumb/libgcc.a(_udivsi3.o)
                                 0xcd (size before relaxing)
 .debug_line_str
                0x00000183        0x0 /opt/devkitpro/devkitARM/lib/gcc/arm-none-eabi/16.1.0/thumb/libgcc.a(_divsi3.o)
                                 0xcd (size before relaxing)
 .debug_line_str
                0x00000183        0x0 /opt/devkitpro/devkitARM/lib/gcc/arm-none-eabi/16.1.0/thumb/libgcc.a(_dvmd_tls.o)
                                 0xcd (size before relaxing)
 .debug_line_str
                0x00000183        0x0 /opt/devkitpro/devkitARM/lib/gcc/arm-none-eabi/16.1.0/thumb/libgcc.a(_aeabi_uldivmod.o)
                                 0xc9 (size before relaxing)
 .debug_line_str
                0x00000183        0x0 /opt/devkitpro/devkitARM/lib/gcc/arm-none-eabi/16.1.0/thumb/libgcc.a(_clzdi2.o)
                                 0xcd (size before relaxing)
 .debug_line_str
                0x00000183        0x0 /opt/devkitpro/devkitARM/lib/gcc/arm-none-eabi/16.1.0/thumb/libgcc.a(_clzsi2.o)
                                 0xcd (size before relaxing)
