Archive member included to satisfy reference by file (symbol)

/opt/devkitpro/libgba/lib/libmm.a(mm_mas.o)
                              welcome_screen_music.o (mmStart)
/opt/devkitpro/libgba/lib/libmm.a(mm_main.o)
                              /opt/devkitpro/libgba/lib/libmm.a(mm_mas.o) (mmCallback)
/opt/devkitpro/libgba/lib/libmm.a(mm_mas_arm.o)
                              /opt/devkitpro/libgba/lib/libmm.a(mm_mas.o) (mmAllocChannel)
/opt/devkitpro/libgba/lib/libmm.a(mm_mixer_gba.o)
                              welcome_screen_music.o (mmVBlank)
/opt/devkitpro/libgba/lib/libmm.a(mm_init_default.o)
                              welcome_screen_music.o (mmInitDefault)
/opt/devkitpro/libgba/lib/libmm.a(mm_main_gba.o)
                              /opt/devkitpro/libgba/lib/libmm.a(mm_mixer_gba.o) (mm_vblank_function)
/opt/devkitpro/libgba/lib/libmm.a(mm_effect.o)
                              /opt/devkitpro/libgba/lib/libmm.a(mm_main_gba.o) (mmResetEffects)
/opt/devkitpro/libgba/lib/libgba.a(interrupt.o)
                              welcome_screen_music.o (irqInit)
/opt/devkitpro/libgba/lib/libgba.a(InterruptDispatcher.o)
                              /opt/devkitpro/libgba/lib/libgba.a(interrupt.o) (IntrMain)
/opt/devkitpro/devkitARM/lib/gcc/arm-none-eabi/16.1.0/thumb/libgcc.a(_divsi3.o)
                              welcome_screen_music.o (__aeabi_idiv)
/opt/devkitpro/devkitARM/lib/gcc/arm-none-eabi/16.1.0/thumb/libgcc.a(_dvmd_tls.o)
                              /opt/devkitpro/devkitARM/lib/gcc/arm-none-eabi/16.1.0/thumb/libgcc.a(_divsi3.o) (__aeabi_idiv0)
/opt/devkitpro/devkitARM/lib/gcc/arm-none-eabi/16.1.0/thumb/libgcc.a(_call_via_rX.o)
                              /opt/devkitpro/libgba/lib/libmm.a(mm_main_gba.o) (_call_via_r1)
/opt/devkitpro/devkitARM/lib/gcc/arm-none-eabi/16.1.0/thumb/libgcc.a(_sync_none.o)
                              (__sync_synchronize_none)
/opt/devkitpro/devkitARM/lib/gcc/arm-none-eabi/16.1.0/../../../../arm-none-eabi/lib/thumb/libg.a(libc_a-memset.o)
                              welcome_screen_music.o (memset)
/opt/devkitpro/devkitARM/lib/gcc/arm-none-eabi/16.1.0/../../../../arm-none-eabi/lib/thumb/libg.a(libc_a-init.o)
                              /opt/devkitpro/devkitARM/lib/gcc/arm-none-eabi/16.1.0/../../../../arm-none-eabi/lib/thumb/gba_crt0.o (__libc_init_array)
/opt/devkitpro/devkitARM/lib/gcc/arm-none-eabi/16.1.0/../../../../arm-none-eabi/lib/thumb/libg.a(libc_a-malloc.o)
                              /opt/devkitpro/libgba/lib/libmm.a(mm_init_default.o) (malloc)
/opt/devkitpro/devkitARM/lib/gcc/arm-none-eabi/16.1.0/../../../../arm-none-eabi/lib/thumb/libg.a(libc_a-iprintf.o)
                              welcome_screen_music.o (iprintf)
/opt/devkitpro/devkitARM/lib/gcc/arm-none-eabi/16.1.0/../../../../arm-none-eabi/lib/thumb/libg.a(libc_a-vfiprintf.o)
                              /opt/devkitpro/devkitARM/lib/gcc/arm-none-eabi/16.1.0/../../../../arm-none-eabi/lib/thumb/libg.a(libc_a-iprintf.o) (_vfiprintf_r)
/opt/devkitpro/devkitARM/lib/gcc/arm-none-eabi/16.1.0/../../../../arm-none-eabi/lib/thumb/libg.a(libc_a-strlen.o)
                              /opt/devkitpro/devkitARM/lib/gcc/arm-none-eabi/16.1.0/../../../../arm-none-eabi/lib/thumb/libg.a(libc_a-vfiprintf.o) (strlen)
/opt/devkitpro/devkitARM/lib/gcc/arm-none-eabi/16.1.0/../../../../arm-none-eabi/lib/thumb/libg.a(libc_a-wcrtomb.o)
                              /opt/devkitpro/devkitARM/lib/gcc/arm-none-eabi/16.1.0/../../../../arm-none-eabi/lib/thumb/libg.a(libc_a-vfiprintf.o) (_wcrtomb_r)
/opt/devkitpro/devkitARM/lib/gcc/arm-none-eabi/16.1.0/../../../../arm-none-eabi/lib/thumb/libg.a(libc_a-svfiprintf.o)
                              /opt/devkitpro/devkitARM/lib/gcc/arm-none-eabi/16.1.0/../../../../arm-none-eabi/lib/thumb/libg.a(libc_a-vfiprintf.o) (__chclass)
/opt/devkitpro/devkitARM/lib/gcc/arm-none-eabi/16.1.0/../../../../arm-none-eabi/lib/thumb/libg.a(libc_a-ssprint_r.o)
                              /opt/devkitpro/devkitARM/lib/gcc/arm-none-eabi/16.1.0/../../../../arm-none-eabi/lib/thumb/libg.a(libc_a-svfiprintf.o) (__ssprint_r)
/opt/devkitpro/devkitARM/lib/gcc/arm-none-eabi/16.1.0/../../../../arm-none-eabi/lib/thumb/libg.a(libc_a-malignr.o)
                              /opt/devkitpro/devkitARM/lib/gcc/arm-none-eabi/16.1.0/../../../../arm-none-eabi/lib/thumb/libg.a(libc_a-malloc.o) (_memalign_r)
/opt/devkitpro/devkitARM/lib/gcc/arm-none-eabi/16.1.0/../../../../arm-none-eabi/lib/thumb/libg.a(libc_a-locale.o)
                              /opt/devkitpro/devkitARM/lib/gcc/arm-none-eabi/16.1.0/../../../../arm-none-eabi/lib/thumb/libg.a(libc_a-vfiprintf.o) (__global_locale)
/opt/devkitpro/devkitARM/lib/gcc/arm-none-eabi/16.1.0/../../../../arm-none-eabi/lib/thumb/libg.a(libc_a-fflush.o)
                              /opt/devkitpro/devkitARM/lib/gcc/arm-none-eabi/16.1.0/../../../../arm-none-eabi/lib/thumb/libg.a(libc_a-vfiprintf.o) (_fflush_r)
[...]
Memory Configuration

Name             Origin             Length             Attributes
rom              0x08000000         0x02000000
iwram            0x03000000         0x00008000
ewram            0x02000000         0x00040000
*default*        0x00000000         0xffffffff

Linker script and memory map

                0x00000000                        __sync_synchronize = __sync_synchronize_none
                0x08000000                        __text_start = ORIGIN (rom)
                0x02040000                        __eheap_end = (ORIGIN (ewram) + LENGTH (ewram))
                0x03000000                        __iwram_start = ORIGIN (iwram)
                0x03008000                        __iwram_top = (ORIGIN (iwram) + LENGTH (iwram))
                0x03007fa0                        __sp_irq = (__iwram_top - 0x60)
                0x03007f00                        __sp_usr = (__sp_irq - 0xa0)
                0x03007ff8                        __irq_flags = 0x3007ff8
                0x08000000                        . = __text_start

.crt0           0x08000000      0x210
 *(.crt0)
 .crt0          0x08000000      0x210 /opt/devkitpro/devkitARM/lib/gcc/arm-none-eabi/16.1.0/../../../../arm-none-eabi/lib/thumb/gba_crt0.o
                0x08000000                _start
                0x080000c4                __boot_method
                0x080000c5                __slave_number
                0x080000e0                start_vector
                0x08000210                        . = ALIGN (0x4)

.init           0x08000210        0xc
 *(SORT_NONE(.init))
 .init          0x08000210        0x4 /opt/devkitpro/devkitARM/lib/gcc/arm-none-eabi/16.1.0/thumb/crti.o
                0x08000210                _init
 .init          0x08000214        0x8 /opt/devkitpro/devkitARM/lib/gcc/arm-none-eabi/16.1.0/thumb/crtn.o

.plt            0x0800021c        0x0
 *(.plt)
                0x0800021c                        . = ALIGN (0x4)

.text           0x08000220     0x6640
 *(EXCLUDE_FILE(*.iwram*) .text*)
 .text.__do_global_dtors_aux
                0x08000220       0x2c /opt/devkitpro/devkitARM/lib/gcc/arm-none-eabi/16.1.0/thumb/crtbegin.o
 .text.frame_dummy
                0x0800024c       0x24 /opt/devkitpro/devkitARM/lib/gcc/arm-none-eabi/16.1.0/thumb/crtbegin.o
 .text          0x08000270      0x104 welcome_screen_music.o
                0x08000270                setBlackPalette
                0x080002ac                fadeInPalette
 .text.startup  0x08000374       0xa4 welcome_screen_music.o
                0x08000374                main
 .text          0x08000418     0x1570 /opt/devkitpro/libgba/lib/libmm.a(mm_mas.o)
                0x0800048c                mmStart
                0x080004ac                mmJingle
                0x080004b2                mmPlayModule
                0x0800057c                mmPause
                0x08000598                mmResume
                0x080005a8                mmActive
                0x080005ae                mmActiveSub
                0x080005b4                mmSetModuleVolume
                0x080005c4                mmSetJingleVolume
                0x08000600                mmGetPositionTick
                0x08000606                mmGetPositionRow
                0x0800060c                mmGetPosition
                0x08000612                mmPosition
                0x0800062c                mmSetModuleTempo
                0x0800065e                mmSetModulePitch
                0x080006a0                mmStop
                0x08000766                mppUpdateSub
                0x080008c2                mpp_Process_VolumeCommand
                0x08000afa                mpp_Process_Effect
                0x08001248                ST3_FREQTABLE
                0x08001668                IT_PitchTable
 .text          0x08001988       0x14 /opt/devkitpro/libgba/lib/libmm.a(mm_main.o)
                0x08001988                mpp_call_r7
                0x0800198a                mpp_call_r1
                0x0800198c                mpp_call_r2
                0x0800198e                mpp_call_r3
                0x08001990                mmSetEventHandler
 .text          0x0800199c      0x1e0 /opt/devkitpro/libgba/lib/libmm.a(mm_mixer_gba.o)
                0x0800199c                mmMixerSetSource
                0x080019b0                mmMixerSetRead
                0x080019be                mmMixerSetFreq
                0x080019ce                mmMixerMulFreq
                0x080019e2                mmMixerStopChannel
                0x080019f4                mmMixerChannelActive
                0x08001a06                mmMixerSetVolume
                0x08001a14                mmMixerSetPan
                0x08001a22                mmMixerInit
 .text          0x08001b7c       0x44 /opt/devkitpro/libgba/lib/libmm.a(mm_init_default.o)
                0x08001b7c                mmInitDefault
 .text          0x08001bc0      0x12c /opt/devkitpro/libgba/lib/libmm.a(mm_main_gba.o)
                0x08001bc0                mmInit
                0x08001c14                mmSetVBlankHandler
                0x08001c1a                mmFrame
 .text          0x08001cec      0x314 /opt/devkitpro/libgba/lib/libmm.a(mm_effect.o)
                0x08001cec                mmResetEffects
                0x08001d18                mmEffect
                0x08001d2e                mmEffectEx
                0x08001e2e                mmEffectActive
                0x08001e62                mmEffectVolume
                0x08001e7e                mmEffectPanning
                0x08001e92                mmEffectRate
                0x08001ea6                mmEffectCancel
                0x08001ee0                mmEffectRelease
                0x08001f06                mmEffectScaleRate
                0x08001f1a                mmSetEffectsVolume
                0x08001f28                mmEffectCancelAll
                0x08001f68                mmUpdateEffects
 .text          0x08002000      0x3c4 /opt/devkitpro/libgba/lib/libgba.a(interrupt.o)
                0x08002000                dummy
                0x08002004                InitInterrupt
                0x08002060                irqInit
                0x080020bc                SetInterrupt
                0x080021a4                irqSet
                0x0800228c                EnableInterrupt
                0x080022d8                irqEnable
                0x0800232c                DisableInterrupt
                0x08002378                irqDisable
 .text          0x080023c4      0x150 /opt/devkitpro/devkitARM/lib/gcc/arm-none-eabi/16.1.0/thumb/libgcc.a(_divsi3.o)
                0x080023c4                __aeabi_idiv
                0x080023c4                __divsi3
                0x080024f4                __aeabi_idivmod
 .text          0x08002514        0x4 /opt/devkitpro/devkitARM/lib/gcc/arm-none-eabi/16.1.0/thumb/libgcc.a(_dvmd_tls.o)
                0x08002514                __aeabi_ldiv0
                0x08002514                __aeabi_idiv0
 .text          0x08002518       0x3c /opt/devkitpro/devkitARM/lib/gcc/arm-none-eabi/16.1.0/thumb/libgcc.a(_call_via_rX.o)
                0x08002518                _call_via_r0
                0x0800251c                _call_via_r1
                0x08002520                _call_via_r2
                0x08002524                _call_via_r3
                0x08002528                _call_via_r4
                0x0800252c                _call_via_r5
                0x08002530                _call_via_r6
                0x08002534                _call_via_r7
                0x08002538                _call_via_r8
                0x0800253c                _call_via_r9
                0x08002540                _call_via_sl
                0x08002544                _call_via_fp
                0x08002548                _call_via_ip
                0x0800254c                _call_via_sp
                0x08002550                _call_via_lr
 .text.memset   0x08002554       0x8c /opt/devkitpro/devkitARM/lib/gcc/arm-none-eabi/16.1.0/../../../../arm-none-eabi/lib/thumb/libg.a(libc_a-memset.o)
                0x08002554                memset
 .text.__libc_init_array
                0x080025e0       0x54 /opt/devkitpro/devkitARM/lib/gcc/arm-none-eabi/16.1.0/../../../../arm-none-eabi/lib/thumb/libg.a(libc_a-init.o)
                0x080025e0                __libc_init_array
 .text.malloc   0x08002634       0x28 /opt/devkitpro/devkitARM/lib/gcc/arm-none-eabi/16.1.0/../../../../arm-none-eabi/lib/thumb/libg.a(libc_a-malloc.o)
                0x08002634                malloc
 .text.free     0x0800265c       0x14 /opt/devkitpro/devkitARM/lib/gcc/arm-none-eabi/16.1.0/../../../../arm-none-eabi/lib/thumb/libg.a(libc_a-malloc.o)
                0x0800265c                free
 .text.iprintf  0x08002670       0x28 /opt/devkitpro/devkitARM/lib/gcc/arm-none-eabi/16.1.0/../../../../arm-none-eabi/lib/thumb/libg.a(libc_a-iprintf.o)
                0x08002670                iprintf
 .text.get_arg  0x08002698      0x404 /opt/devkitpro/devkitARM/lib/gcc/arm-none-eabi/16.1.0/../../../../arm-none-eabi/lib/thumb/libg.a(libc_a-vfiprintf.o)
 .text._vfiprintf_r
                0x08002a9c     0x16d8 /opt/devkitpro/devkitARM/lib/gcc/arm-none-eabi/16.1.0/../../../../arm-none-eabi/lib/thumb/libg.a(libc_a-vfiprintf.o)
                0x08002a9c                _vfiprintf_r
 .text.__sbprintf
                0x08004174       0x7c /opt/devkitpro/devkitARM/lib/gcc/arm-none-eabi/16.1.0/../../../../arm-none-eabi/lib/thumb/libg.a(libc_a-vfiprintf.o)
 .text.strlen   0x080041f0       0x60 /opt/devkitpro/devkitARM/lib/gcc/arm-none-eabi/16.1.0/../../../../arm-none-eabi/lib/thumb/libg.a(libc_a-strlen.o)
                0x080041f0                strlen
 .text._wcrtomb_r
                0x08004250       0x88 /opt/devkitpro/devkitARM/lib/gcc/arm-none-eabi/16.1.0/../../../../arm-none-eabi/lib/thumb/libg.a(libc_a-wcrtomb.o)
                0x08004250                _wcrtomb_r
 .text._memalign_r
                0x080042d8      0x118 /opt/devkitpro/devkitARM/lib/gcc/arm-none-eabi/16.1.0/../../../../arm-none-eabi/lib/thumb/libg.a(libc_a-malignr.o)
                0x080042d8                _memalign_r
 .text.__locale_mb_cur_max
                0x080043f0       0x20 /opt/devkitpro/devkitARM/lib/gcc/arm-none-eabi/16.1.0/../../../../arm-none-eabi/lib/thumb/libg.a(libc_a-locale.o)
                0x080043f0                __locale_mb_cur_max
 .text.__sflush_r
                0x08004410      0x180 /opt/devkitpro/devkitARM/lib/gcc/arm-none-eabi/16.1.0/../../../../arm-none-eabi/lib/thumb/libg.a(libc_a-fflush.o)
                0x08004410                __sflush_r
 .text._fflush_r
                0x08004590       0x70 /opt/devkitpro/devkitARM/lib/gcc/arm-none-eabi/16.1.0/../../../../arm-none-eabi/lib/thumb/libg.a(libc_a-fflush.o)
                0x08004590                _fflush_r
 .text.__sprint_r
                0x08004600       0x24 /opt/devkitpro/devkitARM/lib/gcc/arm-none-eabi/16.1.0/../../../../arm-none-eabi/lib/thumb/libg.a(libc_a-sprint_r.o)
                0x08004600                __sprint_r
 .text._malloc_r
                0x08004624      0x550 /opt/devkitpro/devkitARM/lib/gcc/arm-none-eabi/16.1.0/../../../../arm-none-eabi/lib/thumb/libg.a(libc_a-mallocr.o)
                0x08004624                _malloc_r
 .text._malloc_trim_r
                0x08004b74       0xac /opt/devkitpro/devkitARM/lib/gcc/arm-none-eabi/16.1.0/../../../../arm-none-eabi/lib/thumb/libg.a(libc_a-freer.o)
                0x08004b74                _malloc_trim_r
 .text._free_r  0x08004c20      0x1d8 /opt/devkitpro/devkitARM/lib/gcc/arm-none-eabi/16.1.0/../../../../arm-none-eabi/lib/thumb/libg.a(libc_a-freer.o)
                0x08004c20                _free_r
 .text.stdio_exit_handler
                0x08004df8       0x20 /opt/devkitpro/devkitARM/lib/gcc/arm-none-eabi/16.1.0/../../../../arm-none-eabi/lib/thumb/libg.a(libc_a-findfp.o)
 .text.cleanup_stdio
                0x08004e18       0x40 /opt/devkitpro/devkitARM/lib/gcc/arm-none-eabi/16.1.0/../../../../arm-none-eabi/lib/thumb/libg.a(libc_a-findfp.o)
 .text.global_stdio_init.part.0
                0x08004e58      0x120 /opt/devkitpro/devkitARM/lib/gcc/arm-none-eabi/16.1.0/../../../../arm-none-eabi/lib/thumb/libg.a(libc_a-findfp.o)
 .text.__sinit  0x08004f78       0x3c /opt/devkitpro/devkitARM/lib/gcc/arm-none-eabi/16.1.0/../../../../arm-none-eabi/lib/thumb/libg.a(libc_a-findfp.o)
                0x08004f78                __sinit
 .text.__sfp_lock_acquire
                0x08004fb4       0x14 /opt/devkitpro/devkitARM/lib/gcc/arm-none-eabi/16.1.0/../../../../arm-none-eabi/lib/thumb/libg.a(libc_a-findfp.o)
                0x08004fb4                __sfp_lock_acquire
 .text.__sfp_lock_release
                0x08004fc8       0x14 /opt/devkitpro/devkitARM/lib/gcc/arm-none-eabi/16.1.0/../../../../arm-none-eabi/lib/thumb/libg.a(libc_a-findfp.o)
                0x08004fc8                __sfp_lock_release
 .text.strncpy  0x08004fdc       0x68 /opt/devkitpro/devkitARM/lib/gcc/arm-none-eabi/16.1.0/../../../../arm-none-eabi/lib/thumb/libg.a(libc_a-strncpy.o)
                0x08004fdc                strncpy
 .text.memchr   0x08005044       0x74 /opt/devkitpro/devkitARM/lib/gcc/arm-none-eabi/16.1.0/../../../../arm-none-eabi/lib/thumb/libg.a(libc_a-memchr-stub.o)
                0x08005044                memchr
 .text._wcsrtombs_r
                0x080050b8       0x20 /opt/devkitpro/devkitARM/lib/gcc/arm-none-eabi/16.1.0/../../../../arm-none-eabi/lib/thumb/libg.a(libc_a-wcsrtombs.o)
                0x080050b8                _wcsrtombs_r
 .text.__swsetup_r
                0x080050d8       0xd4 /opt/devkitpro/devkitARM/lib/gcc/arm-none-eabi/16.1.0/../../../../arm-none-eabi/lib/thumb/libg.a(libc_a-wsetup.o)
                0x080050d8                __swsetup_r
 .text._localeconv_r
                0x080051ac       0x20 /opt/devkitpro/devkitARM/lib/gcc/arm-none-eabi/16.1.0/../../../../arm-none-eabi/lib/thumb/libg.a(libc_a-localeconv.o)
                0x080051ac                _localeconv_r
 .text.__sread  0x080051cc       0x34 /opt/devkitpro/devkitARM/lib/gcc/arm-none-eabi/16.1.0/../../../../arm-none-eabi/lib/thumb/libg.a(libc_a-stdio.o)
                0x080051cc                __sread
 .text.__swrite
                0x08005200       0x4c /opt/devkitpro/devkitARM/lib/gcc/arm-none-eabi/16.1.0/../../../../arm-none-eabi/lib/thumb/libg.a(libc_a-stdio.o)
                0x08005200                __swrite
 .text.__sseek  0x0800524c       0x3c /opt/devkitpro/devkitARM/lib/gcc/arm-none-eabi/16.1.0/../../../../arm-none-eabi/lib/thumb/libg.a(libc_a-stdio.o)
                0x0800524c                __sseek
 .text.__sclose
                0x08005288       0x10 /opt/devkitpro/devkitARM/lib/gcc/arm-none-eabi/16.1.0/../../../../arm-none-eabi/lib/thumb/libg.a(libc_a-stdio.o)
                0x08005288                __sclose
 .text.__malloc_lock
                0x08005298       0x14 /opt/devkitpro/devkitARM/lib/gcc/arm-none-eabi/16.1.0/../../../../arm-none-eabi/lib/thumb/libg.a(libc_a-mlock.o)
                0x08005298                __malloc_lock
 .text.__malloc_unlock
                0x080052ac       0x14 /opt/devkitpro/devkitARM/lib/gcc/arm-none-eabi/16.1.0/../../../../arm-none-eabi/lib/thumb/libg.a(libc_a-mlock.o)
                0x080052ac                __malloc_unlock
 .text._fclose_r
                0x080052c0       0xe0 /opt/devkitpro/devkitARM/lib/gcc/arm-none-eabi/16.1.0/../../../../arm-none-eabi/lib/thumb/libg.a(libc_a-fclose.o)
                0x080052c0                _fclose_r
 .text.__utf8_wctomb
                0x080053a0       0xbc /opt/devkitpro/devkitARM/lib/gcc/arm-none-eabi/16.1.0/../../../../arm-none-eabi/lib/thumb/libg.a(libc_a-wctomb_r.o)
                0x080053a0                __utf8_wctomb
 .text._wcsnrtombs_l
                0x0800545c      0x120 /opt/devkitpro/devkitARM/lib/gcc/arm-none-eabi/16.1.0/../../../../arm-none-eabi/lib/thumb/libg.a(libc_a-wcsnrtombs.o)
                0x0800545c                _wcsnrtombs_l
 .text._wcsnrtombs_r
                0x0800557c       0x40 /opt/devkitpro/devkitARM/lib/gcc/arm-none-eabi/16.1.0/../../../../arm-none-eabi/lib/thumb/libg.a(libc_a-wcsnrtombs.o)
                0x0800557c                _wcsnrtombs_r
 .text.memcpy   0x080055bc       0xac /opt/devkitpro/devkitARM/lib/gcc/arm-none-eabi/16.1.0/../../../../arm-none-eabi/lib/thumb/libg.a(libc_a-memcpy-stub.o)
                0x080055bc                memcpy
 .text._fwalk_sglue
                0x08005668       0x4c /opt/devkitpro/devkitARM/lib/gcc/arm-none-eabi/16.1.0/../../../../arm-none-eabi/lib/thumb/libg.a(libc_a-fwalk.o)
                0x08005668                _fwalk_sglue
 .text.__utf8_mbtowc
                0x080056b4      0x24c /opt/devkitpro/devkitARM/lib/gcc/arm-none-eabi/16.1.0/../../../../arm-none-eabi/lib/thumb/libg.a(libc_a-mbtowc_r.o)
                0x080056b4                __utf8_mbtowc
 .text.__sfvwrite_r
                0x08005900      0x31c /opt/devkitpro/devkitARM/lib/gcc/arm-none-eabi/16.1.0/../../../../arm-none-eabi/lib/thumb/libg.a(libc_a-fvwrite.o)
                0x08005900                __sfvwrite_r
 .text.__errno  0x08005c1c        0xc /opt/devkitpro/devkitARM/lib/gcc/arm-none-eabi/16.1.0/../../../../arm-none-eabi/lib/thumb/libg.a(libc_a-errno.o)
                0x08005c1c                __errno
 .text.__smakebuf_r
                0x08005c28       0xe0 /opt/devkitpro/devkitARM/lib/gcc/arm-none-eabi/16.1.0/../../../../arm-none-eabi/lib/thumb/libg.a(libc_a-makebuf.o)
                0x08005c28                __smakebuf_r
 .text.memmove  0x08005d08      0x108 /opt/devkitpro/devkitARM/lib/gcc/arm-none-eabi/16.1.0/../../../../arm-none-eabi/lib/thumb/libg.a(libc_a-memmove.o)
                0x08005d08                memmove
 .text._realloc_r
                0x08005e10      0x344 /opt/devkitpro/devkitARM/lib/gcc/arm-none-eabi/16.1.0/../../../../arm-none-eabi/lib/thumb/libg.a(libc_a-reallocr.o)
                0x08005e10                _realloc_r
 .text._fstat_r
                0x08006154       0x5c /opt/devkitpro/devkitARM/lib/gcc/arm-none-eabi/16.1.0/../../../../arm-none-eabi/lib/thumb/libsysbase.a(libsysbase_libsysbase_a-fstat.o)
                0x08006154                _fstat_r
 .text.__getreent
                0x080061b0       0x20 /opt/devkitpro/devkitARM/lib/gcc/arm-none-eabi/16.1.0/../../../../arm-none-eabi/lib/thumb/libsysbase.a(libsysbase_libsysbase_a-getreent.o)
                0x080061b0                __getreent
 .text.__get_handle
                0x080061d0       0x34 /opt/devkitpro/devkitARM/lib/gcc/arm-none-eabi/16.1.0/../../../../arm-none-eabi/lib/thumb/libsysbase.a(libsysbase_libsysbase_a-handle_manager.o)
                0x080061d0                __get_handle
 .text._close_r
                0x08006204       0xb0 /opt/devkitpro/devkitARM/lib/gcc/arm-none-eabi/16.1.0/../../../../arm-none-eabi/lib/thumb/libsysbase.a(libsysbase_libsysbase_a-handle_manager.o)
                0x08006204                _close_r
 .text.null_write
                0x080062b4        0x4 /opt/devkitpro/devkitARM/lib/gcc/arm-none-eabi/16.1.0/../../../../arm-none-eabi/lib/thumb/libsysbase.a(libsysbase_libsysbase_a-iosupport.o)
 .text._isatty_r
                0x080062b8        0x4 /opt/devkitpro/devkitARM/lib/gcc/arm-none-eabi/16.1.0/../../../../arm-none-eabi/lib/thumb/libsysbase.a(libsysbase_libsysbase_a-isatty.o)
                0x080062b8                _isatty_r
 .text._lseek_r
                0x080062bc       0x64 /opt/devkitpro/devkitARM/lib/gcc/arm-none-eabi/16.1.0/../../../../arm-none-eabi/lib/thumb/libsysbase.a(libsysbase_libsysbase_a-lseek.o)
                0x080062bc                _lseek_r
 .text._read_r  0x08006320       0x5c /opt/devkitpro/devkitARM/lib/gcc/arm-none-eabi/16.1.0/../../../../arm-none-eabi/lib/thumb/libsysbase.a(libsysbase_libsysbase_a-read.o)
                0x08006320                _read_r
 .text._sbrk_r  0x0800637c       0x50 /opt/devkitpro/devkitARM/lib/gcc/arm-none-eabi/16.1.0/../../../../arm-none-eabi/lib/thumb/libsysbase.a(libsysbase_libsysbase_a-sbrk.o)
                0x0800637c                _sbrk_r
 .text.__libc_lock_acquire
                0x080063cc       0x18 /opt/devkitpro/devkitARM/lib/gcc/arm-none-eabi/16.1.0/../../../../arm-none-eabi/lib/thumb/libsysbase.a(libsysbase_libsysbase_a-syscall_support.o)
                0x080063cc                __libc_lock_acquire
 .text.__libc_lock_release
                0x080063e4       0x18 /opt/devkitpro/devkitARM/lib/gcc/arm-none-eabi/16.1.0/../../../../arm-none-eabi/lib/thumb/libsysbase.a(libsysbase_libsysbase_a-syscall_support.o)
                0x080063e4                __libc_lock_release
 .text.__libc_lock_acquire_recursive
                0x080063fc       0x18 /opt/devkitpro/devkitARM/lib/gcc/arm-none-eabi/16.1.0/../../../../arm-none-eabi/lib/thumb/libsysbase.a(libsysbase_libsysbase_a-syscall_support.o)
                0x080063fc                __libc_lock_acquire_recursive
 .text.__libc_lock_release_recursive
                0x08006414       0x18 /opt/devkitpro/devkitARM/lib/gcc/arm-none-eabi/16.1.0/../../../../arm-none-eabi/lib/thumb/libsysbase.a(libsysbase_libsysbase_a-syscall_support.o)
                0x08006414                __libc_lock_release_recursive
 .text._write_r
                0x0800642c       0x5c /opt/devkitpro/devkitARM/lib/gcc/arm-none-eabi/16.1.0/../../../../arm-none-eabi/lib/thumb/libsysbase.a(libsysbase_libsysbase_a-write.o)
                0x0800642c                _write_r
 .text          0x08006488       0x14 /opt/devkitpro/devkitARM/lib/gcc/arm-none-eabi/16.1.0/thumb/libgcc.a(_thumb1_case_uqi.o)
                0x08006488                __gnu_thumb1_case_uqi
 .text          0x0800649c       0x14 /opt/devkitpro/devkitARM/lib/gcc/arm-none-eabi/16.1.0/thumb/libgcc.a(_thumb1_case_uhi.o)
                0x0800649c                __gnu_thumb1_case_uhi
 .text          0x080064b0      0x11c /opt/devkitpro/devkitARM/lib/gcc/arm-none-eabi/16.1.0/thumb/libgcc.a(_udivsi3.o)
                0x080064b0                __udivsi3
                0x080064b0                __aeabi_uidiv
                0x080065ac                __aeabi_uidivmod
 .text          0x080065cc       0x3c /opt/devkitpro/devkitARM/lib/gcc/arm-none-eabi/16.1.0/thumb/libgcc.a(_aeabi_uldivmod.o)
                0x080065cc                __aeabi_uldivmod
 .text.__udivmoddi4
                0x08006608      0x194 /opt/devkitpro/devkitARM/lib/gcc/arm-none-eabi/16.1.0/thumb/libgcc.a(_udivmoddi4.o)
                0x08006608                __udivmoddi4
 .text          0x0800679c       0x28 /opt/devkitpro/devkitARM/lib/gcc/arm-none-eabi/16.1.0/thumb/libgcc.a(_clzdi2.o)
                0x0800679c                __clzdi2
 .text          0x080067c4       0x48 /opt/devkitpro/devkitARM/lib/gcc/arm-none-eabi/16.1.0/thumb/libgcc.a(_clzsi2.o)
                0x080067c4                __clzsi2
 *fill*         0x0800680c        0x4 ff
 .text.__stub   0x08006810       0x44 linker stubs
 *(.gnu.linkonce.t.*)
 *(.text.*personality*)
 *(.gnu.warning)
 *(.glue_7t)
 .glue_7t       0x08006854        0x0 linker stubs
 *(.glue_7)
 .glue_7        0x08006854        0x0 linker stubs
 *(.vfp11_veneer)
 .vfp11_veneer  0x08006854        0x0 linker stubs
                0x08006854                        . = ALIGN (0x4)
                0x08006860                        __text_end = .

.v4_bx          0x08006860        0x0
 .v4_bx         0x08006860        0x0 linker stubs

.iplt           0x08006860        0x0
 .iplt          0x08006860        0x0 /opt/devkitpro/devkitARM/lib/gcc/arm-none-eabi/16.1.0/../../../../arm-none-eabi/lib/thumb/gba_crt0.o

.fini           0x08006860        0xc
 *(.fini)
 .fini          0x08006860        0x4 /opt/devkitpro/devkitARM/lib/gcc/arm-none-eabi/16.1.0/thumb/crti.o
                0x08006860                _fini
 .fini          0x08006864        0x8 /opt/devkitpro/devkitARM/lib/gcc/arm-none-eabi/16.1.0/thumb/crtn.o
                0x0800686c                        . = ALIGN (0x4)

.rodata         0x0800686c    0x1316c
 *(.rodata)
 .rodata        0x0800686c     0x9800 image.o
                0x0800686c                imagePal
                0x08006a6c                imageBitmap
 *all.rodata*(*)
 *(.roda)
 *(.rodata.*)
 .rodata.soundbank_bin
                0x0801006c     0x955c soundbank.bin.o
                0x0801006c                soundbank_bin
                0x080195c8                soundbank_bin_end
 .rodata.str1.4
                0x080195c8       0x68 welcome_screen_music.o
                                 0x15 (size before relaxing)
 .rodata._vfiprintf_r.str1.1
                0x08019630       0x29 /opt/devkitpro/devkitARM/lib/gcc/arm-none-eabi/16.1.0/../../../../arm-none-eabi/lib/thumb/libg.a(libc_a-vfiprintf.o)
 *fill*         0x08019659        0x3 ff
 .rodata.zeroes.0
                0x0801965c       0x10 /opt/devkitpro/devkitARM/lib/gcc/arm-none-eabi/16.1.0/../../../../arm-none-eabi/lib/thumb/libg.a(libc_a-vfiprintf.o)
 .rodata.blanks.1
                0x0801966c       0x10 /opt/devkitpro/devkitARM/lib/gcc/arm-none-eabi/16.1.0/../../../../arm-none-eabi/lib/thumb/libg.a(libc_a-vfiprintf.o)
 .rodata.__action_table
                0x0801967c       0x6c /opt/devkitpro/devkitARM/lib/gcc/arm-none-eabi/16.1.0/../../../../arm-none-eabi/lib/thumb/libg.a(libc_a-svfiprintf.o)
                0x0801967c                __action_table
 .rodata.__state_table
                0x080196e8       0x6c /opt/devkitpro/devkitARM/lib/gcc/arm-none-eabi/16.1.0/../../../../arm-none-eabi/lib/thumb/libg.a(libc_a-svfiprintf.o)
                0x080196e8                __state_table
 .rodata.__chclass
                0x08019754      0x100 /opt/devkitpro/devkitARM/lib/gcc/arm-none-eabi/16.1.0/../../../../arm-none-eabi/lib/thumb/libg.a(libc_a-svfiprintf.o)
                0x08019754                __chclass
 .rodata.str1.4
                0x08019854        0x0 /opt/devkitpro/devkitARM/lib/gcc/arm-none-eabi/16.1.0/../../../../arm-none-eabi/lib/thumb/libg.a(libc_a-locale.o)
                                 0x4c (size before relaxing)
 .rodata._ctype_
                0x08019854      0x101 /opt/devkitpro/devkitARM/lib/gcc/arm-none-eabi/16.1.0/../../../../arm-none-eabi/lib/thumb/libg.a(libc_a-ctype_.o)
                0x08019854                _ctype_
 .rodata.str1.4
                0x08019955        0x0 /opt/devkitpro/devkitARM/lib/gcc/arm-none-eabi/16.1.0/../../../../arm-none-eabi/lib/thumb/libsysbase.a(libsysbase_libsysbase_a-iosupport.o)
                                  0x8 (size before relaxing)
 *fill*         0x08019955        0x3 ff
 .rodata.dotab_stdnull
                0x08019958       0x80 /opt/devkitpro/devkitARM/lib/gcc/arm-none-eabi/16.1.0/../../../../arm-none-eabi/lib/thumb/libsysbase.a(libsysbase_libsysbase_a-iosupport.o)
                0x08019958                dotab_stdnull
 *(.gnu.linkonce.r*)
                0x080199d8                        . = ALIGN (0x4)

.ARM.extab
 *(.ARM.extab* .gnu.linkonce.armextab.*)
                0x080199d8                        __exidx_start = .

.ARM.exidx
 *(.ARM.exidx* .gnu.linkonce.armexidx.*)
                0x080199d8                        __exidx_end = .

.ctors          0x080199d8        0x0
 *crtbegin.o(.ctors)
 *(EXCLUDE_FILE(*crtend.o) .ctors)
 *(SORT_BY_NAME(.ctors.*))
 *(.ctors)
                0x080199d8                        . = ALIGN (0x4)

.dtors          0x080199d8        0x0
 *crtbegin.o(.dtors)
 *(EXCLUDE_FILE(*crtend.o) .dtors)
 *(SORT_BY_NAME(.dtors.*))
 *(.dtors)
                0x080199d8                        . = ALIGN (0x4)

.eh_frame       0x080199d8        0x4
 *(.eh_frame)
 .eh_frame      0x080199d8        0x0 /opt/devkitpro/devkitARM/lib/gcc/arm-none-eabi/16.1.0/thumb/crtbegin.o
 .eh_frame      0x080199d8        0x4 /opt/devkitpro/devkitARM/lib/gcc/arm-none-eabi/16.1.0/thumb/crtend.o
                0x080199dc                        . = ALIGN (0x4)

.gcc_except_table
                0x080199dc        0x0
 *(.gcc_except_table)
                0x080199dc                        . = ALIGN (0x4)
                0x080199dc                        __iwram_lma = .

.iwram          0x03000000     0x1494 load address 0x080199dc
                0x03000000                        __iwram_start__ = ABSOLUTE (.)
 *(.iwram .iwram*)
 .iwram         0x03000000      0x554 /opt/devkitpro/libgba/lib/libmm.a(mm_mas.o)
                0x03000000                mppProcessTick
                0x030000e4                mpp_Channel_NewNote
                0x030001c4                mpp_Update_ACHN_notest
 .iwram         0x03000554      0x648 /opt/devkitpro/libgba/lib/libmm.a(mm_mas_arm.o)
                0x03000554                mmAllocChannel
                0x030005c8                mmReadPattern
                0x030006b4                mmUpdateChannel_T0
                0x030008f4                mmUpdateChannel_TN
                0x03000a94                mmGetPeriod
                0x03000ad8                note_table_oct
                0x03000af6                note_table_mod
 .iwram         0x03000b9c      0x838 /opt/devkitpro/libgba/lib/libmm.a(mm_mixer_gba.o)
                0x03000ba0                mmVBlank
                0x03000c24                mmMixerMix
 .iwram         0x030013d4        0x8 /opt/devkitpro/libgba/lib/libmm.a(mm_main_gba.o)
                0x030013d4                mpp_call_r7i
                0x030013d6                mpp_call_r2i
                0x030013d8                mpp_call_r1i
 .iwram         0x030013dc       0xb8 /opt/devkitpro/libgba/lib/libgba.a(InterruptDispatcher.o)
                0x030013dc                IntrMain
 *iwram.*(.text* .data*)
                0x03001494                        . = ALIGN (0x4)
                0x03001494                        __iwram_end__ = ABSOLUTE (.)
                0x0801ae70                        __data_lma = (__iwram_lma + SIZEOF (.iwram))

.bss            0x03001494      0xbc4
                0x03001494                        __bss_start = ABSOLUTE (.)
                0x03001494                        __bss_start__ = ABSOLUTE (.)
 *(.dynbss)
 *(.gnu.linkonce.b*)
 *(.bss*)
 .bss.completed.1
                0x03001494        0x1 /opt/devkitpro/devkitARM/lib/gcc/arm-none-eabi/16.1.0/thumb/crtbegin.o
 *fill*         0x03001495        0x3 
 .bss.object.0  0x03001498       0x18 /opt/devkitpro/devkitARM/lib/gcc/arm-none-eabi/16.1.0/thumb/crtbegin.o
 .bss           0x030014b0      0x200 welcome_screen_music.o
                0x030014b0                fadePalette
 .bss           0x030016b0      0x148 /opt/devkitpro/libgba/lib/libmm.a(mm_mas.o)
                0x030016b0                mmLayerMain
                0x030016e8                mmLayerSub
                0x03001720                mpp_vars
                0x03001730                mpp_layerp
                0x03001734                mpp_channels
                0x03001744                mpp_nchannels
                0x03001745                mpp_clayer
                0x03001748                mm_achannels
                0x0300174c                mm_pchannels
                0x03001750                mm_num_mch
                0x03001754                mm_num_ach
                0x03001758                mm_schannels
 .bss           0x030017f8        0x8 /opt/devkitpro/libgba/lib/libmm.a(mm_main.o)
                0x030017f8                mmCallback
                0x030017fc                mm_ch_mask
 .bss           0x03001800      0x1bc /opt/devkitpro/libgba/lib/libmm.a(mm_mixer_gba.o)
                0x03001800                mp_writepos
                0x03001808                mm_mixchannels
                0x03001810                mm_mixlen
                0x03001824                mm_bpmdv
                0x03001828                mp_mix_seg
 .bss           0x030019bc      0x420 /opt/devkitpro/libgba/lib/libmm.a(mm_init_default.o)
 .bss           0x03001ddc        0x8 /opt/devkitpro/libgba/lib/libmm.a(mm_main_gba.o)
                0x03001ddc                mm_vblank_function
                0x03001de0                mp_solution
 .bss           0x03001de4       0x2d /opt/devkitpro/libgba/lib/libmm.a(mm_effect.o)
                0x03001e08                mm_sfx_bitmask
                0x03001e0c                mm_sfx_clearmask
 *fill*         0x03001e11        0x3 
 .bss           0x03001e14       0x78 /opt/devkitpro/libgba/lib/libgba.a(interrupt.o)
                0x03001e14                IntrTable
 .bss.__malloc_current_mallinfo
                0x03001e8c       0x28 /opt/devkitpro/devkitARM/lib/gcc/arm-none-eabi/16.1.0/../../../../arm-none-eabi/lib/thumb/libg.a(libc_a-mallocr.o)
                0x03001e8c                __malloc_current_mallinfo
 .bss.__malloc_max_total_mem
                0x03001eb4        0x4 /opt/devkitpro/devkitARM/lib/gcc/arm-none-eabi/16.1.0/../../../../arm-none-eabi/lib/thumb/libg.a(libc_a-mallocr.o)
                0x03001eb4                __malloc_max_total_mem
 .bss.__malloc_max_sbrked_mem
                0x03001eb8        0x4 /opt/devkitpro/devkitARM/lib/gcc/arm-none-eabi/16.1.0/../../../../arm-none-eabi/lib/thumb/libg.a(libc_a-mallocr.o)
                0x03001eb8                __malloc_max_sbrked_mem
 .bss.__malloc_top_pad
                0x03001ebc        0x4 /opt/devkitpro/devkitARM/lib/gcc/arm-none-eabi/16.1.0/../../../../arm-none-eabi/lib/thumb/libg.a(libc_a-mallocr.o)
                0x03001ebc                __malloc_top_pad
 .bss.__sfp_recursive_mutex
                0x03001ec0        0xc /opt/devkitpro/devkitARM/lib/gcc/arm-none-eabi/16.1.0/../../../../arm-none-eabi/lib/thumb/libg.a(libc_a-findfp.o)
 *fill*         0x03001ecc        0x4 
 .bss.__sf      0x03001ed0      0x168 /opt/devkitpro/devkitARM/lib/gcc/arm-none-eabi/16.1.0/../../../../arm-none-eabi/lib/thumb/libg.a(libc_a-findfp.o)
                0x03001ed0                __sf
 .bss.__stdio_exit_handler
                0x03002038        0x4 /opt/devkitpro/devkitARM/lib/gcc/arm-none-eabi/16.1.0/../../../../arm-none-eabi/lib/thumb/libg.a(libc_a-findfp.o)
                0x03002038                __stdio_exit_handler
 .bss.__malloc_recursive_mutex
                0x0300203c        0xc /opt/devkitpro/devkitARM/lib/gcc/arm-none-eabi/16.1.0/../../../../arm-none-eabi/lib/thumb/libg.a(libc_a-mlock.o)
 .bss.__hndl_lock
                0x03002048        0x4 /opt/devkitpro/devkitARM/lib/gcc/arm-none-eabi/16.1.0/../../../../arm-none-eabi/lib/thumb/libsysbase.a(libsysbase_libsysbase_a-handle_manager.o)
 .bss.fake_heap_start
                0x0300204c        0x4 /opt/devkitpro/devkitARM/lib/gcc/arm-none-eabi/16.1.0/../../../../arm-none-eabi/lib/thumb/libsysbase.a(libsysbase_libsysbase_a-malloc_vars.o)
                0x0300204c                fake_heap_start
 .bss.fake_heap_end
                0x03002050        0x4 /opt/devkitpro/devkitARM/lib/gcc/arm-none-eabi/16.1.0/../../../../arm-none-eabi/lib/thumb/libsysbase.a(libsysbase_libsysbase_a-malloc_vars.o)
                0x03002050                fake_heap_end
 .bss.heap_start.0
                0x03002054        0x4 /opt/devkitpro/devkitARM/lib/gcc/arm-none-eabi/16.1.0/../../../../arm-none-eabi/lib/thumb/libsysbase.a(libsysbase_libsysbase_a-sbrk.o)
 *(COMMON)
                0x03002058                        . = ALIGN (0x4)
                0x03002058                        __bss_end__ = ABSOLUTE (.)

.data           0x03002058     0x1928 load address 0x0801ae70
                0x03002058                        __data_start__ = ABSOLUTE (.)
 *(.data*)
 .data.__global_locale
                0x03002058      0x254 /opt/devkitpro/devkitARM/lib/gcc/arm-none-eabi/16.1.0/../../../../arm-none-eabi/lib/thumb/libg.a(libc_a-locale.o)
                0x03002058                __global_locale
 .data.__malloc_sbrk_base
                0x030022ac        0x4 /opt/devkitpro/devkitARM/lib/gcc/arm-none-eabi/16.1.0/../../../../arm-none-eabi/lib/thumb/libg.a(libc_a-mallocr.o)
                0x030022ac                __malloc_sbrk_base
 .data.__malloc_trim_threshold
                0x030022b0        0x4 /opt/devkitpro/devkitARM/lib/gcc/arm-none-eabi/16.1.0/../../../../arm-none-eabi/lib/thumb/libg.a(libc_a-mallocr.o)
                0x030022b0                __malloc_trim_threshold
 *fill*         0x030022b4        0x4 ff
 .data.__malloc_av_
                0x030022b8      0x408 /opt/devkitpro/devkitARM/lib/gcc/arm-none-eabi/16.1.0/../../../../arm-none-eabi/lib/thumb/libg.a(libc_a-mallocr.o)
                0x030022b8                __malloc_av_
 .data.__sglue  0x030026c0        0xc /opt/devkitpro/devkitARM/lib/gcc/arm-none-eabi/16.1.0/../../../../arm-none-eabi/lib/thumb/libg.a(libc_a-findfp.o)
                0x030026c0                __sglue
 .data._impure_ptr
                0x030026cc        0x4 /opt/devkitpro/devkitARM/lib/gcc/arm-none-eabi/16.1.0/../../../../arm-none-eabi/lib/thumb/libg.a(libc_a-impure.o)
                0x030026cc                _impure_ptr
 .data._impure_data
                0x030026d0      0x200 /opt/devkitpro/devkitARM/lib/gcc/arm-none-eabi/16.1.0/../../../../arm-none-eabi/lib/thumb/libg.a(libc_a-impure.o)
                0x030026d0                _impure_data
 .data.handles  0x030028d0     0x1000 /opt/devkitpro/devkitARM/lib/gcc/arm-none-eabi/16.1.0/../../../../arm-none-eabi/lib/thumb/libsysbase.a(libsysbase_libsysbase_a-handle_manager.o)
 .data.__stderr_handle
                0x030038d0        0xc /opt/devkitpro/devkitARM/lib/gcc/arm-none-eabi/16.1.0/../../../../arm-none-eabi/lib/thumb/libsysbase.a(libsysbase_libsysbase_a-handle_manager.o)
 .data.__stdout_handle
                0x030038dc        0xc /opt/devkitpro/devkitARM/lib/gcc/arm-none-eabi/16.1.0/../../../../arm-none-eabi/lib/thumb/libsysbase.a(libsysbase_libsysbase_a-handle_manager.o)
 .data.__stdin_handle
                0x030038e8        0xc /opt/devkitpro/devkitARM/lib/gcc/arm-none-eabi/16.1.0/../../../../arm-none-eabi/lib/thumb/libsysbase.a(libsysbase_libsysbase_a-handle_manager.o)
 .data.devoptab_list
                0x030038f4       0x8c /opt/devkitpro/devkitARM/lib/gcc/arm-none-eabi/16.1.0/../../../../arm-none-eabi/lib/thumb/libsysbase.a(libsysbase_libsysbase_a-iosupport.o)
                0x030038f4                devoptab_list
 *(.gnu.linkonce.d*)
                0x03003980                        . = ALIGN (0x4)
                0x0801c798                        __preinit_lma = (__data_lma + SIZEOF (.data))

.igot.plt       0x03003980        0x0 load address 0x0801c798
 .igot.plt      0x03003980        0x0 /opt/devkitpro/devkitARM/lib/gcc/arm-none-eabi/16.1.0/../../../../arm-none-eabi/lib/thumb/gba_crt0.o

.preinit_array  0x03003980        0x0 load address 0x0801c798
                0x03003980                        __preinit_array_start = ABSOLUTE (.)
 *(.preinit_array)
                0x03003980                        __preinit_array_end = ABSOLUTE (.)
                0x0801c798                        __init_lma = (__preinit_lma + SIZEOF (.preinit_array))

.init_array     0x03003980        0x4 load address 0x0801c798
                0x03003980                        __init_array_start = ABSOLUTE (.)
 *(SORT_BY_NAME(.init_array.*))
 *(.init_array)
 .init_array    0x03003980        0x4 /opt/devkitpro/devkitARM/lib/gcc/arm-none-eabi/16.1.0/thumb/crtbegin.o
                0x03003984                        __init_array_end = ABSOLUTE (.)
                0x0801c79c                        __fini_lma = (__init_lma + SIZEOF (.init_array))

.fini_array     0x03003984        0x4 load address 0x0801c79c
                0x03003984                        __fini_array_start = ABSOLUTE (.)
 *(SORT_BY_NAME(.fini_array.*))
 *(.fini_array)
 .fini_array    0x03003984        0x4 /opt/devkitpro/devkitARM/lib/gcc/arm-none-eabi/16.1.0/thumb/crtbegin.o
                0x03003988                        __fini_array_end = ABSOLUTE (.)
                0x0801c7a0                        __jcr_lma = (__fini_lma + SIZEOF (.fini_array))

.jcr
 *(.jcr)
                0x03003988                        __data_end__ = ABSOLUTE (.)
                0x0801c7a0                        __iwram_overlay_lma = (__jcr_lma + SIZEOF (.jcr))
                0x03003988                        __iwram_overlay_start = .

.iwram0         0x03003988        0x0 load address 0x0801c7a0
 *(.iwram0)
                0x03003988                        . = ALIGN (0x4)
                0x0801c7a0                        PROVIDE (__load_start_iwram0 = LOADADDR (.iwram0))
                0x0801c7a0                        PROVIDE (__load_stop_iwram0 = (LOADADDR (.iwram0) + SIZEOF (.iwram0)))

.iwram1         0x03003988        0x0
 *(.iwram1)
                0x03003988                        . = ALIGN (0x4)
                [!provide]                        PROVIDE (__load_start_iwram1 = LOADADDR (.iwram1))
                [!provide]                        PROVIDE (__load_stop_iwram1 = (LOADADDR (.iwram1) + SIZEOF (.iwram1)))

.iwram2         0x03003988        0x0
 *(.iwram2)
                0x03003988                        . = ALIGN (0x4)
                [!provide]                        PROVIDE (__load_start_iwram2 = LOADADDR (.iwram2))
                [!provide]                        PROVIDE (__load_stop_iwram2 = (LOADADDR (.iwram2) + SIZEOF (.iwram2)))

.iwram3         0x03003988        0x0
 *(.iwram3)
                0x03003988                        . = ALIGN (0x4)
                [!provide]                        PROVIDE (__load_start_iwram3 = LOADADDR (.iwram3))
                [!provide]                        PROVIDE (__load_stop_iwram3 = (LOADADDR (.iwram3) + SIZEOF (.iwram3)))

.iwram4         0x03003988        0x0
 *(.iwram4)
                0x03003988                        . = ALIGN (0x4)
                [!provide]                        PROVIDE (__load_start_iwram4 = LOADADDR (.iwram4))
                [!provide]                        PROVIDE (__load_stop_iwram4 = (LOADADDR (.iwram4) + SIZEOF (.iwram4)))

.iwram5         0x03003988        0x0
 *(.iwram5)
                0x03003988                        . = ALIGN (0x4)
                [!provide]                        PROVIDE (__load_start_iwram5 = LOADADDR (.iwram5))
                [!provide]                        PROVIDE (__load_stop_iwram5 = (LOADADDR (.iwram5) + SIZEOF (.iwram5)))

.iwram6         0x03003988        0x0
 *(.iwram6)
                0x03003988                        . = ALIGN (0x4)
                [!provide]                        PROVIDE (__load_start_iwram6 = LOADADDR (.iwram6))
                [!provide]                        PROVIDE (__load_stop_iwram6 = (LOADADDR (.iwram6) + SIZEOF (.iwram6)))

.iwram7         0x03003988        0x0
 *(.iwram7)
                0x03003988                        . = ALIGN (0x4)
                [!provide]                        PROVIDE (__load_start_iwram7 = LOADADDR (.iwram7))
                [!provide]                        PROVIDE (__load_stop_iwram7 = (LOADADDR (.iwram7) + SIZEOF (.iwram7)))

.iwram8         0x03003988        0x0
 *(.iwram8)
                0x03003988                        . = ALIGN (0x4)
                [!provide]                        PROVIDE (__load_start_iwram8 = LOADADDR (.iwram8))
                [!provide]                        PROVIDE (__load_stop_iwram8 = (LOADADDR (.iwram8) + SIZEOF (.iwram8)))

.iwram9         0x03003988        0x0
 *(.iwram9)
                0x03003988                        . = ALIGN (0x4)
                [!provide]                        PROVIDE (__load_start_iwram9 = LOADADDR (.iwram9))
                [!provide]                        PROVIDE (__load_stop_iwram9 = (LOADADDR (.iwram9) + SIZEOF (.iwram9)))
                0x03003988                        __iwram_overlay_end = .
                0x0801c7a0                        __ewram_lma = (__iwram_overlay_lma + (__iwram_overlay_end - __iwram_overlay_start))
                0x03003988                        __iheap_start = .
                0x02000000                        __ewram_start = ORIGIN (ewram)

.ewram          0x02000000        0x0 load address 0x0801c7a0
 *(.ewram*)
                0x02000000                        . = ALIGN (0x4)
                0x02000000                        __ewram_end = ABSOLUTE (.)
                0x0801c7a0                        __pad_lma = (__ewram_lma + SIZEOF (.ewram))

.sbss           0x02000000        0x0
                0x02000000                        __sbss_start__ = ABSOLUTE (.)
 *(.sbss*)
                0x02000000                        . = ALIGN (0x4)
                0x02000000                        __sbss_end__ = ABSOLUTE (.)
                0x02000000                        __end__ = ABSOLUTE (.)
                0x02000000                        __eheap_start = ABSOLUTE (.)

.pad            0x02000000        0x8 load address 0x0801c7a0
                0x02000000        0x4 LONG 0x52416b64
                0x02000004        0x4 LONG 0x4d
                0x02000008                        . = ALIGN (0x4)
                0x0801c7a8                        __rom_end__ = (__pad_lma + SIZEOF (.pad))

.rel.dyn        0x02000008        0x0 load address 0x0801c7a8
 .rel.iplt      0x02000008        0x0 /opt/devkitpro/devkitARM/lib/gcc/arm-none-eabi/16.1.0/../../../../arm-none-eabi/lib/thumb/gba_crt0.o

.stab
 *(.stab)

.stabstr
 *(.stabstr)

.stab.excl
 *(.stab.excl)

.stab.exclstr
 *(.stab.exclstr)

.stab.index
 *(.stab.index)

.stab.indexstr
 *(.stab.indexstr)

.comment        0x00000000       0x3b
 *(.comment)
 .comment       0x00000000       0x3b /opt/devkitpro/devkitARM/lib/gcc/arm-none-eabi/16.1.0/thumb/crtbegin.o
                                 0x19 (size before relaxing)
 .comment       0x0000003b        0x0 image.o
                                 0x19 (size before relaxing)
 .comment       0x0000003b        0x0 welcome_screen_music.o
                                 0x19 (size before relaxing)
 .comment       0x0000003b        0x0 /opt/devkitpro/libgba/lib/libgba.a(interrupt.o)
                                 0x24 (size before relaxing)
 .comment       0x0000003b        0x0 /opt/devkitpro/devkitARM/lib/gcc/arm-none-eabi/16.1.0/thumb/libgcc.a(_udivmoddi4.o)
                                 0x19 (size before relaxing)
 .comment       0x0000003b        0x0 /opt/devkitpro/devkitARM/lib/gcc/arm-none-eabi/16.1.0/thumb/crtend.o
                                 0x19 (size before relaxing)

.debug
 *(.debug)

.line
 *(.line)

.debug_srcinfo
 *(.debug_srcinfo)

.debug_sfnames
 *(.debug_sfnames)

.debug_aranges  0x00000000      0x1c0
 *(.debug_aranges)
 .debug_aranges
                0x00000000       0x18 image.o
 .debug_aranges
                0x00000018       0x28 welcome_screen_music.o
 .debug_aranges
                0x00000040       0x20 /opt/devkitpro/libgba/lib/libgba.a(interrupt.o)
 .debug_aranges
                0x00000060       0x20 /opt/devkitpro/libgba/lib/libgba.a(InterruptDispatcher.o)
 .debug_aranges
                0x00000080       0x20 /opt/devkitpro/devkitARM/lib/gcc/arm-none-eabi/16.1.0/thumb/libgcc.a(_divsi3.o)
 .debug_aranges
                0x000000a0       0x20 /opt/devkitpro/devkitARM/lib/gcc/arm-none-eabi/16.1.0/thumb/libgcc.a(_dvmd_tls.o)
 .debug_aranges
                0x000000c0       0x20 /opt/devkitpro/devkitARM/lib/gcc/arm-none-eabi/16.1.0/thumb/libgcc.a(_call_via_rX.o)
 .debug_aranges
                0x000000e0       0x20 /opt/devkitpro/devkitARM/lib/gcc/arm-none-eabi/16.1.0/thumb/libgcc.a(_thumb1_case_uqi.o)
 .debug_aranges
                0x00000100       0x20 /opt/devkitpro/devkitARM/lib/gcc/arm-none-eabi/16.1.0/thumb/libgcc.a(_thumb1_case_uhi.o)
 .debug_aranges
                0x00000120       0x20 /opt/devkitpro/devkitARM/lib/gcc/arm-none-eabi/16.1.0/thumb/libgcc.a(_udivsi3.o)
 .debug_aranges
                0x00000140       0x20 /opt/devkitpro/devkitARM/lib/gcc/arm-none-eabi/16.1.0/thumb/libgcc.a(_aeabi_uldivmod.o)
 .debug_aranges
                0x00000160       0x20 /opt/devkitpro/devkitARM/lib/gcc/arm-none-eabi/16.1.0/thumb/libgcc.a(_udivmoddi4.o)
 .debug_aranges
                0x00000180       0x20 /opt/devkitpro/devkitARM/lib/gcc/arm-none-eabi/16.1.0/thumb/libgcc.a(_clzdi2.o)
 .debug_aranges
                0x000001a0       0x20 /opt/devkitpro/devkitARM/lib/gcc/arm-none-eabi/16.1.0/thumb/libgcc.a(_clzsi2.o)

.debug_pubnames
 *(.debug_pubnames)

.debug_info     0x00000000     0x124a
 *(.debug_info)
 .debug_info    0x00000000       0x8c image.o
 .debug_info    0x0000008c      0x75d welcome_screen_music.o
 .debug_info    0x000007e9      0x418 /opt/devkitpro/libgba/lib/libgba.a(interrupt.o)
 .debug_info    0x00000c01       0x25 /opt/devkitpro/libgba/lib/libgba.a(InterruptDispatcher.o)
 .debug_info    0x00000c26       0x3e /opt/devkitpro/devkitARM/lib/gcc/arm-none-eabi/16.1.0/thumb/libgcc.a(_divsi3.o)
 .debug_info    0x00000c64       0x3c /opt/devkitpro/devkitARM/lib/gcc/arm-none-eabi/16.1.0/thumb/libgcc.a(_dvmd_tls.o)
 .debug_info    0x00000ca0       0xda /opt/devkitpro/devkitARM/lib/gcc/arm-none-eabi/16.1.0/thumb/libgcc.a(_call_via_rX.o)
 .debug_info    0x00000d7a       0x31 /opt/devkitpro/devkitARM/lib/gcc/arm-none-eabi/16.1.0/thumb/libgcc.a(_thumb1_case_uqi.o)
 .debug_info    0x00000dab       0x31 /opt/devkitpro/devkitARM/lib/gcc/arm-none-eabi/16.1.0/thumb/libgcc.a(_thumb1_case_uhi.o)
 .debug_info    0x00000ddc       0x3e /opt/devkitpro/devkitARM/lib/gcc/arm-none-eabi/16.1.0/thumb/libgcc.a(_udivsi3.o)
 .debug_info    0x00000e1a       0x24 /opt/devkitpro/devkitARM/lib/gcc/arm-none-eabi/16.1.0/thumb/libgcc.a(_aeabi_uldivmod.o)
 .debug_info    0x00000e3e      0x3aa /opt/devkitpro/devkitARM/lib/gcc/arm-none-eabi/16.1.0/thumb/libgcc.a(_udivmoddi4.o)
 .debug_info    0x000011e8       0x31 /opt/devkitpro/devkitARM/lib/gcc/arm-none-eabi/16.1.0/thumb/libgcc.a(_clzdi2.o)
 .debug_info    0x00001219       0x31 /opt/devkitpro/devkitARM/lib/gcc/arm-none-eabi/16.1.0/thumb/libgcc.a(_clzsi2.o)

.debug_abbrev   0x00000000      0x872
 *(.debug_abbrev)
 .debug_abbrev  0x00000000       0x70 image.o
 .debug_abbrev  0x00000070      0x357 welcome_screen_music.o
 .debug_abbrev  0x000003c7      0x21f /opt/devkitpro/libgba/lib/libgba.a(interrupt.o)
 .debug_abbrev  0x000005e6       0x14 /opt/devkitpro/libgba/lib/libgba.a(InterruptDispatcher.o)
 .debug_abbrev  0x000005fa       0x28 /opt/devkitpro/devkitARM/lib/gcc/arm-none-eabi/16.1.0/thumb/libgcc.a(_divsi3.o)
 .debug_abbrev  0x00000622       0x26 /opt/devkitpro/devkitARM/lib/gcc/arm-none-eabi/16.1.0/thumb/libgcc.a(_dvmd_tls.o)
 .debug_abbrev  0x00000648       0x28 /opt/devkitpro/devkitARM/lib/gcc/arm-none-eabi/16.1.0/thumb/libgcc.a(_call_via_rX.o)
 .debug_abbrev  0x00000670       0x28 /opt/devkitpro/devkitARM/lib/gcc/arm-none-eabi/16.1.0/thumb/libgcc.a(_thumb1_case_uqi.o)
 .debug_abbrev  0x00000698       0x28 /opt/devkitpro/devkitARM/lib/gcc/arm-none-eabi/16.1.0/thumb/libgcc.a(_thumb1_case_uhi.o)
 .debug_abbrev  0x000006c0       0x28 /opt/devkitpro/devkitARM/lib/gcc/arm-none-eabi/16.1.0/thumb/libgcc.a(_udivsi3.o)
 .debug_abbrev  0x000006e8       0x14 /opt/devkitpro/devkitARM/lib/gcc/arm-none-eabi/16.1.0/thumb/libgcc.a(_aeabi_uldivmod.o)
 .debug_abbrev  0x000006fc      0x126 /opt/devkitpro/devkitARM/lib/gcc/arm-none-eabi/16.1.0/thumb/libgcc.a(_udivmoddi4.o)
 .debug_abbrev  0x00000822       0x28 /opt/devkitpro/devkitARM/lib/gcc/arm-none-eabi/16.1.0/thumb/libgcc.a(_clzdi2.o)
 .debug_abbrev  0x0000084a       0x28 /opt/devkitpro/devkitARM/lib/gcc/arm-none-eabi/16.1.0/thumb/libgcc.a(_clzsi2.o)

.debug_line     0x00000000     0x1333
 *(.debug_line)
 .debug_line    0x00000000       0x7a image.o
 .debug_line    0x0000007a      0x3f0 welcome_screen_music.o
 .debug_line    0x0000046a      0x950 /opt/devkitpro/libgba/lib/libgba.a(interrupt.o)
 .debug_line    0x00000dba       0x78 /opt/devkitpro/libgba/lib/libgba.a(InterruptDispatcher.o)
 .debug_line    0x00000e32       0x73 /opt/devkitpro/devkitARM/lib/gcc/arm-none-eabi/16.1.0/thumb/libgcc.a(_divsi3.o)
 .debug_line    0x00000ea5       0x4a /opt/devkitpro/devkitARM/lib/gcc/arm-none-eabi/16.1.0/thumb/libgcc.a(_dvmd_tls.o)
 .debug_line    0x00000eef       0x58 /opt/devkitpro/devkitARM/lib/gcc/arm-none-eabi/16.1.0/thumb/libgcc.a(_call_via_rX.o)
 .debug_line    0x00000f47       0x52 /opt/devkitpro/devkitARM/lib/gcc/arm-none-eabi/16.1.0/thumb/libgcc.a(_thumb1_case_uqi.o)
 .debug_line    0x00000f99       0x53 /opt/devkitpro/devkitARM/lib/gcc/arm-none-eabi/16.1.0/thumb/libgcc.a(_thumb1_case_uhi.o)
 .debug_line    0x00000fec       0x67 /opt/devkitpro/devkitARM/lib/gcc/arm-none-eabi/16.1.0/thumb/libgcc.a(_udivsi3.o)
 .debug_line    0x00001053       0x4e /opt/devkitpro/devkitARM/lib/gcc/arm-none-eabi/16.1.0/thumb/libgcc.a(_aeabi_uldivmod.o)
 .debug_line    0x000010a1      0x1e7 /opt/devkitpro/devkitARM/lib/gcc/arm-none-eabi/16.1.0/thumb/libgcc.a(_udivmoddi4.o)
 .debug_line    0x00001288       0x54 /opt/devkitpro/devkitARM/lib/gcc/arm-none-eabi/16.1.0/thumb/libgcc.a(_clzdi2.o)
 .debug_line    0x000012dc       0x57 /opt/devkitpro/devkitARM/lib/gcc/arm-none-eabi/16.1.0/thumb/libgcc.a(_clzsi2.o)

.debug_frame    0x00000000      0x1c4
 *(.debug_frame)
 .debug_frame   0x00000000       0x6c welcome_screen_music.o
 .debug_frame   0x0000006c       0xb0 /opt/devkitpro/libgba/lib/libgba.a(interrupt.o)
 .debug_frame   0x0000011c       0x20 /opt/devkitpro/devkitARM/lib/gcc/arm-none-eabi/16.1.0/thumb/libgcc.a(_divsi3.o)
 .debug_frame   0x0000013c       0x20 /opt/devkitpro/devkitARM/lib/gcc/arm-none-eabi/16.1.0/thumb/libgcc.a(_udivsi3.o)
 .debug_frame   0x0000015c       0x2c /opt/devkitpro/devkitARM/lib/gcc/arm-none-eabi/16.1.0/thumb/libgcc.a(_aeabi_uldivmod.o)
 .debug_frame   0x00000188       0x3c /opt/devkitpro/devkitARM/lib/gcc/arm-none-eabi/16.1.0/thumb/libgcc.a(_udivmoddi4.o)

.debug_str      0x00000000      0xf04
 *(.debug_str)
 .debug_str     0x00000000      0xf04 image.o
                                0x13d (size before relaxing)
 .debug_str     0x00000f04        0x0 welcome_screen_music.o
                                0x4d3 (size before relaxing)
 .debug_str     0x00000f04        0x0 /opt/devkitpro/libgba/lib/libgba.a(interrupt.o)
                                0x334 (size before relaxing)
 .debug_str     0x00000f04        0x0 /opt/devkitpro/libgba/lib/libgba.a(InterruptDispatcher.o)
                                 0xba (size before relaxing)
 .debug_str     0x00000f04        0x0 /opt/devkitpro/devkitARM/lib/gcc/arm-none-eabi/16.1.0/thumb/libgcc.a(_divsi3.o)
                                 0xf4 (size before relaxing)
 .debug_str     0x00000f04        0x0 /opt/devkitpro/devkitARM/lib/gcc/arm-none-eabi/16.1.0/thumb/libgcc.a(_dvmd_tls.o)
                                 0xf7 (size before relaxing)
 .debug_str     0x00000f04        0x0 /opt/devkitpro/devkitARM/lib/gcc/arm-none-eabi/16.1.0/thumb/libgcc.a(_call_via_rX.o)
                                0x19e (size before relaxing)
 .debug_str     0x00000f04        0x0 /opt/devkitpro/devkitARM/lib/gcc/arm-none-eabi/16.1.0/thumb/libgcc.a(_thumb1_case_uqi.o)
                                 0xf1 (size before relaxing)
 .debug_str     0x00000f04        0x0 /opt/devkitpro/devkitARM/lib/gcc/arm-none-eabi/16.1.0/thumb/libgcc.a(_thumb1_case_uhi.o)
                                 0xf1 (size before relaxing)
 .debug_str     0x00000f04        0x0 /opt/devkitpro/devkitARM/lib/gcc/arm-none-eabi/16.1.0/thumb/libgcc.a(_udivsi3.o)
                                 0xf6 (size before relaxing)
 .debug_str     0x00000f04        0x0 /opt/devkitpro/devkitARM/lib/gcc/arm-none-eabi/16.1.0/thumb/libgcc.a(_aeabi_uldivmod.o)
                                 0xd7 (size before relaxing)
 .debug_str     0x00000f04        0x0 /opt/devkitpro/devkitARM/lib/gcc/arm-none-eabi/16.1.0/thumb/libgcc.a(_udivmoddi4.o)
                                0x686 (size before relaxing)
 .debug_str     0x00000f04        0x0 /opt/devkitpro/devkitARM/lib/gcc/arm-none-eabi/16.1.0/thumb/libgcc.a(_clzdi2.o)
                                 0xe4 (size before relaxing)
 .debug_str     0x00000f04        0x0 /opt/devkitpro/devkitARM/lib/gcc/arm-none-eabi/16.1.0/thumb/libgcc.a(_clzsi2.o)
                                 0xe4 (size before relaxing)

.debug_loc
 *(.debug_loc)

.debug_macinfo
 *(.debug_macinfo)

.debug_weaknames
 *(.debug_weaknames)

.debug_funcnames
 *(.debug_funcnames)

.debug_typenames
 *(.debug_typenames)

.debug_varnames
 *(.debug_varnames)

.stack          0x00080000        0x0
                0x00080000                        _stack = .
 *(.stack)

.note.gnu.arm.ident
 *(.note.gnu.arm.ident)

.ARM.attributes
                0x00000000       0x2c
 *(.ARM.attributes)
 .ARM.attributes
                0x00000000       0x20 /opt/devkitpro/devkitARM/lib/gcc/arm-none-eabi/16.1.0/../../../../arm-none-eabi/lib/thumb/gba_crt0.o
 .ARM.attributes
                0x00000020       0x1c /opt/devkitpro/devkitARM/lib/gcc/arm-none-eabi/16.1.0/thumb/crti.o
 .ARM.attributes
                0x0000003c       0x2a /opt/devkitpro/devkitARM/lib/gcc/arm-none-eabi/16.1.0/thumb/crtbegin.o
 .ARM.attributes
                0x00000066       0x1a soundbank.bin.o
 .ARM.attributes
                0x00000080       0x2a image.o
 .ARM.attributes
                0x000000aa       0x2a welcome_screen_music.o
 .ARM.attributes
                0x000000d4       0x1a /opt/devkitpro/libgba/lib/libmm.a(mm_mas.o)
 .ARM.attributes
                0x000000ee       0x1a /opt/devkitpro/libgba/lib/libmm.a(mm_main.o)
 .ARM.attributes
                0x00000108       0x1a /opt/devkitpro/libgba/lib/libmm.a(mm_mas_arm.o)
 .ARM.attributes
                0x00000122       0x1a /opt/devkitpro/libgba/lib/libmm.a(mm_mixer_gba.o)
 .ARM.attributes
                0x0000013c       0x1a /opt/devkitpro/libgba/lib/libmm.a(mm_init_default.o)
 .ARM.attributes
                0x00000156       0x1a /opt/devkitpro/libgba/lib/libmm.a(mm_main_gba.o)
 .ARM.attributes
                0x00000170       0x1a /opt/devkitpro/libgba/lib/libmm.a(mm_effect.o)
 .ARM.attributes
                0x0000018a       0x2a /opt/devkitpro/libgba/lib/libgba.a(interrupt.o)
 .ARM.attributes
                0x000001b4       0x1a /opt/devkitpro/libgba/lib/libgba.a(InterruptDispatcher.o)
 .ARM.attributes
                0x000001ce       0x1c /opt/devkitpro/devkitARM/lib/gcc/arm-none-eabi/16.1.0/thumb/libgcc.a(_divsi3.o)
 .ARM.attributes
                0x000001ea       0x1c /opt/devkitpro/devkitARM/lib/gcc/arm-none-eabi/16.1.0/thumb/libgcc.a(_dvmd_tls.o)
 .ARM.attributes
                0x00000206       0x1c /opt/devkitpro/devkitARM/lib/gcc/arm-none-eabi/16.1.0/thumb/libgcc.a(_call_via_rX.o)
 .ARM.attributes
                0x00000222       0x1c /opt/devkitpro/devkitARM/lib/gcc/arm-none-eabi/16.1.0/thumb/libgcc.a(_sync_none.o)
 .ARM.attributes
                0x0000023e       0x2a /opt/devkitpro/devkitARM/lib/gcc/arm-none-eabi/16.1.0/../../../../arm-none-eabi/lib/thumb/libg.a(libc_a-memset.o)
 .ARM.attributes
                0x00000268       0x2a /opt/devkitpro/devkitARM/lib/gcc/arm-none-eabi/16.1.0/../../../../arm-none-eabi/lib/thumb/libg.a(libc_a-init.o)
 .ARM.attributes
                0x00000292       0x2a /opt/devkitpro/devkitARM/lib/gcc/arm-none-eabi/16.1.0/../../../../arm-none-eabi/lib/thumb/libg.a(libc_a-malloc.o)
 .ARM.attributes
                0x000002bc       0x2a /opt/devkitpro/devkitARM/lib/gcc/arm-none-eabi/16.1.0/../../../../arm-none-eabi/lib/thumb/libg.a(libc_a-iprintf.o)
 .ARM.attributes
                0x000002e6       0x2a /opt/devkitpro/devkitARM/lib/gcc/arm-none-eabi/16.1.0/../../../../arm-none-eabi/lib/thumb/libg.a(libc_a-vfiprintf.o)
 .ARM.attributes
                0x00000310       0x2a /opt/devkitpro/devkitARM/lib/gcc/arm-none-eabi/16.1.0/../../../../arm-none-eabi/lib/thumb/libg.a(libc_a-strlen.o)
 .ARM.attributes
                0x0000033a       0x2a /opt/devkitpro/devkitARM/lib/gcc/arm-none-eabi/16.1.0/../../../../arm-none-eabi/lib/thumb/libg.a(libc_a-wcrtomb.o)
 .ARM.attributes
                0x00000364       0x2a /opt/devkitpro/devkitARM/lib/gcc/arm-none-eabi/16.1.0/../../../../arm-none-eabi/lib/thumb/libg.a(libc_a-svfiprintf.o)
 .ARM.attributes
                0x0000038e       0x2a /opt/devkitpro/devkitARM/lib/gcc/arm-none-eabi/16.1.0/../../../../arm-none-eabi/lib/thumb/libg.a(libc_a-ssprint_r.o)
 .ARM.attributes
                0x000003b8       0x2a /opt/devkitpro/devkitARM/lib/gcc/arm-none-eabi/16.1.0/../../../../arm-none-eabi/lib/thumb/libg.a(libc_a-malignr.o)
 .ARM.attributes
                0x000003e2       0x2a /opt/devkitpro/devkitARM/lib/gcc/arm-none-eabi/16.1.0/../../../../arm-none-eabi/lib/thumb/libg.a(libc_a-locale.o)
 .ARM.attributes
                0x0000040c       0x2a /opt/devkitpro/devkitARM/lib/gcc/arm-none-eabi/16.1.0/../../../../arm-none-eabi/lib/thumb/libg.a(libc_a-fflush.o)
 .ARM.attributes
                0x00000436       0x2a /opt/devkitpro/devkitARM/lib/gcc/arm-none-eabi/16.1.0/../../../../arm-none-eabi/lib/thumb/libg.a(libc_a-sprint_r.o)
 .ARM.attributes
                0x00000460       0x2a /opt/devkitpro/devkitARM/lib/gcc/arm-none-eabi/16.1.0/../../../../arm-none-eabi/lib/thumb/libg.a(libc_a-mallocr.o)
 .ARM.attributes
                0x0000048a       0x1a /opt/devkitpro/devkitARM/lib/gcc/arm-none-eabi/16.1.0/../../../../arm-none-eabi/lib/thumb/libg.a(libc_a-strcmp.o)
 .ARM.attributes
                0x000004a4       0x2a /opt/devkitpro/devkitARM/lib/gcc/arm-none-eabi/16.1.0/../../../../arm-none-eabi/lib/thumb/libg.a(libc_a-freer.o)
 .ARM.attributes
                0x000004ce       0x2a /opt/devkitpro/devkitARM/lib/gcc/arm-none-eabi/16.1.0/../../../../arm-none-eabi/lib/thumb/libg.a(libc_a-findfp.o)
 .ARM.attributes
                0x000004f8       0x2a /opt/devkitpro/devkitARM/lib/gcc/arm-none-eabi/16.1.0/../../../../arm-none-eabi/lib/thumb/libg.a(libc_a-strtol.o)
 .ARM.attributes
                0x00000522       0x2a /opt/devkitpro/devkitARM/lib/gcc/arm-none-eabi/16.1.0/../../../../arm-none-eabi/lib/thumb/libg.a(libc_a-strncpy.o)
 .ARM.attributes
                0x0000054c       0x2a /opt/devkitpro/devkitARM/lib/gcc/arm-none-eabi/16.1.0/../../../../arm-none-eabi/lib/thumb/libg.a(libc_a-memchr-stub.o)
 .ARM.attributes
                0x00000576       0x2a /opt/devkitpro/devkitARM/lib/gcc/arm-none-eabi/16.1.0/../../../../arm-none-eabi/lib/thumb/libg.a(libc_a-wcsrtombs.o)
 .ARM.attributes
                0x000005a0       0x2a /opt/devkitpro/devkitARM/lib/gcc/arm-none-eabi/16.1.0/../../../../arm-none-eabi/lib/thumb/libg.a(libc_a-wsetup.o)
 .ARM.attributes
                0x000005ca       0x2a /opt/devkitpro/devkitARM/lib/gcc/arm-none-eabi/16.1.0/../../../../arm-none-eabi/lib/thumb/libg.a(libc_a-getenv_r.o)
 .ARM.attributes
                0x000005f4       0x2a /opt/devkitpro/devkitARM/lib/gcc/arm-none-eabi/16.1.0/../../../../arm-none-eabi/lib/thumb/libg.a(libc_a-localeconv.o)
 .ARM.attributes
                0x0000061e       0x2a /opt/devkitpro/devkitARM/lib/gcc/arm-none-eabi/16.1.0/../../../../arm-none-eabi/lib/thumb/libg.a(libc_a-stdio.o)
 .ARM.attributes
                0x00000648       0x2a /opt/devkitpro/devkitARM/lib/gcc/arm-none-eabi/16.1.0/../../../../arm-none-eabi/lib/thumb/libg.a(libc_a-mlock.o)
 .ARM.attributes
                0x00000672       0x2a /opt/devkitpro/devkitARM/lib/gcc/arm-none-eabi/16.1.0/../../../../arm-none-eabi/lib/thumb/libg.a(libc_a-fclose.o)
 .ARM.attributes
                0x0000069c       0x2a /opt/devkitpro/devkitARM/lib/gcc/arm-none-eabi/16.1.0/../../../../arm-none-eabi/lib/thumb/libg.a(libc_a-ssputs_r.o)
 .ARM.attributes
                0x000006c6       0x2a /opt/devkitpro/devkitARM/lib/gcc/arm-none-eabi/16.1.0/../../../../arm-none-eabi/lib/thumb/libg.a(libc_a-wctomb_r.o)
 .ARM.attributes
                0x000006f0       0x2a /opt/devkitpro/devkitARM/lib/gcc/arm-none-eabi/16.1.0/../../../../arm-none-eabi/lib/thumb/libg.a(libc_a-strncmp.o)
 .ARM.attributes
                0x0000071a       0x2a /opt/devkitpro/devkitARM/lib/gcc/arm-none-eabi/16.1.0/../../../../arm-none-eabi/lib/thumb/libg.a(libc_a-wcsnrtombs.o)
 .ARM.attributes
                0x00000744       0x2a /opt/devkitpro/devkitARM/lib/gcc/arm-none-eabi/16.1.0/../../../../arm-none-eabi/lib/thumb/libg.a(libc_a-ctype_.o)
 .ARM.attributes
                0x0000076e       0x2a /opt/devkitpro/devkitARM/lib/gcc/arm-none-eabi/16.1.0/../../../../arm-none-eabi/lib/thumb/libg.a(libc_a-strcat.o)
 .ARM.attributes
                0x00000798       0x2a /opt/devkitpro/devkitARM/lib/gcc/arm-none-eabi/16.1.0/../../../../arm-none-eabi/lib/thumb/libg.a(libc_a-memcpy-stub.o)
 .ARM.attributes
                0x000007c2       0x2a /opt/devkitpro/devkitARM/lib/gcc/arm-none-eabi/16.1.0/../../../../arm-none-eabi/lib/thumb/libg.a(libc_a-envlock.o)
 .ARM.attributes
                0x000007ec       0x2a /opt/devkitpro/devkitARM/lib/gcc/arm-none-eabi/16.1.0/../../../../arm-none-eabi/lib/thumb/libg.a(libc_a-impure.o)
 .ARM.attributes
                0x00000816       0x2a /opt/devkitpro/devkitARM/lib/gcc/arm-none-eabi/16.1.0/../../../../arm-none-eabi/lib/thumb/libg.a(libc_a-fwalk.o)
 .ARM.attributes
                0x00000840       0x2a /opt/devkitpro/devkitARM/lib/gcc/arm-none-eabi/16.1.0/../../../../arm-none-eabi/lib/thumb/libg.a(libc_a-strlcpy.o)
 .ARM.attributes
                0x0000086a       0x2a /opt/devkitpro/devkitARM/lib/gcc/arm-none-eabi/16.1.0/../../../../arm-none-eabi/lib/thumb/libg.a(libc_a-strcasecmp.o)
 .ARM.attributes
                0x00000894       0x2a /opt/devkitpro/devkitARM/lib/gcc/arm-none-eabi/16.1.0/../../../../arm-none-eabi/lib/thumb/libg.a(libc_a-mbtowc_r.o)
 .ARM.attributes
                0x000008be       0x2a /opt/devkitpro/devkitARM/lib/gcc/arm-none-eabi/16.1.0/../../../../arm-none-eabi/lib/thumb/libg.a(libc_a-strncasecmp.o)
 .ARM.attributes
                0x000008e8       0x2a /opt/devkitpro/devkitARM/lib/gcc/arm-none-eabi/16.1.0/../../../../arm-none-eabi/lib/thumb/libg.a(libc_a-fvwrite.o)
 .ARM.attributes
                0x00000912       0x2a /opt/devkitpro/devkitARM/lib/gcc/arm-none-eabi/16.1.0/../../../../arm-none-eabi/lib/thumb/libg.a(libc_a-strchr.o)
 .ARM.attributes
                0x0000093c       0x2a /opt/devkitpro/devkitARM/lib/gcc/arm-none-eabi/16.1.0/../../../../arm-none-eabi/lib/thumb/libg.a(libc_a-environ.o)
 .ARM.attributes
                0x00000966       0x2a /opt/devkitpro/devkitARM/lib/gcc/arm-none-eabi/16.1.0/../../../../arm-none-eabi/lib/thumb/libg.a(libc_a-errno.o)
 .ARM.attributes
                0x00000990       0x2a /opt/devkitpro/devkitARM/lib/gcc/arm-none-eabi/16.1.0/../../../../arm-none-eabi/lib/thumb/libg.a(libc_a-makebuf.o)
 .ARM.attributes
                0x000009ba       0x2a /opt/devkitpro/devkitARM/lib/gcc/arm-none-eabi/16.1.0/../../../../arm-none-eabi/lib/thumb/libg.a(libc_a-strcpy.o)
 .ARM.attributes
                0x000009e4       0x2a /opt/devkitpro/devkitARM/lib/gcc/arm-none-eabi/16.1.0/../../../../arm-none-eabi/lib/thumb/libg.a(libc_a-memmove.o)
 .ARM.attributes
                0x00000a0e       0x2a /opt/devkitpro/devkitARM/lib/gcc/arm-none-eabi/16.1.0/../../../../arm-none-eabi/lib/thumb/libg.a(libc_a-reallocr.o)
 .ARM.attributes
                0x00000a38       0x2a /opt/devkitpro/devkitARM/lib/gcc/arm-none-eabi/16.1.0/../../../../arm-none-eabi/lib/thumb/libsysbase.a(libsysbase_libsysbase_a-fstat.o)
 .ARM.attributes
                0x00000a62       0x2a /opt/devkitpro/devkitARM/lib/gcc/arm-none-eabi/16.1.0/../../../../arm-none-eabi/lib/thumb/libsysbase.a(libsysbase_libsysbase_a-getreent.o)
 .ARM.attributes
                0x00000a8c       0x2a /opt/devkitpro/devkitARM/lib/gcc/arm-none-eabi/16.1.0/../../../../arm-none-eabi/lib/thumb/libsysbase.a(libsysbase_libsysbase_a-handle_manager.o)
 .ARM.attributes
                0x00000ab6       0x2a /opt/devkitpro/devkitARM/lib/gcc/arm-none-eabi/16.1.0/../../../../arm-none-eabi/lib/thumb/libsysbase.a(libsysbase_libsysbase_a-iosupport.o)
 .ARM.attributes
                0x00000ae0       0x2a /opt/devkitpro/devkitARM/lib/gcc/arm-none-eabi/16.1.0/../../../../arm-none-eabi/lib/thumb/libsysbase.a(libsysbase_libsysbase_a-isatty.o)
 .ARM.attributes
                0x00000b0a       0x2a /opt/devkitpro/devkitARM/lib/gcc/arm-none-eabi/16.1.0/../../../../arm-none-eabi/lib/thumb/libsysbase.a(libsysbase_libsysbase_a-lseek.o)
 .ARM.attributes
                0x00000b34       0x2a /opt/devkitpro/devkitARM/lib/gcc/arm-none-eabi/16.1.0/../../../../arm-none-eabi/lib/thumb/libsysbase.a(libsysbase_libsysbase_a-malloc_vars.o)
 .ARM.attributes
                0x00000b5e       0x2a /opt/devkitpro/devkitARM/lib/gcc/arm-none-eabi/16.1.0/../../../../arm-none-eabi/lib/thumb/libsysbase.a(libsysbase_libsysbase_a-read.o)
 .ARM.attributes
                0x00000b88       0x2a /opt/devkitpro/devkitARM/lib/gcc/arm-none-eabi/16.1.0/../../../../arm-none-eabi/lib/thumb/libsysbase.a(libsysbase_libsysbase_a-sbrk.o)
 .ARM.attributes
                0x00000bb2       0x2a /opt/devkitpro/devkitARM/lib/gcc/arm-none-eabi/16.1.0/../../../../arm-none-eabi/lib/thumb/libsysbase.a(libsysbase_libsysbase_a-syscall_support.o)
 .ARM.attributes
                0x00000bdc       0x2a /opt/devkitpro/devkitARM/lib/gcc/arm-none-eabi/16.1.0/../../../../arm-none-eabi/lib/thumb/libsysbase.a(libsysbase_libsysbase_a-write.o)
 .ARM.attributes
                0x00000c06       0x2a /opt/devkitpro/devkitARM/lib/gcc/arm-none-eabi/16.1.0/../../../../arm-none-eabi/lib/thumb/libsysbase.a(libsysbase_libsysbase_a-clocks.o)
 .ARM.attributes
                0x00000c30       0x1c /opt/devkitpro/devkitARM/lib/gcc/arm-none-eabi/16.1.0/thumb/libgcc.a(_thumb1_case_uqi.o)
 .ARM.attributes
                0x00000c4c       0x1c /opt/devkitpro/devkitARM/lib/gcc/arm-none-eabi/16.1.0/thumb/libgcc.a(_thumb1_case_uhi.o)
 .ARM.attributes
                0x00000c68       0x1c /opt/devkitpro/devkitARM/lib/gcc/arm-none-eabi/16.1.0/thumb/libgcc.a(_udivsi3.o)
 .ARM.attributes
                0x00000c84       0x1c /opt/devkitpro/devkitARM/lib/gcc/arm-none-eabi/16.1.0/thumb/libgcc.a(_aeabi_uldivmod.o)
 .ARM.attributes
                0x00000ca0       0x2a /opt/devkitpro/devkitARM/lib/gcc/arm-none-eabi/16.1.0/thumb/libgcc.a(_muldi3.o)
 .ARM.attributes
                0x00000cca       0x2a /opt/devkitpro/devkitARM/lib/gcc/arm-none-eabi/16.1.0/thumb/libgcc.a(_udivmoddi4.o)
 .ARM.attributes
                0x00000cf4       0x1c /opt/devkitpro/devkitARM/lib/gcc/arm-none-eabi/16.1.0/thumb/libgcc.a(_clzdi2.o)
 .ARM.attributes
                0x00000d10       0x1c /opt/devkitpro/devkitARM/lib/gcc/arm-none-eabi/16.1.0/thumb/libgcc.a(_clzsi2.o)
 .ARM.attributes
                0x00000d2c       0x2a /opt/devkitpro/devkitARM/lib/gcc/arm-none-eabi/16.1.0/thumb/crtend.o
 .ARM.attributes
                0x00000d56       0x1c /opt/devkitpro/devkitARM/lib/gcc/arm-none-eabi/16.1.0/thumb/crtn.o

/DISCARD/
 *(.note.GNU-stack)
LOAD /opt/devkitpro/devkitARM/lib/gcc/arm-none-eabi/16.1.0/../../../../arm-none-eabi/lib/thumb/gba_crt0.o
LOAD /opt/devkitpro/devkitARM/lib/gcc/arm-none-eabi/16.1.0/thumb/crti.o
LOAD /opt/devkitpro/devkitARM/lib/gcc/arm-none-eabi/16.1.0/thumb/crtbegin.o
LOAD soundbank.bin.o
LOAD image.o
LOAD welcome_screen_music.o
LOAD /opt/devkitpro/libgba/lib/libmm.a
LOAD /opt/devkitpro/libgba/lib/libgba.a
START GROUP
LOAD /opt/devkitpro/devkitARM/lib/gcc/arm-none-eabi/16.1.0/thumb/libgcc.a
LOAD /opt/devkitpro/devkitARM/lib/gcc/arm-none-eabi/16.1.0/../../../../arm-none-eabi/lib/thumb/libg.a
LOAD /opt/devkitpro/devkitARM/lib/gcc/arm-none-eabi/16.1.0/../../../../arm-none-eabi/lib/thumb/libc.a
LOAD /opt/devkitpro/devkitARM/lib/gcc/arm-none-eabi/16.1.0/../../../../arm-none-eabi/lib/thumb/libsysbase.a
END GROUP
LOAD /opt/devkitpro/devkitARM/lib/gcc/arm-none-eabi/16.1.0/thumb/crtend.o
LOAD /opt/devkitpro/devkitARM/lib/gcc/arm-none-eabi/16.1.0/thumb/crtn.o
OUTPUT(/Users/christian/Projects/gba-development/GBAProjects/welcome-screen-music/welcome-screen-music.elf elf32-littlearm)
LOAD linker stubs

.debug_loclists
                0x00000000      0x809
 .debug_loclists
                0x00000000      0x26c welcome_screen_music.o
 .debug_loclists
                0x0000026c      0x2f4 /opt/devkitpro/libgba/lib/libgba.a(interrupt.o)
 .debug_loclists
                0x00000560      0x2a9 /opt/devkitpro/devkitARM/lib/gcc/arm-none-eabi/16.1.0/thumb/libgcc.a(_udivmoddi4.o)

.debug_rnglists
                0x00000000       0xc2
 .debug_rnglists
                0x00000000       0x6b welcome_screen_music.o
 .debug_rnglists
                0x0000006b       0x43 /opt/devkitpro/libgba/lib/libgba.a(interrupt.o)
 .debug_rnglists
                0x000000ae       0x14 /opt/devkitpro/devkitARM/lib/gcc/arm-none-eabi/16.1.0/thumb/libgcc.a(_udivmoddi4.o)

.debug_line_str
                0x00000000      0x183
 .debug_line_str
                0x00000000      0x183 /opt/devkitpro/libgba/lib/libgba.a(InterruptDispatcher.o)
                                 0xae (size before relaxing)
 .debug_line_str
                0x00000183        0x0 /opt/devkitpro/devkitARM/lib/gcc/arm-none-eabi/16.1.0/thumb/libgcc.a(_divsi3.o)
                                 0xcd (size before relaxing)
 .debug_line_str
                0x00000183        0x0 /opt/devkitpro/devkitARM/lib/gcc/arm-none-eabi/16.1.0/thumb/libgcc.a(_dvmd_tls.o)
                                 0xcd (size before relaxing)
 .debug_line_str
                0x00000183        0x0 /opt/devkitpro/devkitARM/lib/gcc/arm-none-eabi/16.1.0/thumb/libgcc.a(_call_via_rX.o)
                                 0xcd (size before relaxing)
 .debug_line_str
                0x00000183        0x0 /opt/devkitpro/devkitARM/lib/gcc/arm-none-eabi/16.1.0/thumb/libgcc.a(_thumb1_case_uqi.o)
                                 0xcd (size before relaxing)
 .debug_line_str
                0x00000183        0x0 /opt/devkitpro/devkitARM/lib/gcc/arm-none-eabi/16.1.0/thumb/libgcc.a(_thumb1_case_uhi.o)
                                 0xcd (size before relaxing)
 .debug_line_str
                0x00000183        0x0 /opt/devkitpro/devkitARM/lib/gcc/arm-none-eabi/16.1.0/thumb/libgcc.a(_udivsi3.o)
                                 0xcd (size before relaxing)
 .debug_line_str
                0x00000183        0x0 /opt/devkitpro/devkitARM/lib/gcc/arm-none-eabi/16.1.0/thumb/libgcc.a(_aeabi_uldivmod.o)
                                 0xc9 (size before relaxing)
 .debug_line_str
                0x00000183        0x0 /opt/devkitpro/devkitARM/lib/gcc/arm-none-eabi/16.1.0/thumb/libgcc.a(_clzdi2.o)
                                 0xcd (size before relaxing)
 .debug_line_str
                0x00000183        0x0 /opt/devkitpro/devkitARM/lib/gcc/arm-none-eabi/16.1.0/thumb/libgcc.a(_clzsi2.o)
                                 0xcd (size before relaxing)
